12-14 21:09:18.091 I/wangchen( 3401): KeymapLoader.loadDataById: Global.portrait true, res orientation 1
12-14 21:09:18.091 I/KeymapLoader( 3401): s=0 scale=3.3 self=3.3
12-14 21:09:18.091 I/Monkey  (10507): :Sending Touch (ACTION_UP): 0:(21.003286,1447.094)
12-14 21:09:18.091 I/KeymapLoader( 3401): scaleRes:1.0
12-14 21:09:18.091 I/KeymapLoader( 3401): skin scale=1.0 scaleRes=1.0
12-14 21:09:18.100 I/IFontSizeSetting( 3401): setCandParm getCandStyleParam success
12-14 21:09:18.100 I/IFontSizeSetting( 3401): fontsize 60
12-14 21:09:18.100 I/IFontSizeSetting( 3401): before fontDefSize 60 is DualCand false
12-14 21:09:18.100 I/IFontSizeSetting( 3401): getFontSizePx 1 originalFontSize 60
12-14 21:09:18.100 I/IFontSizeSetting( 3401): after fontDefSize 60
12-14 21:09:18.102 I/Monkey  (10507): :Sending Flip keyboardOpen=false
12-14 21:09:18.103 I/Monkey  (10507): Got IOException performing flipjava.io.IOException: write failed: EINVAL (Invalid argument)
12-14 21:09:18.117 I/Facemoji( 3401): LatinManager=>onInput : key = [KeyExt{mCode=-3, mLabel='123', mHintLabel='null', mWidth=260, mHeight=130, mX=22, mY=493, mHitBox=Rect(15, 493 - 289, 649), mMoreKeys=null, mKey=symbol 22,493 260x130}], x = [145], y = [640], isKeyRepeat = [false]
12-14 21:09:18.117 D/Facemoji( 3401): InputLogic=>onCodeInput
12-14 21:09:18.117 I/Facemoji( 3401): LatinManager=>onInput : key = [KeyExt{mCode=78, mLabel='N', mHintLabel='null', mWidth=260, mHeight=130, mX=22, mY=181, mHitBox=Rect(15, 181 - 289, 337), mMoreKeys=null, mKey=N 22,181 260x130}], x = [21], y = [280], isKeyRepeat = [false]
12-14 21:09:18.117 D/Facemoji( 3401): InputLogic=>onCodeInput
12-14 21:09:18.117 D/Facemoji( 3401): InputLogic=>handleNonFunctionalEvent: codePoint = 78
12-14 21:09:18.117 D/Facemoji( 3401): InputLogic=>handleNonSpecialCharacterEvent : codePoint = 78, inputTransaction.mSpaceState = 0
12-14 21:09:18.117 D/Facemoji( 3401): InputLogic=>handleNonSeparatorEvent : isComposingWord = false, currentLanguageHasSpacestrue
12-14 21:09:18.117 I/Monkey  (10507):     // Injection Failed
12-14 21:09:18.120 D/Facemoji( 3401): InputLogic=>beforeCursorWord[9229], isComposingWord[false]
12-14 21:09:18.129 D/KeyEvent( 1177): obtain, mHwFlags=0
12-14 21:09:18.129 D/HwCustPhoneWindowManager( 1177): answer call by keyCode = 82, down = true, isSupVolumnkeyAnswerCall = false
12-14 21:09:18.129 D/WindowManager( 1177): interceptKeyBeforeQueueing: key 82 , result : 1
12-14 21:09:18.129 D/KeyEvent( 1177): obtain, mHwFlags=216834256
12-14 21:09:18.130 D/Facemoji( 3401): RichInputConnection=>getWordRangeAtCursor, textBeforeCursor = 9229N, textAfterCursor = 2, hasUrlSpans = false, hasSpecialSymbol = true
12-14 21:09:18.130 D/HwGameAssistantController( 1177): Keycontrol mode is 2 for user 0
12-14 21:09:18.130 D/HwPhoneWindowManager( 1177): deviceId:-1 mFingerPrintId:0 isGameKeyControlOn:false,EnableKey=false,mLastKeyDownDropped=false
12-14 21:09:18.131 D/KeyEvent( 1177): obtain, mHwFlags=0
12-14 21:09:18.131 D/KeyEvent( 8771): obtain, mHwFlags=-331029
12-14 21:09:18.131 D/KeyEvent( 1177): obtain, mHwFlags=0
12-14 21:09:18.131 I/GRALLOC (  528): 	 shrFd=10,fmt=0x1,intFmt=0x1,btStrd=768,size=155648,pid=528 
12-14 21:09:18.131 I/GRALLOC (  528): 	 yuv=2,w=180,h=199,Stride u=0 v=0,offset u=0 v=0 
12-14 21:09:18.131 I/GRALLOC (  528): 	 iova_size=155648,conUsg=0xb00,proUsg=0xb00,	 strd=192,[afbc]HdrStrd=0 PyldStrd=0 Scrmbl=0,ionhnd = 1 
12-14 21:09:18.134 D/KeyEvent( 1177): obtain, mHwFlags=0
12-14 21:09:18.134 D/HwCustPhoneWindowManager( 1177): answer call by keyCode = 82, down = false, isSupVolumnkeyAnswerCall = false
12-14 21:09:18.134 D/WindowManager( 1177): interceptKeyBeforeQueueing: key 82 , result : 1
12-14 21:09:18.135 D/KeyEvent( 1177): obtain, mHwFlags=216834256
12-14 21:09:18.137 D/HwPhoneWindowManager( 1177): deviceId:-1 mFingerPrintId:0 isGameKeyControlOn:false,EnableKey=false,mLastKeyDownDropped=false
12-14 21:09:18.137 D/KeyEvent( 3401): obtain, mHwFlags=0
12-14 21:09:18.144 D/Facemoji( 3401): InputLogic=>restartSuggestionsOnWordTouchedByCursor
12-14 21:09:18.144 D/KeyEvent( 1177): obtain, mHwFlags=0
12-14 21:09:18.144 D/KeyEvent( 8771): obtain, mHwFlags=-331029
12-14 21:09:18.144 I/Facemoji( 3401): LatinManager=>showSuggestionStrip : suggestedWords = [SuggestedWords: mTypedWordValid=false mWillAutoCorrect=false mInputStyle=0 words=[]]
12-14 21:09:18.144 D/KeyEvent( 1177): obtain, mHwFlags=0
12-14 21:09:18.144 D/KeyEvent( 3401): obtain, mHwFlags=0
12-14 21:09:18.147 V/WindowManager( 1177): Adding Window{746e70c u0 AtchDlg:com.cootek.test/com.cootek.test.EditTextTest01} to Window{e7dc5e0 u0 com.cootek.test/com.cootek.test.MainActivity}
12-14 21:09:18.148 V/HwPhoneWindowManager( 1177): updateSystemUiColorLw window=Window{746e70c u0 AtchDlg:com.cootek.test/com.cootek.test.EditTextTest01},EmuiStyle=0,StatusBarColor=0x0,NavigationBarColor=0x0, mLastIsEmuiLightStyle=-1, mForceNotchStatusBar=false
12-14 21:09:18.148 D/HwPhoneWindowManager( 1177): Transact:setSystemUIColor to status bar service
12-14 21:09:18.148 I/CommandQueue( 1491): updateBarBgColor
12-14 21:09:18.148 D/CommandQueue( 1491): CommandQueue, setBarBackgroundColor
12-14 21:09:18.148 D/TintManager( 1491): statusBarIconTint=#99FFFFFF,navigationBarIconTint=#00000000
12-14 21:09:18.148 V/WindowManager( 1177): addWindow: New client android.os.BinderProxy@134d23f: window=Window{746e70c u0 AtchDlg:com.cootek.test/com.cootek.test.EditTextTest01} Callers=com.android.server.wm.HwWindowManagerService.addWindow:574 com.android.server.wm.Session.addToDisplay:199 android.view.IWindowSession$Stub.onTransact:124 com.android.server.wm.Session.onTransact:161 android.os.Binder.execTransact:675 
12-14 21:09:18.149 V/PhoneStatusBar( 1491): setLightsOn(true)
12-14 21:09:18.149 V/AudioManager( 8771): playSoundEffect   effectType: 0
12-14 21:09:18.151 I/PressGestureDetector( 8771): enabledInPad = false,isPcCastMode = false
12-14 21:09:18.155 V/PhoneStatusBar( 1491): setLightsOn(true)
12-14 21:09:18.155 I/Monkey  (10507): :Sending Touch (ACTION_DOWN): 0:(978.0,1595.0)
12-14 21:09:18.157 I/Facemoji( 3401): LatinManager=>onPressKey : primaryCode = [-5], repeatCount = [0], isSinglePointer = [true]
12-14 21:09:18.157 I/Facemoji( 3401): LatinManager=>onPressKey : primaryCode = [35], repeatCount = [0], isSinglePointer = [true]
12-14 21:09:18.157 V/PhoneStatusBar( 1491): setLightsOn(true)
12-14 21:09:18.158 W/WindowManager( 1177): EGLdebug Created surface WindowStateAnimator{2de3855 AtchDlg:com.cootek.test/com.cootek.test.EditTextTest01}
12-14 21:09:18.160 I/Monkey  (10507): :Sending Touch (ACTION_UP): 0:(965.0935,1661.4137)
12-14 21:09:18.160 I/Facemoji( 3401): LatinManager=>onInput : key = [KeyExt{mCode=-5, mLabel='null', mHintLabel='null', mWidth=218, mHeight=130, mX=841, mY=337, mHitBox=Rect(834, 337 - 1065, 493), mMoreKeys=null, mKey=delete 841,337 218x130}], x = [865], y = [446], isKeyRepeat = [false]
12-14 21:09:18.160 D/Facemoji( 3401): InputLogic=>onCodeInput
12-14 21:09:18.160 V/PhoneStatusBar( 1491): setLightsOn(true)
12-14 21:09:18.167 I/GRALLOC (  528): 	 shrFd=10,fmt=0x1,intFmt=0x1,btStrd=4352,size=1900544,pid=528 
12-14 21:09:18.167 I/GRALLOC (  528): 	 yuv=2,w=1080,h=434,Stride u=0 v=0,offset u=0 v=0 
12-14 21:09:18.167 I/GRALLOC (  528): 	 iova_size=1900544,conUsg=0x906,proUsg=0x966,	 strd=1088,[afbc]HdrStrd=0 PyldStrd=0 Scrmbl=0,ionhnd = 1 
12-14 21:09:18.171 E/Input   (10507): getAxisValue(): x--3.0-0.0--3.0
12-14 21:09:18.171 E/Input   (10507): getAxisValue(): y--3.0-0.0--3.0
12-14 21:09:18.171 I/Monkey  (10507): :Sending Trackball (ACTION_MOVE): 0:(-3.0,-3.0)
12-14 21:09:18.172 D/WindowManager( 1177): finishDrawingWindow: Window{746e70c u0 AtchDlg:com.cootek.test/com.cootek.test.EditTextTest01} mDrawState=DRAW_PENDING
12-14 21:09:18.174 V/PhoneStatusBar( 1491): setLightsOn(true)
12-14 21:09:18.175 V/PhoneStatusBar( 1491): setLightsOn(true)
12-14 21:09:18.176 D/KeyEvent( 1177): obtain, mHwFlags=0
12-14 21:09:18.177 D/HwCustPhoneWindowManager( 1177): answer call by keyCode = 19, down = true, isSupVolumnkeyAnswerCall = false
12-14 21:09:18.177 D/WindowManager( 1177): interceptKeyBeforeQueueing: key 19 , result : 1
12-14 21:09:18.177 D/KeyEvent( 1177): obtain, mHwFlags=216834256
12-14 21:09:18.178 D/HwGameAssistantController( 1177): Keycontrol mode is 2 for user 0
12-14 21:09:18.178 D/HwPhoneWindowManager( 1177): deviceId:-1 mFingerPrintId:0 isGameKeyControlOn:false,EnableKey=false,mLastKeyDownDropped=false
12-14 21:09:18.185 D/HwArpVerifier( 1177): performPollAndLog:
12-14 21:09:18.186 V/WindowManager( 1177): Exit animation finished in Window{213cc8 u0 PopupWindow:6c3d693 EXITING}: remove=true
12-14 21:09:18.186 E/WindowManager( 1177): win=Window{213cc8 u0 PopupWindow:6c3d693 EXITING} destroySurfaces: appStopped=false win.mWindowRemovalAllowed=true win.mRemoveOnExit=true
12-14 21:09:18.186 I/WindowManager( 1177): Destroying surface Surface(name=PopupWindow:6c3d693) called by com.android.server.wm.WindowStateAnimator.destroySurface:2072 com.android.server.wm.WindowStateAnimator.destroySurfaceLocked:884 com.android.server.wm.HwWindowStateAnimator.destroySurfaceLocked:1006 com.android.server.wm.WindowState.destroyOrSaveSurfaceUnchecked:2998 com.android.server.wm.WindowState.destroySurface:2951 com.android.server.wm.WindowState.destroySurface:2933 com.android.server.wm.AppWindowToken.destroySurfaces:664 com.android.server.wm.AppWindowToken.destroySurfaces:648 
12-14 21:09:18.186 V/WindowManager( 1177): postWindowRemoveCleanupLocked: Window{213cc8 u0 PopupWindow:6c3d693}
12-14 21:09:18.186 V/WindowManager( 1177): Removing Window{213cc8 u0 PopupWindow:6c3d693} from AppWindowToken{a788780 token=Token{de79c03 ActivityRecord{d39f4b2 u0 com.cootek.test/.MainActivity t3}}}
12-14 21:09:18.187 D/hw_netstat( 1177): total/752/1229,unknown:0/585/284,com.cootek.smartinputv5/52/790,android.uid.system:1000/115/155
12-14 21:09:18.187 V/PhoneStatusBar( 1491): setLightsOn(true)
12-14 21:09:18.190 V/PhoneStatusBar( 1491): setLightsOn(true)
12-14 21:09:18.200 E/Input   ( 8771): getAxisValue(): x--2.0-0.0--2.0
12-14 21:09:18.200 D/KeyEvent( 8771): obtain, mHwFlags=0
12-14 21:09:18.201 D/KeyEvent( 1177): obtain, mHwFlags=0
12-14 21:09:18.201 D/KeyEvent( 1177): obtain, mHwFlags=0
12-14 21:09:18.201 D/KeyEvent( 1177): obtain, mHwFlags=-248518560
12-14 21:09:18.201 D/KeyEvent( 1177): obtain, mHwFlags=0
12-14 21:09:18.201 D/HwCustPhoneWindowManager( 1177): answer call by keyCode = 19, down = false, isSupVolumnkeyAnswerCall = false
12-14 21:09:18.201 D/WindowManager( 1177): interceptKeyBeforeQueueing: key 19 , result : 1
12-14 21:09:18.201 D/KeyEvent( 1177): obtain, mHwFlags=216834256
12-14 21:09:18.203 D/HwGameAssistantController( 1177): Keycontrol mode is 2 for user 0
12-14 21:09:18.203 D/HwPhoneWindowManager( 1177): deviceId:-1 mFingerPrintId:0 isGameKeyControlOn:false,EnableKey=false,mLastKeyDownDropped=false
12-14 21:09:18.204 D/KeyEvent( 1177): obtain, mHwFlags=0
12-14 21:09:18.204 D/KeyEvent( 1177): obtain, mHwFlags=0
12-14 21:09:18.214 D/KeyEvent( 8771): obtain, mHwFlags=0
12-14 21:09:18.214 D/KeyEvent( 1177): obtain, mHwFlags=824146696
12-14 21:09:18.216 D/KeyEvent( 1177): obtain, mHwFlags=0
12-14 21:09:18.216 D/Facemoji( 3401): RichInputConnection=>getWordRangeAtCursor, textBeforeCursor = 9229, textAfterCursor = 2, hasUrlSpans = false, hasSpecialSymbol = true
12-14 21:09:18.216 D/HwCustPhoneWindowManager( 1177): answer call by keyCode = 23, down = true, isSupVolumnkeyAnswerCall = false
12-14 21:09:18.216 D/WindowManager( 1177): interceptKeyBeforeQueueing: key 23 , result : 1
12-14 21:09:18.216 D/KeyEvent( 1177): obtain, mHwFlags=216834256
12-14 21:09:18.217 I/Facemoji( 3401): LatinManager=>onInput : key = [KeyExt{mCode=10, mLabel='Next', mHintLabel='null', mWidth=218, mHeight=130, mX=841, mY=493, mHitBox=Rect(834, 493 - 1065, 649), mMoreKeys=null, mKey=enter 841,493 218x130}], x = [965], y = [494], isKeyRepeat = [false]
12-14 21:09:18.217 D/Facemoji( 3401): InputLogic=>onCodeInput
12-14 21:09:18.217 D/Facemoji( 3401): InputLogic=>handleNonFunctionalEvent: codePoint = 10
12-14 21:09:18.217 I/Facemoji( 3401): LatinManager=>invalidatedKeyboard : keyboardExtId = [0]
12-14 21:09:18.217 D/HwPhoneWindowManager( 1177): deviceId:-1 mFingerPrintId:0 isGameKeyControlOn:false,EnableKey=false,mLastKeyDownDropped=false
12-14 21:09:18.217 I/IFontSizeSetting( 3401): setCandParm getCandStyleParam success
12-14 21:09:18.217 I/IFontSizeSetting( 3401): fontsize 60
12-14 21:09:18.217 I/IFontSizeSetting( 3401): before fontDefSize 60 is DualCand false
12-14 21:09:18.217 I/IFontSizeSetting( 3401): getFontSizePx 1 originalFontSize 60
12-14 21:09:18.217 I/IFontSizeSetting( 3401): after fontDefSize 60
12-14 21:09:18.217 D/KeyEvent( 8771): obtain, mHwFlags=0
12-14 21:09:18.217 D/KeyEvent( 1177): obtain, mHwFlags=0
12-14 21:09:18.217 D/KeyEvent( 1177): obtain, mHwFlags=0
12-14 21:09:18.218 D/Facemoji( 3401): LatinManager=>onUpdateSelection : oldSelStart = [19], oldSelEnd = [19], newSelStart = [18], newSelEnd = [18], composingSpanStart = [-1], composingSpanEnd = [-1]
12-14 21:09:18.217 D/HwGameAssistantController( 1177): Keycontrol mode is 2 for user 0
12-14 21:09:18.218 W/ViewRootImpl[MainActivity]( 8771): Dropping event due to no window focus: KeyEvent { action=ACTION_DOWN, keyCode=KEYCODE_ENTER, scanCode=0, metaState=0, flags=0x16, hwFlags=0x0, repeatCount=0, eventTime=2737224, downTime=2737224, deviceId=-1, source=0x0 }
12-14 21:09:18.218 D/KeyEvent( 1177): obtain, mHwFlags=0
12-14 21:09:18.218 W/ViewRootImpl[MainActivity]( 8771): Cancelling event due to no window focus: KeyEvent { action=ACTION_UP, keyCode=KEYCODE_ENTER, scanCode=0, metaState=0, flags=0x36, hwFlags=0x0, repeatCount=0, eventTime=2737224, downTime=2737224, deviceId=-1, source=0x0 }
12-14 21:09:18.218 D/HwCustPhoneWindowManager( 1177): answer call by keyCode = 23, down = false, isSupVolumnkeyAnswerCall = false
12-14 21:09:18.218 D/WindowManager( 1177): interceptKeyBeforeQueueing: key 23 , result : 1
12-14 21:09:18.218 D/KeyEvent( 1177): obtain, mHwFlags=216834256
12-14 21:09:18.218 I/chatty  ( 8771): uid=10206(u0_a206) com.cootek.test identical 1 line
12-14 21:09:18.218 W/ViewRootImpl[MainActivity]( 8771): Cancelling event due to no window focus: KeyEvent { action=ACTION_UP, keyCode=KEYCODE_ENTER, scanCode=0, metaState=0, flags=0x36, hwFlags=0x0, repeatCount=0, eventTime=2737224, downTime=2737224, deviceId=-1, source=0x0 }
12-14 21:09:18.219 D/HwGameAssistantController( 1177): Keycontrol mode is 2 for user 0
12-14 21:09:18.219 D/HwPhoneWindowManager( 1177): deviceId:-1 mFingerPrintId:0 isGameKeyControlOn:false,EnableKey=false,mLastKeyDownDropped=false
12-14 21:09:18.219 D/KeyEvent( 8771): obtain, mHwFlags=0
12-14 21:09:18.221 D/HwRTBlurUtils( 8771): check blur style for HwToast-Toast, themeResId : 0x01030005, context : com.cootek.test.MainActivity@dcda132, Nhwext : 6, get Blur : disable with , android.graphics.drawable.NinePatchDrawable@dc65910
12-14 21:09:18.222 D/KeyEvent( 1177): obtain, mHwFlags=0
12-14 21:09:18.222 D/KeyEvent( 1177): obtain, mHwFlags=0
12-14 21:09:18.225 V/AudioManager( 8771): playSoundEffect   effectType: 0
12-14 21:09:18.231 D/KeyEvent( 1177): obtain, mHwFlags=0
12-14 21:09:18.232 D/HwCustPhoneWindowManager( 1177): answer call by keyCode = 64, down = true, isSupVolumnkeyAnswerCall = false
12-14 21:09:18.232 D/WindowManager( 1177): interceptKeyBeforeQueueing: key 64 , result : 1
12-14 21:09:18.232 D/KeyEvent( 1177): obtain, mHwFlags=216834256
12-14 21:09:18.235 D/HwPhoneWindowManager( 1177): deviceId:-1 mFingerPrintId:0 isGameKeyControlOn:false,EnableKey=false,mLastKeyDownDropped=false
12-14 21:09:18.235 I/GRALLOC (  528): 	 shrFd=10,fmt=0x1,intFmt=0x1,btStrd=4352,size=1900544,pid=528 
12-14 21:09:18.235 I/GRALLOC (  528): 	 yuv=2,w=1080,h=434,Stride u=0 v=0,offset u=0 v=0 
12-14 21:09:18.235 I/GRALLOC (  528): 	 iova_size=1900544,conUsg=0x906,proUsg=0x966,	 strd=1088,[afbc]HdrStrd=0 PyldStrd=0 Scrmbl=0,ionhnd = 1 
12-14 21:09:18.239 I/ActivityManager( 1177): START u0 {act=android.intent.action.MAIN cat=[android.intent.category.LAUNCHER] flg=0x10200000 cmp=com.huawei.android.internal.app/.HwResolverActivity sel=act=android.intent.action.MAIN cat=[android.intent.category.APP_BROWSER]}} from uid 1000
12-14 21:09:18.240 I/Monkey  (10507):     // Rejecting start of Intent { act=android.intent.action.MAIN cat=[android.intent.category.LAUNCHER] cmp=com.huawei.android.internal.app/.HwResolverActivity } in package com.huawei.android.internal.app
12-14 21:09:18.241 I/TrafficMonitor( 1177): update:rxPkts:7,txPkts:14,rxBytes:968,txBytes:2844
12-14 21:09:18.241 I/TrafficMonitor( 1177): start expired. level:-1
12-14 21:09:18.241 I/TrafficMonitor( 1177): gettimer:interval=2000
12-14 21:09:18.241 D/KeyEvent( 1177): obtain, mHwFlags=0
12-14 21:09:18.241 D/HwCustPhoneWindowManager( 1177): answer call by keyCode = 64, down = false, isSupVolumnkeyAnswerCall = false
12-14 21:09:18.241 D/WindowManager( 1177): interceptKeyBeforeQueueing: key 64 , result : 1
12-14 21:09:18.242 D/KeyEvent( 1177): obtain, mHwFlags=216834256
12-14 21:09:18.242 I/ash     ( 1676): front pkg : com.huawei.android.internal.app launcher: false
12-14 21:09:18.242 I/ash     ( 1676): above launcher front pkgs: [com.cootek.test, com.huawei.android.internal.app]
12-14 21:09:18.243 D/HwGameAssistantController( 1177): Keycontrol mode is 2 for user 0
12-14 21:09:18.243 D/HwPhoneWindowManager( 1177): deviceId:-1 mFingerPrintId:0 isGameKeyControlOn:false,EnableKey=false,mLastKeyDownDropped=false
12-14 21:09:18.245 D/KeyEvent( 1177): obtain, mHwFlags=0
12-14 21:09:18.245 D/KeyEvent( 1177): obtain, mHwFlags=0
12-14 21:09:18.245 I/AwareLog(  633): IAWARE_PREREAD_FILE
12-14 21:09:18.245 D/AwareLog(  633): iawared: touch_file  HwResolver.odex
12-14 21:09:18.246 D/AwareLog(  633): iawared: touch_file  HwResolver.vdex
12-14 21:09:18.246 D/AwareLog(  633): preread_pkgfile com.huawei.android.internal.app took 0 ms
12-14 21:09:18.246 D/AwareLog(  633): preread_pkgfile com.huawei.android.internal.app read 733184 Bytes.
12-14 21:09:18.252 D/KeyEvent( 8771): obtain, mHwFlags=0
12-14 21:09:18.254 I/ash     ( 1676): view add pid:8771 uid:10206
12-14 21:09:18.255 V/WindowManager( 1177): Adding Window{eaeb36 u0 Toast} to WindowToken{974ca37 android.os.Binder@10167f8}
12-14 21:09:18.255 V/WindowManager( 1177): addWindow: New client android.os.BinderProxy@d1704d1: window=Window{eaeb36 u0 Toast} Callers=com.android.server.wm.HwWindowManagerService.addWindow:574 com.android.server.wm.Session.addToDisplay:199 android.view.IWindowSession$Stub.onTransact:124 com.android.server.wm.Session.onTransact:161 android.os.Binder.execTransact:675 
12-14 21:09:18.255 D/KeyEvent( 1177): obtain, mHwFlags=0
12-14 21:09:18.256 D/HwCustPhoneWindowManager( 1177): answer call by keyCode = 82, down = true, isSupVolumnkeyAnswerCall = false
12-14 21:09:18.256 D/WindowManager( 1177): interceptKeyBeforeQueueing: key 82 , result : 1
12-14 21:09:18.256 D/KeyEvent( 1177): obtain, mHwFlags=216834256
12-14 21:09:18.257 D/HwGameAssistantController( 1177): Keycontrol mode is 2 for user 0
12-14 21:09:18.257 D/HwPhoneWindowManager( 1177): deviceId:-1 mFingerPrintId:0 isGameKeyControlOn:false,EnableKey=false,mLastKeyDownDropped=false
12-14 21:09:18.257 D/KeyEvent( 1177): obtain, mHwFlags=0
12-14 21:09:18.257 D/KeyEvent( 1177): obtain, mHwFlags=0
12-14 21:09:18.258 V/PhoneStatusBar( 1491): setLightsOn(true)
12-14 21:09:18.258 D/KeyEvent( 1177): obtain, mHwFlags=0
12-14 21:09:18.258 D/HwCustPhoneWindowManager( 1177): answer call by keyCode = 82, down = false, isSupVolumnkeyAnswerCall = false
12-14 21:09:18.258 D/WindowManager( 1177): interceptKeyBeforeQueueing: key 82 , result : 1
12-14 21:09:18.258 D/KeyEvent( 1177): obtain, mHwFlags=216834256
12-14 21:09:18.259 D/HwPhoneWindowManager( 1177): deviceId:-1 mFingerPrintId:0 isGameKeyControlOn:false,EnableKey=false,mLastKeyDownDropped=false
12-14 21:09:18.260 V/WindowManager( 1177): removeIfPossible: Window{746e70c u0 AtchDlg:com.cootek.test/com.cootek.test.EditTextTest01} callers=com.android.server.wm.WindowState.removeIfPossible:1914 com.android.server.wm.WindowManagerService.removeWindow:2031 com.android.server.wm.Session.remove:218 android.view.IWindowSession$Stub.onTransact:242 com.android.server.wm.Session.onTransact:161 
12-14 21:09:18.261 V/WindowManager( 1177): Not removing Window{746e70c u0 AtchDlg:com.cootek.test/com.cootek.test.EditTextTest01 EXITING} due to exit animation 
12-14 21:09:18.261 V/HwPhoneWindowManager( 1177): updateSystemUiColorLw window=Window{e7dc5e0 u0 com.cootek.test/com.cootek.test.MainActivity},EmuiStyle=0,StatusBarColor=0xff000000,NavigationBarColor=0xff000000, mLastIsEmuiLightStyle=-1, mForceNotchStatusBar=false
12-14 21:09:18.262 D/HwPhoneWindowManager( 1177): Transact:setSystemUIColor to status bar service
12-14 21:09:18.262 I/CommandQueue( 1491): updateBarBgColor
12-14 21:09:18.262 D/CommandQueue( 1491): CommandQueue, setBarBackgroundColor
12-14 21:09:18.262 D/TintManager( 1491): statusBarIconTint=#99FFFFFF,navigationBarIconTint=#FF000000
12-14 21:09:18.262 V/PhoneStatusBar( 1491): setLightsOn(true)
12-14 21:09:18.263 V/PhoneStatusBar( 1491): setLightsOn(true)
12-14 21:09:18.263 D/KeyEvent( 8771): obtain, mHwFlags=-331029
12-14 21:09:18.263 W/ViewRootImpl[MainActivity]( 8771): Cancelling event due to no window focus: KeyEvent { action=ACTION_UP, keyCode=KEYCODE_MENU, scanCode=0, metaState=0, flags=0x28, hwFlags=0xfffaf2eb, repeatCount=0, eventTime=2737264, downTime=2737264, deviceId=-1, source=0x101 }
12-14 21:09:18.263 D/KeyEvent( 1177): obtain, mHwFlags=0
12-14 21:09:18.264 D/KeyEvent( 1177): obtain, mHwFlags=0
12-14 21:09:18.264 D/KeyEvent( 3401): obtain, mHwFlags=0
12-14 21:09:18.266 I/GRALLOC (  528): 	 shrFd=10,fmt=0x1,intFmt=0x1,btStrd=768,size=155648,pid=528 
12-14 21:09:18.266 I/GRALLOC (  528): 	 yuv=2,w=180,h=199,Stride u=0 v=0,offset u=0 v=0 
12-14 21:09:18.266 I/GRALLOC (  528): 	 iova_size=155648,conUsg=0xb00,proUsg=0xb00,	 strd=192,[afbc]HdrStrd=0 PyldStrd=0 Scrmbl=0,ionhnd = 1 
12-14 21:09:18.264 I/chatty  ( 8771): uid=10206(u0_a206) com.cootek.test identical 4 lines
12-14 21:09:18.264 W/ViewRootImpl[MainActivity]( 8771): Cancelling event due to no window focus: KeyEvent { action=ACTION_UP, keyCode=KEYCODE_MENU, scanCode=0, metaState=0, flags=0x28, hwFlags=0xfffaf2eb, repeatCount=0, eventTime=2737264, downTime=2737264, deviceId=-1, source=0x101 }
12-14 21:09:18.266 W/ViewRootImpl[Toast]( 8771): EGLdebug relayoutWindow Surface isSurface(name=null)  (appName =com.cootek.test) ( mSurfaceControllerIsValid =false) (mNativeObject  =0)/@0xd1ff63c,viewVisibility is0
12-14 21:09:18.268 V/PhoneStatusBar( 1491): setLightsOn(true)
12-14 21:09:18.271 W/WindowManager( 1177): EGLdebug Created surface WindowStateAnimator{7f284c2 Toast}
12-14 21:09:18.271 W/WindowManager( 1177): EGLdebug surface name is Toastsurface is Surface(name=null)  (appName =null) ( mSurfaceControllerIsValid =true) (mNativeObject  =77f17ca000)/@0x6c1d2d3
12-14 21:09:18.274 W/ViewRootImpl[Toast]( 8771): EGLdebug relayoutWindow Surface isSurface(name=null)  (appName =com.cootek.test) ( mSurfaceControllerIsValid =true) (mNativeObject  =782077d000)/@0xd1ff63c,relayoutResult is6
12-14 21:09:18.272 V/PhoneStatusBar( 1491): setLightsOn(true)
12-14 21:09:18.274 I/Monkey  (10507): :Sending Flip keyboardOpen=true
12-14 21:09:18.274 I/Monkey  (10507): Got IOException performing flipjava.io.IOException: write failed: EINVAL (Invalid argument)
12-14 21:09:18.276 E/AutofillSession( 1177): Not starting a new partition on 1073741834 because session -1250714101 reached maximum of 10
12-14 21:09:18.277 W/InputMethodManager( 8771): startInputReason = 1
12-14 21:09:18.278 D/HwSecImmHelper( 1177): isPasswordInputType = false, inputType = 8289
12-14 21:09:18.279 I/Facemoji( 3401): LatinManager=>onFinishInput
12-14 21:09:18.281 W/libEGL  ( 3401): EGLNativeWindowType 0xe0198808 disconnect failed
12-14 21:09:18.282 W/ViewRootImpl[Toast]( 8771): EGLdebug relayoutWindow Surface isSurface(name=null)  (appName =com.cootek.test) ( mSurfaceControllerIsValid =true) (mNativeObject  =782077d000)/@0xd1ff63c,viewVisibility is0
12-14 21:09:18.283 W/WindowManager( 1177): EGLdebug surface name is Toastsurface is Surface(name=null)  (appName =null) ( mSurfaceControllerIsValid =true) (mNativeObject  =77f17ca000)/@0x1b47d09
12-14 21:09:18.284 V/PhoneStatusBar( 1491): setLightsOn(true)
12-14 21:09:18.302 V/PhoneStatusBar( 1491): setLightsOn(true)
12-14 21:09:18.302 I/Monkey  (10507):     // Injection Failed
12-14 21:09:18.302 V/WindowManager( 1177): removeIfPossible: Window{6ea7b99 u0 PopupWindow:fa226ae} callers=com.android.server.wm.WindowState.removeIfPossible:1914 com.android.server.wm.WindowManagerService.removeWindow:2031 com.android.server.wm.Session.remove:218 android.view.IWindowSession$Stub.onTransact:242 com.android.server.wm.Session.onTransact:161 
12-14 21:09:18.303 W/ViewRootImpl[Toast]( 8771): EGLdebug relayoutWindow Surface isSurface(name=null)  (appName =com.cootek.test) ( mSurfaceControllerIsValid =true) (mNativeObject  =782077d000)/@0xd1ff63c,relayoutResult is34
12-14 21:09:18.303 I/WindowManager( 1177): Destroying surface Surface(name=PopupWindow:fa226ae) called by com.android.server.wm.WindowStateAnimator.destroySurface:2072 com.android.server.wm.WindowStateAnimator.destroySurfaceLocked:884 com.android.server.wm.HwWindowStateAnimator.destroySurfaceLocked:1006 com.android.server.wm.WindowState.removeImmediately:1899 com.android.server.wm.WindowState.removeIfPossible:2051 com.android.server.wm.WindowState.removeIfPossible:1914 com.android.server.wm.WindowManagerService.removeWindow:2031 com.android.server.wm.Session.remove:218 
12-14 21:09:18.303 V/WindowManager( 1177): postWindowRemoveCleanupLocked: Window{6ea7b99 u0 PopupWindow:fa226ae}
12-14 21:09:18.303 V/WindowManager( 1177): Removing Window{6ea7b99 u0 PopupWindow:fa226ae} from WindowToken{75f964b android.os.Binder@8a30df1}
12-14 21:09:18.303 I/GRALLOC (  528): 	 shrFd=10,fmt=0x1,intFmt=0x1,btStrd=2560,size=708608,pid=528 
12-14 21:09:18.303 I/GRALLOC (  528): 	 yuv=2,w=613,h=273,Stride u=0 v=0,offset u=0 v=0 
12-14 21:09:18.303 I/GRALLOC (  528): 	 iova_size=708608,conUsg=0x906,proUsg=0x966,	 strd=640,[afbc]HdrStrd=0 PyldStrd=0 Scrmbl=0,ionhnd = 1 
12-14 21:09:18.304 V/PhoneStatusBar( 1491): setLightsOn(true)
12-14 21:09:18.306 D/WindowManager( 1177): finishDrawingWindow: Window{eaeb36 u0 Toast} mDrawState=DRAW_PENDING
12-14 21:09:18.306 W/libEGL  ( 3401): EGLNativeWindowType 0xc66ac808 disconnect failed
12-14 21:09:18.309 V/PhoneStatusBar( 1491): setLightsOn(true)
12-14 21:09:18.310 V/WindowManager( 1177): removeIfPossible: Window{76529d u0 PopupWindow:983ddc8} callers=com.android.server.wm.WindowState.removeIfPossible:1914 com.android.server.wm.WindowManagerService.removeWindow:2031 com.android.server.wm.Session.remove:218 android.view.IWindowSession$Stub.onTransact:242 com.android.server.wm.Session.onTransact:161 
12-14 21:09:18.310 I/WindowManager( 1177): Destroying surface Surface(name=PopupWindow:983ddc8) called by com.android.server.wm.WindowStateAnimator.destroySurface:2072 com.android.server.wm.WindowStateAnimator.destroySurfaceLocked:884 com.android.server.wm.HwWindowStateAnimator.destroySurfaceLocked:1006 com.android.server.wm.WindowState.removeImmediately:1899 com.android.server.wm.WindowState.removeIfPossible:2051 com.android.server.wm.WindowState.removeIfPossible:1914 com.android.server.wm.WindowManagerService.removeWindow:2031 com.android.server.wm.Session.remove:218 
12-14 21:09:18.311 V/WindowManager( 1177): postWindowRemoveCleanupLocked: Window{76529d u0 PopupWindow:983ddc8}
12-14 21:09:18.311 V/WindowManager( 1177): Removing Window{76529d u0 PopupWindow:983ddc8} from WindowToken{75f964b android.os.Binder@8a30df1}
12-14 21:09:18.312 V/PhoneStatusBar( 1491): setLightsOn(true)
12-14 21:09:18.313 I/Monkey  (10507): :Sending Touch (ACTION_DOWN): 0:(808.0,1304.0)
12-14 21:09:18.314 I/wangchen( 3401): SysInfo.getSysParam: orientation=1||config d=3.0,w=1080,h=1808||metrics d=3.0,w=1080,h=1808||sdk=26,bar_h=72
12-14 21:09:18.314 I/KeymapLoader( 3401): w=1080 h=1808 ori=true appScale=3.3 s1=3.0
12-14 21:09:18.314 I/KeymapLoader( 3401): appScale=3.3 selfScale=3.3 3.3
12-14 21:09:18.315 I/wangchen( 3401): KeymapLoader.loadDataById: Global.portrait true, res orientation 1
12-14 21:09:18.316 I/KeymapLoader( 3401): s=0 scale=3.3 self=3.3
12-14 21:09:18.317 I/KeymapLoader( 3401): scaleRes:1.0
12-14 21:09:18.317 I/KeymapLoader( 3401): skin scale=1.0 scaleRes=1.0
12-14 21:09:18.319 V/PhoneStatusBar( 1491): setLightsOn(true)
12-14 21:09:18.322 I/Monkey  (10507): :Sending Touch (ACTION_UP): 0:(768.34235,1283.0853)
12-14 21:09:18.327 I/IFontSizeSetting( 3401): setCandParm getCandStyleParam success
12-14 21:09:18.327 I/IFontSizeSetting( 3401): fontsize 60
12-14 21:09:18.327 I/IFontSizeSetting( 3401): before fontDefSize 60 is DualCand false
12-14 21:09:18.327 I/IFontSizeSetting( 3401): getFontSizePx 1 originalFontSize 60
12-14 21:09:18.327 I/IFontSizeSetting( 3401): after fontDefSize 60
12-14 21:09:18.329 E/[HwRecSys]-Notification-UpgradeManager( 3253): download url response etag:"baef8a1a9c1147b3bb4bf56124238333"
12-14 21:09:18.329 I/[HwRecSys]-Notification-UpgradeManager( 3253): response code:304
12-14 21:09:18.329 E/[HwRecSys]-Notification-UpgradeManager( 3253): download url no update,return fail!
12-14 21:09:18.330 W/SettingsEx( 3253): SettingsEx.Systemex.getInt deprecated use Settings.System.getInt instead ;callers=com.huawei.recsys.util.SystemUtil.getNotificationUpdateMode:177 com.huawei.recsys.util.SystemUtil.isAllowUpdate:112 com.huawei.recsys.controller.notification.http.UpgradeManager.startDownloadResource:130 
12-14 21:09:18.330 E/[HwRecSys]-Notification-NotificationUpdateController( 3253): onFail is result!
12-14 21:09:18.330 I/[HwRecSys]-Notification-UpgradeManager( 3253): msg down error:4
12-14 21:09:18.330 I/[HwRecSys]-Notification-UpgradeManager( 3253): msg down error file no update!!
12-14 21:09:18.330 I/[HwRecSys]SystemUtil( 3253): isAllowUpdate mode:1
12-14 21:09:18.330 I/[HwRecSys]SystemUtil( 3253): isAllowUpdate isAllowUpdate:true
12-14 21:09:18.330 W/SettingsEx( 3253): SettingsEx.Systemex.getInt deprecated use Settings.System.getInt instead ;callers=com.huawei.recsys.util.SystemUtil.getNotificationUpdateMode:177 com.huawei.recsys.util.SystemUtil.isAllowUpdate:112 com.huawei.recsys.controller.notification.http.UpgradeManager.startDownloadResource:137 
12-14 21:09:18.330 I/[HwRecSys]SystemUtil( 3253): isAllowUpdate mode:1
12-14 21:09:18.331 I/[HwRecSys]SystemUtil( 3253): isAllowUpdate isAllowUpdate:true
12-14 21:09:18.331 E/[HwRecSys]-Notification-UpgradeManager( 3253): startDownloadResource:download urlhttp://configdownload.dbankcdn.com/cp-hicloud-10-cn/update/aad6c3a4412e3fc9a66d28ebc13627809eb13624c594535f5f23c8a69c0be442/rule.zip
12-14 21:09:18.331 E/[HwRecSys]-Notification-UpgradeManager( 3253): apkFilePath=/data/user/0/com.huawei.recsys/notification/update/rules.zip
12-14 21:09:18.331 E/[HwRecSys]-Notification-UpgradeManager( 3253): tmpFilePath=/data/user/0/com.huawei.recsys/notification/update/rules2.tmp
12-14 21:09:18.331 E/[HwRecSys]-Notification-UpgradeManager( 3253): download url request etag:"ea5d3eaac52f63061febec73c4a86f59"
12-14 21:09:18.332 D/WindowManager( 1177): finishDrawingWindow: Window{eaeb36 u0 Toast} mDrawState=HAS_DRAWN
12-14 21:09:18.333 I/Monkey  (10507): :Sending Trackball (ACTION_MOVE): 0:(3.0,1.0)
12-14 21:09:18.339 I/Monkey  (10507): :Sending Touch (ACTION_DOWN): 0:(986.0,1355.0)
12-14 21:09:18.344 I/wangchen( 3401): ImeService.onEvaluateFullscreenMode: super function define fullscreen return false
12-14 21:09:18.345 I/Monkey  (10507): :Sending Touch (ACTION_UP): 0:(913.95514,1287.7062)
12-14 21:09:18.345 I/wangchen( 3401): com.baidu.input.manager.m apply, has in db mode - false, is db mode - false
12-14 21:09:18.345 I/wangchen( 3401): com.baidu.input.manager.k apply, has in db mode - false, is db mode - false
12-14 21:09:18.345 I/wangchen( 3401): com.baidu.input.manager.k apply, has in db mode - false, is db mode - false
12-14 21:09:18.346 I/Facemoji( 3401): LatinManager=>onStartInput : editorInfo = [android.view.inputmethod.EditorInfo@df2bdfb], restarting = [false]
12-14 21:09:18.347 D/Facemoji( 3401): RichInputConnection=>tryFixLyingCursorPosition textBeforeCursor = )9)9)9)92)92)92)92, selectedText = null, mExpectedSelEnd = 18, mExpectedSelStart = 18
12-14 21:09:18.347 D/Facemoji( 3401): RichInputConnection=>mExpectedSelEnd = 18, mExpectedSelStart = 18
12-14 21:09:18.350 D/Facemoji( 3401): RichInputConnection=>tryFixLyingCursorPosition textBeforeCursor = , selectedText = null, mExpectedSelEnd = 0, mExpectedSelStart = 0
12-14 21:09:18.350 D/Facemoji( 3401): RichInputConnection=>mExpectedSelEnd = 0, mExpectedSelStart = 0
12-14 21:09:18.351 I/Facemoji( 3401): LatinManager=>invalidatedKeyboard : keyboardExtId = [2]
12-14 21:09:18.351 I/wangchen( 3401): KeymapLoader.loadDataById: Global.portrait true, res orientation 1
12-14 21:09:18.352 I/KeymapLoader( 3401): s=0 scale=3.3 self=3.3
12-14 21:09:18.352 I/KeymapLoader( 3401): scaleRes:1.0
12-14 21:09:18.352 I/KeymapLoader( 3401): skin scale=1.0 scaleRes=1.0
12-14 21:09:18.356 D/KeyEvent( 1177): obtain, mHwFlags=0
12-14 21:09:18.357 D/HwCustPhoneWindowManager( 1177): answer call by keyCode = 23, down = true, isSupVolumnkeyAnswerCall = false
12-14 21:09:18.357 D/WindowManager( 1177): interceptKeyBeforeQueueing: key 23 , result : 1
12-14 21:09:18.357 D/KeyEvent( 1177): obtain, mHwFlags=216834256
12-14 21:09:18.358 D/HwGameAssistantController( 1177): Keycontrol mode is 2 for user 0
12-14 21:09:18.358 D/HwPhoneWindowManager( 1177): deviceId:-1 mFingerPrintId:0 isGameKeyControlOn:false,EnableKey=false,mLastKeyDownDropped=false
12-14 21:09:18.369 E/[HwRecSys]-Notification-UpgradeManager( 3253): download url response etag:"ea5d3eaac52f63061febec73c4a86f59"
12-14 21:09:18.369 I/[HwRecSys]-Notification-UpgradeManager( 3253): response code:304
12-14 21:09:18.369 E/[HwRecSys]-Notification-UpgradeManager( 3253): download url no update,return fail!
12-14 21:09:18.369 E/[HwRecSys]-Notification-NotificationUpdateController( 3253): result is null
12-14 21:09:18.371 E/[HwRecSys]-Notification-NotificationUpdateController( 3253): onFail is result!
12-14 21:09:18.371 I/[HwRecSys]-Notification-UpgradeManager( 3253): msg down error:4
12-14 21:09:18.371 I/[HwRecSys]-Notification-UpgradeManager( 3253): msg down error file no update!!
12-14 21:09:18.375 I/IFontSizeSetting( 3401): setCandParm getCandStyleParam success
12-14 21:09:18.375 I/IFontSizeSetting( 3401): fontsize 60
12-14 21:09:18.375 I/IFontSizeSetting( 3401): before fontDefSize 60 is DualCand false
12-14 21:09:18.375 I/IFontSizeSetting( 3401): getFontSizePx 1 originalFontSize 60
12-14 21:09:18.375 I/IFontSizeSetting( 3401): after fontDefSize 60
12-14 21:09:18.394 I/Facemoji( 3401): LatinManager=>onPressKey : primaryCode = [73], repeatCount = [0], isSinglePointer = [true]
12-14 21:09:18.396 D/OpenGLRenderer( 3401):   HWUI Binary is  enabled
12-14 21:09:18.397 V/WindowManager( 1177): Adding Window{99ee0c5 u0 PopupWindow:983ddc8} to Window{a57cb1a u0 InputMethod}
12-14 21:09:18.398 V/WindowManager( 1177): addWindow: New client android.os.BinderProxy@4d82b3c: window=Window{99ee0c5 u0 PopupWindow:983ddc8} Callers=com.android.server.wm.HwWindowManagerService.addWindow:574 com.android.server.wm.Session.addToDisplay:199 android.view.IWindowSession$Stub.onTransact:124 com.android.server.wm.Session.onTransact:161 android.os.Binder.execTransact:675 
12-14 21:09:18.398 E/Input   ( 3401): getAxisValue(): y-157.0--1167.0--1010.0
12-14 21:09:18.398 I/chatty  ( 3401): uid=10054(u0_a54) com.baidu.input_huawei identical 2 lines
12-14 21:09:18.398 E/Input   ( 3401): getAxisValue(): y-157.0--1167.0--1010.0
12-14 21:09:18.399 E/Input   ( 3401): getAxisValue(): y-236.0--1167.0--931.0
12-14 21:09:18.399 E/Input   ( 3401): getAxisValue(): y-236.0--1167.0--931.0
12-14 21:09:18.399 E/Input   ( 3401): getAxisValue(): y-245.2--1167.0--921.8
12-14 21:09:18.399 I/Facemoji( 3401): LatinManager=>onPressKey : primaryCode = [76], repeatCount = [0], isSinglePointer = [true]
12-14 21:09:18.400 I/Facemoji( 3401): LatinManager=>onInput : key = [KeyExt{mCode=79, mLabel='O', mHintLabel='9', mWidth=92, mHeight=130, mX=862, mY=25, mHitBox=Rect(855, 25 - 961, 181), mMoreKeys=[9, , , , , \u0152, , \u014C, ], mKey=O 862,25 92x130}], x = [913], y = [120], isKeyRepeat = [false]
12-14 21:09:18.400 D/Facemoji( 3401): InputLogic=>onCodeInput
12-14 21:09:18.400 D/Facemoji( 3401): InputLogic=>handleNonFunctionalEvent: codePoint = 79
12-14 21:09:18.400 D/Facemoji( 3401): InputLogic=>handleNonSpecialCharacterEvent : codePoint = 79, inputTransaction.mSpaceState = 0
12-14 21:09:18.400 D/Facemoji( 3401): InputLogic=>handleNonSeparatorEvent : isComposingWord = false, currentLanguageHasSpacestrue
12-14 21:09:18.401 D/Facemoji( 3401): RichInputConnection=>setComposingText text = [O], newCursorPosition = [1]
12-14 21:09:18.401 D/Facemoji( 3401): InputLogic=>beforeCursorWord[], isComposingWord[true]
12-14 21:09:18.401 D/Facemoji( 3401): IMEUIHandler=>postUpdateSuggestionStrip : inputStyle = 1
12-14 21:09:18.401 I/Facemoji( 3401): LatinManager=>invalidatedKeyboard : keyboardExtId = [0]
12-14 21:09:18.401 I/wangchen( 3401): KeymapLoader.loadDataById: Global.portrait true, res orientation 1
12-14 21:09:18.402 I/KeymapLoader( 3401): s=0 scale=3.3 self=3.3
12-14 21:09:18.402 I/KeymapLoader( 3401): scaleRes:1.0
12-14 21:09:18.402 I/KeymapLoader( 3401): skin scale=1.0 scaleRes=1.0
12-14 21:09:18.426 I/IFontSizeSetting( 3401): setCandParm getCandStyleParam success
12-14 21:09:18.426 I/IFontSizeSetting( 3401): fontsize 60
12-14 21:09:18.426 I/IFontSizeSetting( 3401): before fontDefSize 60 is DualCand false
12-14 21:09:18.426 I/IFontSizeSetting( 3401): getFontSizePx 1 originalFontSize 60
12-14 21:09:18.426 I/IFontSizeSetting( 3401): after fontDefSize 60
12-14 21:09:18.446 E/Input   ( 8771): getAxisValue(): y--1.0-0.0--1.0
12-14 21:09:18.446 D/KeyEvent( 8771): obtain, mHwFlags=-331029
12-14 21:09:18.446 D/KeyEvent( 1177): obtain, mHwFlags=0
12-14 21:09:18.446 D/HwCustPhoneWindowManager( 1177): answer call by keyCode = 23, down = false, isSupVolumnkeyAnswerCall = false
12-14 21:09:18.446 D/WindowManager( 1177): interceptKeyBeforeQueueing: key 23 , result : 1
12-14 21:09:18.446 D/KeyEvent( 1177): obtain, mHwFlags=0
12-14 21:09:18.446 D/WindowManager( 1177): interceptKeyBeforeQueueing: key 23 , result : 1
12-14 21:09:18.447 D/KeyEvent( 1177): obtain, mHwFlags=0
12-14 21:09:18.447 V/PhoneStatusBar( 1491): setLightsOn(true)
12-14 21:09:18.448 D/KeyEvent( 1177): obtain, mHwFlags=216834256
12-14 21:09:18.448 D/HwGameAssistantController( 1177): Keycontrol mode is 2 for user 0
12-14 21:09:18.448 D/HwPhoneWindowManager( 1177): deviceId:-1 mFingerPrintId:0 isGameKeyControlOn:false,EnableKey=false,mLastKeyDownDropped=false
12-14 21:09:18.459 V/PhoneStatusBar( 1491): setLightsOn(true)
12-14 21:09:18.461 W/WindowManager( 1177): EGLdebug Created surface WindowStateAnimator{e7fea1a PopupWindow:983ddc8}
12-14 21:09:18.463 V/PhoneStatusBar( 1491): setLightsOn(true)
12-14 21:09:18.464 D/KeyEvent( 3401): obtain, mHwFlags=0
12-14 21:09:18.464 I/chatty  ( 3401): uid=10054(u0_a54) com.baidu.input_huawei identical 1 line
12-14 21:09:18.464 D/KeyEvent( 3401): obtain, mHwFlags=0
12-14 21:09:18.464 I/GRALLOC (  528): 	 shrFd=10,fmt=0x1,intFmt=0x1,btStrd=768,size=155648,pid=528 
12-14 21:09:18.464 I/GRALLOC (  528): 	 yuv=2,w=180,h=199,Stride u=0 v=0,offset u=0 v=0 
12-14 21:09:18.464 I/GRALLOC (  528): 	 iova_size=155648,conUsg=0x900,proUsg=0x900,	 strd=192,[afbc]HdrStrd=0 PyldStrd=0 Scrmbl=0,ionhnd = 1 
12-14 21:09:18.464 D/KeyEvent( 3401): obtain, mHwFlags=0
12-14 21:09:18.464 I/chatty  ( 3401): uid=10054(u0_a54) com.baidu.input_huawei identical 2 lines
12-14 21:09:18.464 D/KeyEvent( 3401): obtain, mHwFlags=0
12-14 21:09:18.464 I/GRALLOC (  528): 	 shrFd=10,fmt=0x1,intFmt=0x1,btStrd=768,size=155648,pid=528 
12-14 21:09:18.464 I/GRALLOC (  528): 	 yuv=2,w=180,h=199,Stride u=0 v=0,offset u=0 v=0 
12-14 21:09:18.464 I/GRALLOC (  528): 	 iova_size=155648,conUsg=0x900,proUsg=0x900,	 strd=192,[afbc]HdrStrd=0 PyldStrd=0 Scrmbl=0,ionhnd = 1 
12-14 21:09:18.465 I/wangchen( 3401): ImeService.onEvaluateFullscreenMode: super function define fullscreen return false
12-14 21:09:18.465 I/GRALLOC (  528): 	 shrFd=10,fmt=0x1,intFmt=0x1,btStrd=768,size=155648,pid=528 
12-14 21:09:18.465 I/GRALLOC (  528): 	 yuv=2,w=180,h=199,Stride u=0 v=0,offset u=0 v=0 
12-14 21:09:18.465 I/GRALLOC (  528): 	 iova_size=155648,conUsg=0x900,proUsg=0x900,	 strd=192,[afbc]HdrStrd=0 PyldStrd=0 Scrmbl=0,ionhnd = 1 
12-14 21:09:18.466 D/mali_winsys( 3401): EGLint new_window_surface(egl_winsys_display *, void *, EGLSurface, EGLConfig, egl_winsys_surface **, egl_color_buffer_format *, EGLBoolean) returns 0x3000
12-14 21:09:18.466 D/OpenGLRenderer( 3401):   HWUI Binary is  enabled
12-14 21:09:18.466 D/KeyEvent( 1177): obtain, mHwFlags=0
12-14 21:09:18.466 D/KeyEvent( 8771): obtain, mHwFlags=-331029
12-14 21:09:18.466 D/KeyEvent( 1177): obtain, mHwFlags=0
12-14 21:09:18.466 D/KeyEvent( 3401): obtain, mHwFlags=0
12-14 21:09:18.466 D/Facemoji( 3401): InputLogic=>performUpdateSuggestionStripSync
12-14 21:09:18.466 D/Facemoji( 3401): LatinManager=>onUpdateSelection : oldSelStart = [0], oldSelEnd = [0], newSelStart = [1], newSelEnd = [1], composingSpanStart = [0], composingSpanEnd = [1]
12-14 21:09:18.466 D/TimeTracker( 3401): {"keyword":"event_update_suggestion_prepare","time":0,"before":{"typedword":"O"},"after":{}}
12-14 21:09:18.467 D/Facemoji( 3401): Suggest=>getSuggestedWords
12-14 21:09:18.467 D/Facemoji( 3401): FacemojiDictionaryFacilitator=>getSuggestionResults : typedWord = [O], ngramContext = [PrevWord[0]: , isBeginningOfSentence: true. PrevWord[1]: Empty. PrevWord[2]: Empty. ], proximityInfo = [com.android.inputmethod.keyboard.ProximityInfo2@f7dfab3], settingsValuesForSuggestion = [com.baidu.facemoji.input.settings.SettingsValuesForSuggestion@9ee0830], sessionId = [0], inputStyle = [1]
12-14 21:09:18.467 E/AutofillSession( 1177): Not starting a new partition on 1073741834 because session -1250714101 reached maximum of 10
12-14 21:09:18.467 I/GRALLOC (  528): 	 shrFd=10,fmt=0x1,intFmt=0x1,btStrd=768,size=155648,pid=528 
12-14 21:09:18.467 I/GRALLOC (  528): 	 yuv=2,w=180,h=199,Stride u=0 v=0,offset u=0 v=0 
12-14 21:09:18.467 I/GRALLOC (  528): 	 iova_size=155648,conUsg=0xb00,proUsg=0xb00,	 strd=192,[afbc]HdrStrd=0 PyldStrd=0 Scrmbl=0,ionhnd = 1 
12-14 21:09:18.467 D/TimeTracker( 3401): {"keyword":"event_get_suggestions4own","time":0,"before":{"input":"O"},"after":{"input":"O"}}
12-14 21:09:18.467 D/Facemoji( 3401): FacemojiDictionary=>getSuggestions, suggestions = [O]
12-14 21:09:18.467 D/Facemoji( 3401): FacemojiDictionaryFacilitator=>suggestionResults : [O]
12-14 21:09:18.468 D/TimeTracker( 3401): {"keyword":"event_update_suggestion_engine","time":1,"before":{"typedword":"O"},"after":{"typedword":"O"}}
12-14 21:09:18.468 D/WindowManager( 1177): finishDrawingWindow: Window{99ee0c5 u0 PopupWindow:983ddc8} mDrawState=DRAW_PENDING
12-14 21:09:18.469 D/Facemoji( 3401): InputLogic=>restartSuggestionsOnWordTouchedByCursor
12-14 21:09:18.469 I/Facemoji( 3401): LatinManager=>showSuggestionStrip : suggestedWords = [SuggestedWords: mTypedWordValid=false mWillAutoCorrect=false mInputStyle=0 words=[]]
12-14 21:09:18.469 D/Facemoji( 3401): LatinManager=>onUpdateSelection : oldSelStart = [1], oldSelEnd = [1], newSelStart = [2], newSelEnd = [2], composingSpanStart = [0], composingSpanEnd = [1]
12-14 21:09:18.470 V/PhoneStatusBar( 1491): setLightsOn(true)
12-14 21:09:18.476 I/Monkey  (10507): :Switch: #Intent;action=android.intent.action.MAIN;category=android.intent.category.LAUNCHER;launchFlags=0x10200000;component=com.cootek.smartinputv5/com.cootek.smartinput5.GateActivity;end
12-14 21:09:18.479 I/ActivityManager( 1177): START u0 {act=android.intent.action.MAIN cat=[android.intent.category.LAUNCHER] flg=0x10200000 cmp=com.cootek.smartinputv5/com.cootek.smartinput5.GateActivity} from uid 2000
12-14 21:09:18.480 I/Monkey  (10507):     // Allowing start of Intent { act=android.intent.action.MAIN cat=[android.intent.category.LAUNCHER] cmp=com.cootek.smartinputv5/com.cootek.smartinput5.GateActivity } in package com.cootek.smartinputv5
12-14 21:09:18.481 I/ActivityManager( 1177): ActivityRecord info: ActivityInfo{7ea548f com.cootek.smartinput5.GateActivity}
12-14 21:09:18.481 I/ash     ( 1676): front pkg : com.cootek.smartinputv5 launcher: false
12-14 21:09:18.481 I/ash     ( 1676): above launcher front pkgs: [com.cootek.test, com.huawei.android.internal.app, com.cootek.smartinputv5]
12-14 21:09:18.485 V/WindowManager( 1177): addAppToken: AppWindowToken{aa28de6 token=Token{611c441 ActivityRecord{19abf28 u0 com.cootek.smartinputv5/com.cootek.smartinput5.GateActivity t20}}} controller={TaskWindowContainerController taskId=20} at 2147483647
12-14 21:09:18.486 D/HwCust  ( 1177): Create obj success use class android.app.HwCustHwWallpaperManagerImpl
12-14 21:09:18.489 V/PhoneStatusBar( 1491): setLightsOn(true)
12-14 21:09:18.489 E/NotificationManager( 8771): notifyAsUser: tag=null, id=0, user=UserHandle{0}
12-14 21:09:18.490 D/Facemoji( 3401): LatinManager=>onUpdateSelection : oldSelStart = [2], oldSelEnd = [2], newSelStart = [3], newSelEnd = [3], composingSpanStart = [0], composingSpanEnd = [1]
12-14 21:09:18.491 V/WindowManager( 1177): Adding Window{6f9a272 u0 Splash Screen com.cootek.smartinputv5} to AppWindowToken{aa28de6 token=Token{611c441 ActivityRecord{19abf28 u0 com.cootek.smartinputv5/com.cootek.smartinput5.GateActivity t20}}}
12-14 21:09:18.491 D/HwNotificationManagerService( 1177): recognize: tag=null, id=0, user=UserHandle{0}, pkg=com.cootek.test, uid=10206, callingPid=8771
12-14 21:09:18.491 D/HwNotificationManagerService( 1177): Return ! recognize the app not in list : com.cootek.test
12-14 21:09:18.492 W/NotificationRecord( 1177): Use default channel, The importance is:2
12-14 21:09:18.492 V/WindowManager( 1177): addWindow: New client android.view.ViewRootImpl$W@575637d: window=Window{6f9a272 u0 Splash Screen com.cootek.smartinputv5} Callers=com.android.server.wm.HwWindowManagerService.addWindow:574 com.android.server.wm.Session.addToDisplay:199 android.view.ViewRootImpl.setView:845 android.view.WindowManagerGlobal.addView:372 android.view.WindowManagerImpl.addView:128 
12-14 21:09:18.492 D/NotificationService( 1177): mGameDndStatus is:false ,isGameDndSwitchOn is:false
12-14 21:09:18.493 V/NotificationService( 1177): pkg=com.cootek.test canInterrupt=false intercept=true
12-14 21:09:18.494 V/WindowManager( 1177): No longer Stopped: AppWindowToken{aa28de6 token=Token{611c441 ActivityRecord{19abf28 u0 com.cootek.smartinputv5/com.cootek.smartinput5.GateActivity t20}}}
12-14 21:09:18.495 I/AppManager( 1676): app:com.cootek.test Notification update time:56310692
12-14 21:09:18.496 D/HwCust  ( 1491): Create obj success use class com.android.systemui.statusbar.notification.HwCustNotificationInflaterImpl
12-14 21:09:18.496 I/PressGestureDetector( 1177): enabledInPad = false,isPcCastMode = false
12-14 21:09:18.497 I/FakeShadowView( 1491): radius18
12-14 21:09:18.498 W/HwPhoneLayoutInflater( 1491): onCreateView : ClassNotFoundException, In this case we want to let the base class take a crack at it
12-14 21:09:18.499 D/HwLocationManagerService( 1177): on transact ADD_LOCATION_MODE  uid is 10207 , expectedmode is 3 , packagename is com.cootek.smartinputv5
12-14 21:09:18.499 D/HwLocationManagerService( 1177): uid is 10207 , isWifiConn is true , isMobileConn is false
12-14 21:09:18.499 I/HwNetworkPolicy( 1177): onTransact, code = 203
12-14 21:09:18.499 I/HwNetworkPolicyManager( 1177): getHwUidPolicy uid = 10207 policy = 0
12-14 21:09:18.499 D/HwLocationManagerService( 1177): policy is 0 , wifiAccess is true, mobileAccess is true
12-14 21:09:18.499 D/HwLocationManagerService( 1177): wifiAvaiable is true , mobileAvailable is false
12-14 21:09:18.499 D/HwLocationManagerService( 1177): addSupervisoryControlProc, mExpectedMode is network,packagename=com.cootek.smartinputv5, mSupervisoryPkgList is {com.cootek.smartinputv5=network}
12-14 21:09:18.499 D/HwLocationManagerService( 1177):  package has no request send yet
12-14 21:09:18.500 D/KeyEvent( 1177): obtain, mHwFlags=0
12-14 21:09:18.500 D/HwCustPhoneWindowManager( 1177): answer call by keyCode = 19, down = true, isSupVolumnkeyAnswerCall = false
12-14 21:09:18.500 D/WindowManager( 1177): interceptKeyBeforeQueueing: key 19 , result : 1
12-14 21:09:18.500 W/HwPhoneLayoutInflater( 1491): onCreateView : ClassNotFoundException, In this case we want to let the base class take a crack at it
12-14 21:09:18.500 D/KeyEvent( 1177): obtain, mHwFlags=216834256
12-14 21:09:18.500 W/HwPhoneLayoutInflater( 1491): onCreateView : ClassNotFoundException, In this case we want to let the base class take a crack at it
12-14 21:09:18.501 W/ResourceType( 1491): Failure getting entry for 0x01040255 (t=3 e=597) (error -75)
12-14 21:09:18.501 W/WindowManager( 1177): EGLdebug Created surface WindowStateAnimator{df516c3 Splash Screen com.cootek.smartinputv5}
12-14 21:09:18.504 W/HwPhoneLayoutInflater( 1491): onCreateView : ClassNotFoundException, In this case we want to let the base class take a crack at it
12-14 21:09:18.505 V/WindowManager( 1177): Exit animation finished in Window{746e70c u0 AtchDlg:com.cootek.test/com.cootek.test.EditTextTest01 EXITING}: remove=true
12-14 21:09:18.505 E/WindowManager( 1177): win=Window{746e70c u0 AtchDlg:com.cootek.test/com.cootek.test.EditTextTest01 EXITING} destroySurfaces: appStopped=false win.mWindowRemovalAllowed=true win.mRemoveOnExit=true
