12-14 21:09:18.505 I/WindowManager( 1177): Destroying surface Surface(name=AtchDlg:com.cootek.test/com.cootek.test.EditTextTest01) called by com.android.server.wm.WindowStateAnimator.destroySurface:2072 com.android.server.wm.WindowStateAnimator.destroySurfaceLocked:884 com.android.server.wm.HwWindowStateAnimator.destroySurfaceLocked:1006 com.android.server.wm.WindowState.destroyOrSaveSurfaceUnchecked:2998 com.android.server.wm.WindowState.destroySurface:2951 com.android.server.wm.WindowState.destroySurface:2933 com.android.server.wm.AppWindowToken.destroySurfaces:664 com.android.server.wm.AppWindowToken.destroySurfaces:648 
12-14 21:09:18.505 D/ScenarioService( 1676): front pkg : com.cootek.smartinputv5 launcher: false
12-14 21:09:18.506 W/ScenarioService( 1676): keep front pkg less than 10...
12-14 21:09:18.506 D/ScenarioService( 1676): new above launcher front pkgs: [com.cootek.test, com.cootek.smartinputv5, com.cootek.test, com.cootek.smartinputv5, com.cootek.test, com.cootek.smartinputv5, com.cootek.test, com.cootek.smartinputv5, com.cootek.test, com.cootek.smartinputv5]
12-14 21:09:18.506 V/WindowManager( 1177): postWindowRemoveCleanupLocked: Window{746e70c u0 AtchDlg:com.cootek.test/com.cootek.test.EditTextTest01}
12-14 21:09:18.506 V/WindowManager( 1177): Removing Window{746e70c u0 AtchDlg:com.cootek.test/com.cootek.test.EditTextTest01} from AppWindowToken{a788780 token=Token{de79c03 ActivityRecord{d39f4b2 u0 com.cootek.test/.MainActivity t3}}}
12-14 21:09:18.506 I/AppsUsage( 1676): scnOff:false FgAPP:com.cootek.smartinputv5 BgAPP:com.cootek.test
12-14 21:09:18.507 W/HwPhoneLayoutInflater( 1491): onCreateView : ClassNotFoundException, In this case we want to let the base class take a crack at it
12-14 21:09:18.507 W/HwPhoneLayoutInflater( 1491): onCreateView : ClassNotFoundException, In this case we want to let the base class take a crack at it
12-14 21:09:18.508 W/ResourceType( 1491): Failure getting entry for 0x01040255 (t=3 e=597) (error -75)
12-14 21:09:18.508 I/GpsController( 1676): com.cootek.test is above launcher app, just return...
12-14 21:09:18.509 V/WindowManager( 1177): Checking 1 opening apps (frozen=false timeout=false)...
12-14 21:09:18.509 V/WindowManager( 1177): Check opening app=AppWindowToken{aa28de6 token=Token{611c441 ActivityRecord{19abf28 u0 com.cootek.smartinputv5/com.cootek.smartinput5.GateActivity t20}}}: allDrawn=false startingDisplayed=false startingMoved=false isRelaunching()=false
12-14 21:09:18.509 D/[HwRecSys]HwRecSysService( 3253): onEvent actionID: 10000 msg:com.cootek.smartinputv5		
12-14 21:09:18.509 I/[HwRecSys]HwRecSysService( 3253):  cur pkg: com.cootek.smartinputv5
12-14 21:09:18.509 D/EmcomManagerService( 1177): forePackage name is com.cootek.smartinputv5
12-14 21:09:18.509 I/PGServer( 1676): report state:10000 event type:2 pid:0 uid:0 pkg:com.cootek.test to pid: 1676
12-14 21:09:18.509 D/HicomPolicyManager( 1177): foreAppInfo = nullpkgName = com.cootek.smartinputv5 uid= 10207
12-14 21:09:18.510 E/HicomPolicyManager( 1177): udp acc is not start yet!
12-14 21:09:18.510 D/HicomPolicyManager( 1177): speed control is not start
12-14 21:09:18.510 E/HicomPolicyManager( 1177): Network Evaluation is not start yet!
12-14 21:09:18.510 E/HicomPolicyManager( 1177): foreground app info is null
12-14 21:09:18.510 I/SceneReceiver( 1676): state type: 10000 eventType:2 pid:0 uid:0 pkg:com.cootek.test
12-14 21:09:18.510 I/PGServer( 1676): report state:10000 event type:2 pid:0 uid:0 pkg:com.cootek.test to pid: 1177
12-14 21:09:18.510 I/PGServer( 1676): report state:10000 event type:1 pid:0 uid:0 pkg:com.cootek.smartinputv5 to pid: 1676
12-14 21:09:18.510 I/SceneReceiver( 1676): state type: 10000 eventType:1 pid:0 uid:0 pkg:com.cootek.smartinputv5
12-14 21:09:18.510 I/PGServer( 1676): report state:10000 event type:1 pid:0 uid:0 pkg:com.cootek.smartinputv5 to pid: 1177
12-14 21:09:18.510 D/HwThermalStateManager( 1676): current foreapp pkg : com.cootek.smartinputv5
12-14 21:09:18.511 D/HwGameAssistantController( 1177): Keycontrol mode is 2 for user 0
12-14 21:09:18.511 D/HwPhoneWindowManager( 1177): deviceId:-1 mFingerPrintId:0 isGameKeyControlOn:false,EnableKey=false,mLastKeyDownDropped=false
12-14 21:09:18.511 D/HwCust  (10299): Create obj success use class android.app.HwCustActivityImpl
12-14 21:09:18.511 D/HwCust  (10299): Create obj success use class android.app.HwCustHwWallpaperManagerImpl
12-14 21:09:18.512 V/ActivityThread(10299): ActivityThread,callActivityOnCreate
12-14 21:09:18.513 D/HwQoEUtils( 1177): mForegroundAppPackageName: com.cootek.smartinputv5 ,score: 0
12-14 21:09:18.513 W/libc    ( 1676): Set property "sys.aps.gameProcessName" to ""
12-14 21:09:18.513 D/HwQoEUtils( 1177): onForegroundAppWifiSleepChange: config:false, sleeptime:-1,type: 19, appname:com.cootek.smartinputv5
12-14 21:09:18.513 D/HwQoEUtils( 1177): APP type: 19 appName= com.cootek.smartinputv5
12-14 21:09:18.513 D/HwQoEUtils( 1177): no game, APP_TYPE_GAME, appName =com.cootek.smartinputv5
12-14 21:09:18.513 D/HwGameAssistantController( 1177): pid=10299, uid=10207, foreground=true
12-14 21:09:18.514 I/PGServer( 1676): checkPkgType. calling pkg: android
12-14 21:09:18.515 I/ActivityManager( 1177): START u0 {flg=0x10000000 cmp=com.cootek.smartinputv5/com.cootek.smartinput5.Guide (has extras)} from uid 10207
12-14 21:09:18.515 I/Monkey  (10507):     // Allowing start of Intent { cmp=com.cootek.smartinputv5/com.cootek.smartinput5.Guide } in package com.cootek.smartinputv5
12-14 21:09:18.515 I/ActivityManager( 1177): ActivityRecord info: ActivityInfo{e76ff7c com.cootek.smartinput5.Guide}
12-14 21:09:18.515 I/PGServer( 1676): checkPkgType. calling pkg: android
12-14 21:09:18.516 I/PGServer( 1676): checkPkgType. calling pkg: android
12-14 21:09:18.516 I/HwNetworkPolicy( 1177): onTransact, code = 203
12-14 21:09:18.516 I/HwNetworkPolicyManager( 1902): getHwUidPolicy uid = 10207 policy = 0
12-14 21:09:18.516 W/libc    ( 1676): Set property "sys.aps.browserProcessName" to ""
12-14 21:09:18.517 D/ActivityManager( 1177): allPausedActivitiesComplete: r=ActivityRecord{19abf28 u0 com.cootek.smartinputv5/com.cootek.smartinput5.GateActivity t20} state=PAUSING
12-14 21:09:18.517 W/AwareLog( 1177): SchedLevelBoost: onFgActivitiesChanged config not set!
12-14 21:09:18.517 I/GRALLOC (  528): 	 shrFd=10,fmt=0x2,intFmt=0x2,btStrd=4352,size=7868416,pid=528 
12-14 21:09:18.517 I/GRALLOC (  528): 	 yuv=2,w=1080,h=1808,Stride u=0 v=0,offset u=0 v=0 
12-14 21:09:18.517 I/GRALLOC (  528): 	 iova_size=7868416,conUsg=0x906,proUsg=0x966,	 strd=1088,[afbc]HdrStrd=0 PyldStrd=0 Scrmbl=0,ionhnd = 1 
12-14 21:09:18.517 W/HwPhoneLayoutInflater( 1491): onCreateView : ClassNotFoundException, In this case we want to let the base class take a crack at it
12-14 21:09:18.518 W/HwPhoneLayoutInflater( 1491): onCreateView : ClassNotFoundException, In this case we want to let the base class take a crack at it
12-14 21:09:18.519 I/Monkey  (10507):     // activityResuming(com.cootek.smartinputv5)
12-14 21:09:18.521 D/WindowManager( 1177): finishDrawingWindow: Window{6f9a272 u0 Splash Screen com.cootek.smartinputv5} mDrawState=DRAW_PENDING
12-14 21:09:18.522 W/HwPhoneLayoutInflater( 1491): onCreateView : ClassNotFoundException, In this case we want to let the base class take a crack at it
12-14 21:09:18.523 D/ActivityThread(10299): add activity client record, r= ActivityRecord{ab43c4a token=android.os.BinderProxy@b978dc0 {com.cootek.smartinputv5/com.cootek.smartinput5.GateActivity}} token= android.os.BinderProxy@b978dc0
12-14 21:09:18.523 W/HwPhoneLayoutInflater( 1491): onCreateView : ClassNotFoundException, In this case we want to let the base class take a crack at it
12-14 21:09:18.524 W/ResourceType( 1491): Failure getting entry for 0x01040255 (t=3 e=597) (error -75)
12-14 21:09:18.524 D/WindowManager( 1177): finishDrawingWindow: Window{99ee0c5 u0 PopupWindow:983ddc8} mDrawState=HAS_DRAWN
12-14 21:09:18.524 D/Facemoji( 3401): LatinManager=>onUpdateSelection : oldSelStart = [3], oldSelEnd = [3], newSelStart = [4], newSelEnd = [4], composingSpanStart = [0], composingSpanEnd = [1]
12-14 21:09:18.525 V/WindowManager( 1177): No longer Stopped: AppWindowToken{9f29768 token=Token{451da8b ActivityRecord{cd3785a u0 com.cootek.smartinputv5/com.cootek.smartinput5.Guide t19}}}
12-14 21:09:18.526 D/WindowManager( 1177): face_rotation: isIntelliServiceEnabled: ro swtich off
12-14 21:09:18.526 I/WindowManager( 1177): rotationForOrientationLw(orient=1, last=0); user=0 
12-14 21:09:18.526 D/WindowManager( 1177): face_rotation: isIntelliServiceEnabled: ro swtich off
12-14 21:09:18.526 D/HwPhoneWindowManager( 1177): face_rotation: not enabled,use sensor real
12-14 21:09:18.526 D/HwPhoneWindowManager( 1177): face_rotation:real sensor rotation = -1
12-14 21:09:18.526 D/HwPhoneWindowManager( 1177): face_rotation: rotation = 0
12-14 21:09:18.526 I/WindowManager( 1177): Selected orientation 1, got rotation 0 which has compatible metrics
12-14 21:09:18.526 V/WindowManager( 1177): notifyAppResumed: wasStopped=true AppWindowToken{9f29768 token=Token{451da8b ActivityRecord{cd3785a u0 com.cootek.smartinputv5/com.cootek.smartinput5.Guide t19}}}
12-14 21:09:18.528 V/WindowManager( 1177): Checking 1 opening apps (frozen=false timeout=false)...
12-14 21:09:18.529 V/WindowManager( 1177): Check opening app=AppWindowToken{9f29768 token=Token{451da8b ActivityRecord{cd3785a u0 com.cootek.smartinputv5/com.cootek.smartinput5.Guide t19}}}: allDrawn=false startingDisplayed=false startingMoved=false isRelaunching()=false
12-14 21:09:18.530 W//system/bin/hwservicemanager(  423): Cannot open /odm/manifest.xml
12-14 21:09:18.533 I/HwAudioService( 1177): now type = -1,reportForegroundAppType = 19,systemload = -1
12-14 21:09:18.533 W/libc    ( 1177): Set property "sys.iaware.type" to "19"
12-14 21:09:18.533 V/WindowManager( 1177): Checking 1 opening apps (frozen=false timeout=false)...
12-14 21:09:18.533 V/WindowManager( 1177): Check opening app=AppWindowToken{9f29768 token=Token{451da8b ActivityRecord{cd3785a u0 com.cootek.smartinputv5/com.cootek.smartinput5.Guide t19}}}: allDrawn=false startingDisplayed=false startingMoved=false isRelaunching()=false
12-14 21:09:18.534 D/HwPhoneStatusBar( 1491): No peeking: not allowed notification: 0|com.cootek.test|0|null|10206
12-14 21:09:18.534 I/PhoneStatusBar( 1491): updateNotificationShade: total=7, active=7
12-14 21:09:18.534 W/PhoneStatusBar( 1491): updateNotificationShade hasFaceDT: false; Detected:false
12-14 21:09:18.536 D/ReporterUtil( 1491):  e id:344 type:{pkg:com.cootek.test,hw_type:null,hw_btw:false,onGoing:false,importance:2}
12-14 21:09:18.536 V/PhoneStatusBar( 1491): setLightsOn(true)
12-14 21:09:18.540 E/AwareLog( 1177): RMS.AwareAppAssociate: Unknown EventID: 21
12-14 21:09:18.540 I/chatty  ( 1177): uid=1000(system) sManagerService identical 1 line
12-14 21:09:18.541 E/AwareLog( 1177): RMS.AwareAppAssociate: Unknown EventID: 21
12-14 21:09:18.541 I/AppManager( 1676): app:com.cootek.smartinputv5 Notification update time:56310739
12-14 21:09:18.547 W/WindowManager( 1177): EGLdebug Created surface WindowStateAnimator{46f0abf com.cootek.smartinputv5/com.cootek.smartinput5.Guide}
12-14 21:09:18.542 I/chatty  ( 1676): uid=1000(system) core identical 1 line
12-14 21:09:18.542 I/AppManager( 1676): app:com.cootek.smartinputv5 Notification update time:56310739
12-14 21:09:18.547 W/HwKeyguardDragHelper( 1491): AnimationBlocked
12-14 21:09:18.548 I/wangchen( 3401): ImeService.onEvaluateFullscreenMode: super function define fullscreen return false
12-14 21:09:18.549 V/WindowManager( 1177): Checking 1 opening apps (frozen=false timeout=false)...
12-14 21:09:18.549 V/WindowManager( 1177): Check opening app=AppWindowToken{9f29768 token=Token{451da8b ActivityRecord{cd3785a u0 com.cootek.smartinputv5/com.cootek.smartinput5.Guide t19}}}: allDrawn=false startingDisplayed=false startingMoved=false isRelaunching()=false
12-14 21:09:18.549 D/KeyEvent( 1177): obtain, mHwFlags=0
12-14 21:09:18.549 D/KeyEvent( 1177): obtain, mHwFlags=0
12-14 21:09:18.550 D/KeyEvent( 1177): obtain, mHwFlags=0
12-14 21:09:18.550 D/HwCustPhoneWindowManager( 1177): answer call by keyCode = 19, down = false, isSupVolumnkeyAnswerCall = false
12-14 21:09:18.550 D/WindowManager( 1177): interceptKeyBeforeQueueing: key 19 , result : 1
12-14 21:09:18.550 D/KeyEvent( 1177): obtain, mHwFlags=216834256
12-14 21:09:18.551 V/WindowManager( 1177): Checking 1 opening apps (frozen=false timeout=false)...
12-14 21:09:18.551 V/WindowManager( 1177): Check opening app=AppWindowToken{9f29768 token=Token{451da8b ActivityRecord{cd3785a u0 com.cootek.smartinputv5/com.cootek.smartinput5.Guide t19}}}: allDrawn=false startingDisplayed=false startingMoved=false isRelaunching()=false
12-14 21:09:18.551 D/HwGameAssistantController( 1177): Keycontrol mode is 2 for user 0
12-14 21:09:18.551 D/HwPhoneWindowManager( 1177): deviceId:-1 mFingerPrintId:0 isGameKeyControlOn:false,EnableKey=false,mLastKeyDownDropped=false
12-14 21:09:18.551 D/WeatherHelper( 1491): City info empty
12-14 21:09:18.551 D/WeatherHelper( 1491): City info empty
12-14 21:09:18.551 I/FloatNotificationManager( 1491): removeNotification: key =0|com.cootek.smartinputv5|246|null|10207;mKey=null
12-14 21:09:18.552 V/WindowManager( 1177): removeIfPossible: Window{6f9a272 u0 Splash Screen com.cootek.smartinputv5} callers=com.android.server.wm.WindowState.removeIfPossible:1914 com.android.server.wm.WindowManagerService.removeWindow:2031 com.android.server.wm.Session.remove:218 android.view.ViewRootImpl.dispatchDetachedFromWindow:3767 android.view.ViewRootImpl.doDie:6835 
12-14 21:09:18.552 I/WindowManager( 1177): Destroying surface Surface(name=Splash Screen com.cootek.smartinputv5) called by com.android.server.wm.WindowStateAnimator.destroySurface:2072 com.android.server.wm.WindowStateAnimator.destroySurfaceLocked:884 com.android.server.wm.HwWindowStateAnimator.destroySurfaceLocked:1006 com.android.server.wm.WindowState.removeImmediately:1899 com.android.server.wm.WindowState.removeIfPossible:2051 com.android.server.wm.WindowState.removeIfPossible:1914 com.android.server.wm.WindowManagerService.removeWindow:2031 com.android.server.wm.Session.remove:218 
12-14 21:09:18.552 V/WindowManager( 1177): postWindowRemoveCleanupLocked: Window{6f9a272 u0 Splash Screen com.cootek.smartinputv5}
12-14 21:09:18.552 V/WindowManager( 1177): Removing Window{6f9a272 u0 Splash Screen com.cootek.smartinputv5} from AppWindowToken{aa28de6 token=Token{611c441 ActivityRecord{19abf28 u0 com.cootek.smartinputv5/com.cootek.smartinput5.GateActivity t20}}}
12-14 21:09:18.552 I/GRALLOC (  528): 	 shrFd=10,fmt=0x1,intFmt=0x200000001,btStrd=5120,size=5492736,pid=528 
12-14 21:09:18.552 I/GRALLOC (  528): 	 yuv=2,w=1218,h=1046,Stride u=0 v=0,offset u=0 v=0 
12-14 21:09:18.552 I/GRALLOC (  528): 	 iova_size=5492736,conUsg=0x900,proUsg=0x900,	 strd=1280,[afbc]HdrStrd=1280 PyldStrd=81920 Scrmbl=2,ionhnd = 1 
12-14 21:09:18.554 V/WindowManager( 1177): Checking 1 opening apps (frozen=false timeout=false)...
12-14 21:09:18.554 V/WindowManager( 1177): Check opening app=AppWindowToken{9f29768 token=Token{451da8b ActivityRecord{cd3785a u0 com.cootek.smartinputv5/com.cootek.smartinput5.Guide t19}}}: allDrawn=false startingDisplayed=false startingMoved=false isRelaunching()=false
12-14 21:09:18.554 I/GRALLOC (  528): 	 shrFd=10,fmt=0x1,intFmt=0x200000001,btStrd=5120,size=5492736,pid=528 
12-14 21:09:18.554 I/GRALLOC (  528): 	 yuv=2,w=1218,h=1046,Stride u=0 v=0,offset u=0 v=0 
12-14 21:09:18.554 I/GRALLOC (  528): 	 iova_size=5492736,conUsg=0x900,proUsg=0x900,	 strd=1280,[afbc]HdrStrd=1280 PyldStrd=81920 Scrmbl=2,ionhnd = 1 
12-14 21:09:18.555 I/Facemoji( 3401): LatinManager=>showSuggestionStrip : suggestedWords = [SuggestedWords: mTypedWordValid=true mWillAutoCorrect=false mInputStyle=1 words=[O]]
12-14 21:09:18.555 D/Facemoji( 3401): LatinManager=>onUpdateSelection : oldSelStart = [4], oldSelEnd = [4], newSelStart = [4], newSelEnd = [4], composingSpanStart = [-1], composingSpanEnd = [-1]
12-14 21:09:18.555 D/mali_winsys(10299): EGLint new_window_surface(egl_winsys_display *, void *, EGLSurface, EGLConfig, egl_winsys_surface **, egl_color_buffer_format *, EGLBoolean) returns 0x3000
12-14 21:09:18.556 I/PhoneStatusBar( 1491): updateNotificationShade: total=6, active=6
12-14 21:09:18.556 W/PhoneStatusBar( 1491): updateNotificationShade hasFaceDT: false; Detected:false
12-14 21:09:18.556 D/SurfaceFlinger(  564): duplicate layer name: changing com.cootek.smartinputv5/com.cootek.smartinput5.Guide to com.cootek.smartinputv5/com.cootek.smartinput5.Guide#1
12-14 21:09:18.556 W/PhoneStatusBar( 1491): updateNotificationShade hasFaceDT: false; Detected:false
12-14 21:09:18.557 W/WindowManager( 1177): EGLdebug Created surface WindowStateAnimator{6e2b9b8 com.cootek.smartinputv5/com.cootek.smartinput5.Guide}
12-14 21:09:18.559 V/WindowManager( 1177): Checking 1 opening apps (frozen=false timeout=false)...
12-14 21:09:18.559 V/WindowManager( 1177): Check opening app=AppWindowToken{9f29768 token=Token{451da8b ActivityRecord{cd3785a u0 com.cootek.smartinputv5/com.cootek.smartinput5.Guide t19}}}: allDrawn=false startingDisplayed=false startingMoved=false isRelaunching()=false
12-14 21:09:18.560 D/KeyEvent(10299): obtain, mHwFlags=1
12-14 21:09:18.560 W/ViewRootImpl[Guide](10299): Dropping event due to no window focus: KeyEvent { action=ACTION_DOWN, keyCode=KEYCODE_DPAD_UP, scanCode=0, metaState=0, flags=0x8, hwFlags=0x1, repeatCount=0, eventTime=2737506, downTime=2737506, deviceId=-1, source=0x101 }
12-14 21:09:18.560 I/GRALLOC (  528): 	 shrFd=10,fmt=0x1,intFmt=0x200000001,btStrd=4352,size=7995392,pid=528 
12-14 21:09:18.560 I/GRALLOC (  528): 	 yuv=2,w=1080,h=1808,Stride u=0 v=0,offset u=0 v=0 
12-14 21:09:18.560 I/GRALLOC (  528): 	 iova_size=7995392,conUsg=0x900,proUsg=0x900,	 strd=1088,[afbc]HdrStrd=1088 PyldStrd=69632 Scrmbl=2,ionhnd = 1 
12-14 21:09:18.560 D/KeyEvent( 1177): obtain, mHwFlags=-56
12-14 21:09:18.560 D/KeyEvent( 1177): obtain, mHwFlags=0
12-14 21:09:18.560 D/KeyEvent( 1177): obtain, mHwFlags=0
12-14 21:09:18.560 D/KeyEvent(10299): obtain, mHwFlags=1
12-14 21:09:18.560 W/ViewRootImpl[Guide](10299): Cancelling event due to no window focus: KeyEvent { action=ACTION_UP, keyCode=KEYCODE_DPAD_UP, scanCode=0, metaState=0, flags=0x28, hwFlags=0x1, repeatCount=0, eventTime=2737556, downTime=2737556, deviceId=-1, source=0x101 }
12-14 21:09:18.561 I/GRALLOC (  528): 	 shrFd=10,fmt=0x1,intFmt=0x200000001,btStrd=4352,size=7995392,pid=528 
12-14 21:09:18.561 I/GRALLOC (  528): 	 yuv=2,w=1080,h=1808,Stride u=0 v=0,offset u=0 v=0 
12-14 21:09:18.561 I/GRALLOC (  528): 	 iova_size=7995392,conUsg=0x900,proUsg=0x900,	 strd=1088,[afbc]HdrStrd=1088 PyldStrd=69632 Scrmbl=2,ionhnd = 1 
12-14 21:09:18.561 D/KeyEvent( 1177): obtain, mHwFlags=824146696
12-14 21:09:18.561 I/GRALLOC (  528): 	 shrFd=10,fmt=0x1,intFmt=0x200000001,btStrd=4352,size=7995392,pid=528 
12-14 21:09:18.561 I/GRALLOC (  528): 	 yuv=2,w=1080,h=1808,Stride u=0 v=0,offset u=0 v=0 
12-14 21:09:18.561 I/GRALLOC (  528): 	 iova_size=7995392,conUsg=0x900,proUsg=0x900,	 strd=1088,[afbc]HdrStrd=1088 PyldStrd=69632 Scrmbl=2,ionhnd = 1 
12-14 21:09:18.561 D/mali_winsys(10299): EGLint new_window_surface(egl_winsys_display *, void *, EGLSurface, EGLConfig, egl_winsys_surface **, egl_color_buffer_format *, EGLBoolean) returns 0x3000
12-14 21:09:18.562 W/HwKeyguardDragHelper( 1491): AnimationBlocked
12-14 21:09:18.565 I/GRALLOC (  528): 	 shrFd=10,fmt=0x1,intFmt=0x200000001,btStrd=5120,size=5492736,pid=528 
12-14 21:09:18.565 I/GRALLOC (  528): 	 yuv=2,w=1218,h=1046,Stride u=0 v=0,offset u=0 v=0 
12-14 21:09:18.565 I/GRALLOC (  528): 	 iova_size=5492736,conUsg=0xb00,proUsg=0xb00,	 strd=1280,[afbc]HdrStrd=1280 PyldStrd=81920 Scrmbl=2,ionhnd = 1 
12-14 21:09:18.568 D/WindowManager( 1177): finishDrawingWindow: Window{12b38de u0 com.cootek.smartinputv5/com.cootek.smartinput5.Guide} mDrawState=DRAW_PENDING
12-14 21:09:18.570 V/WindowManager( 1177): Checking 1 opening apps (frozen=false timeout=false)...
12-14 21:09:18.570 V/WindowManager( 1177): Check opening app=AppWindowToken{9f29768 token=Token{451da8b ActivityRecord{cd3785a u0 com.cootek.smartinputv5/com.cootek.smartinput5.Guide t19}}}: allDrawn=false startingDisplayed=false startingMoved=false isRelaunching()=false
12-14 21:09:18.571 E/Input   (10507): getAxisValue(): x--5.0-0.0--5.0
12-14 21:09:18.571 I/Monkey  (10507): :Sending Trackball (ACTION_MOVE): 0:(-5.0,4.0)
12-14 21:09:18.572 I/Monkey  (10507): Events injected: 100
12-14 21:09:18.573 I/Monkey  (10507): :Sending rotation degree=0, persist=false
12-14 21:09:18.574 W/libEGL  ( 3401): EGLNativeWindowType 0xe0198808 disconnect failed
12-14 21:09:18.574 V/WindowManager( 1177): removeIfPossible: Window{99ee0c5 u0 PopupWindow:983ddc8} callers=com.android.server.wm.WindowState.removeIfPossible:1914 com.android.server.wm.WindowManagerService.removeWindow:2031 com.android.server.wm.Session.remove:218 android.view.IWindowSession$Stub.onTransact:242 com.android.server.wm.Session.onTransact:161 
12-14 21:09:18.574 V/WindowManager( 1177): updateRotationUnchecked: alwaysSendConfiguration=false forceRelayout=false
12-14 21:09:18.574 V/WindowManager( 1177): removeIfPossible: Window{99ee0c5 u0 PopupWindow:983ddc8} callers=com.android.server.wm.WindowState.removeIfPossible:1914 com.android.server.wm.WindowManagerService.removeWindow:2031 com.android.server.wm.Session.remove:218 android.view.IWindowSession$Stub.onTransact:242 com.android.server.wm.Session.onTransact:161 
12-14 21:09:18.575 I/WindowManager( 1177): Destroying surface Surface(name=PopupWindow:983ddc8) called by com.android.server.wm.WindowStateAnimator.destroySurface:2072 com.android.server.wm.WindowStateAnimator.destroySurfaceLocked:884 com.android.server.wm.HwWindowStateAnimator.destroySurfaceLocked:1006 com.android.server.wm.WindowState.removeImmediately:1899 com.android.server.wm.WindowState.removeIfPossible:2051 com.android.server.wm.WindowState.removeIfPossible:1914 com.android.server.wm.WindowManagerService.removeWindow:2031 com.android.server.wm.Session.remove:218 
12-14 21:09:18.575 V/WindowManager( 1177): postWindowRemoveCleanupLocked: Window{99ee0c5 u0 PopupWindow:983ddc8}
12-14 21:09:18.575 V/WindowManager( 1177): Removing Window{99ee0c5 u0 PopupWindow:983ddc8} from WindowToken{75f964b android.os.Binder@8a30df1}
12-14 21:09:18.575 I/EventCenter( 1491): ContentChange for slot: 1
12-14 21:09:18.575 I/WindowOrientationListener( 1177): WindowOrientationListener disabled
12-14 21:09:18.576 D/        ( 1177): MotionHubChannel stopMotionReco: 7
12-14 21:09:18.576 D/        ( 1177): HWExtDeviceService removeConnection 
12-14 21:09:18.576 D/        ( 1177): HWExtDeviceService delete deviceRecord 
12-14 21:09:18.576 V/WindowManager( 1177): Checking 1 opening apps (frozen=false timeout=false)...
12-14 21:09:18.577 V/WindowManager( 1177): Check opening app=AppWindowToken{9f29768 token=Token{451da8b ActivityRecord{cd3785a u0 com.cootek.smartinputv5/com.cootek.smartinput5.Guide t19}}}: allDrawn=false startingDisplayed=false startingMoved=false isRelaunching()=false
12-14 21:09:18.577 D/StatusBarIconController( 1491): setIconVisibility icon is null or visibility not change visibility=false
12-14 21:09:18.577 I/WindowManager( 1177): rotationForOrientationLw(orient=1, last=0); user=0 USER_ROTATION_LOCKED
12-14 21:09:18.578 D/HwPhoneWindowManager( 1177): face_rotation: not enabled,use sensor real
12-14 21:09:18.578 D/HwPhoneWindowManager( 1177): face_rotation:real sensor rotation = -1
12-14 21:09:18.578 D/HwPhoneWindowManager( 1177): face_rotation: rotation = 0
12-14 21:09:18.578 I/WindowManager( 1177): Selected orientation 1, got rotation 0 which has compatible metrics
12-14 21:09:18.581 I/GRALLOC (  528): 	 shrFd=10,fmt=0x1,intFmt=0x200000001,btStrd=4352,size=7995392,pid=528 
12-14 21:09:18.581 I/GRALLOC (  528): 	 yuv=2,w=1080,h=1808,Stride u=0 v=0,offset u=0 v=0 
12-14 21:09:18.581 I/GRALLOC (  528): 	 iova_size=7995392,conUsg=0xb00,proUsg=0xb00,	 strd=1088,[afbc]HdrStrd=1088 PyldStrd=69632 Scrmbl=2,ionhnd = 1 
12-14 21:09:18.581 V/WindowManager( 1177): Checking 1 opening apps (frozen=false timeout=false)...
12-14 21:09:18.581 V/WindowManager( 1177): Check opening app=AppWindowToken{9f29768 token=Token{451da8b ActivityRecord{cd3785a u0 com.cootek.smartinputv5/com.cootek.smartinput5.Guide t19}}}: allDrawn=false startingDisplayed=false startingMoved=false isRelaunching()=false
12-14 21:09:18.583 V/WindowManager( 1177): updateRotationUnchecked: alwaysSendConfiguration=true forceRelayout=false
12-14 21:09:18.583 I/WindowManager( 1177): rotationForOrientationLw(orient=1, last=0); user=0 USER_ROTATION_LOCKED
12-14 21:09:18.583 D/HwPhoneWindowManager( 1177): face_rotation: not enabled,use sensor real
12-14 21:09:18.583 D/HwPhoneWindowManager( 1177): face_rotation:real sensor rotation = -1
12-14 21:09:18.583 D/HwPhoneWindowManager( 1177): face_rotation: rotation = 0
12-14 21:09:18.583 I/WindowManager( 1177): Selected orientation 1, got rotation 0 which has compatible metrics
12-14 21:09:18.584 V/WindowManager( 1177): updateRotationUnchecked: alwaysSendConfiguration=false forceRelayout=false
12-14 21:09:18.585 V/WindowManager( 1177): Checking 1 opening apps (frozen=false timeout=false)...
12-14 21:09:18.585 V/WindowManager( 1177): Check opening app=AppWindowToken{9f29768 token=Token{451da8b ActivityRecord{cd3785a u0 com.cootek.smartinputv5/com.cootek.smartinput5.Guide t19}}}: allDrawn=false startingDisplayed=false startingMoved=false isRelaunching()=false
12-14 21:09:18.585 I/EventCenter( 1491): ContentChange for slot: 1
12-14 21:09:18.585 D/WindowManager( 1177): finishDrawingWindow: Window{bfc9122 u0 com.cootek.smartinputv5/com.cootek.smartinput5.Guide} mDrawState=DRAW_PENDING
12-14 21:09:18.585 I/WindowManager( 1177): rotationForOrientationLw(orient=1, last=0); user=0 USER_ROTATION_LOCKED
12-14 21:09:18.585 D/WindowManager( 1177): face_rotation: isIntelliServiceEnabled: ro swtich off
12-14 21:09:18.585 D/HwPhoneWindowManager( 1177): face_rotation: not enabled,use sensor real
12-14 21:09:18.585 D/HwPhoneWindowManager( 1177): face_rotation:real sensor rotation = -1
12-14 21:09:18.585 D/HwPhoneWindowManager( 1177): face_rotation: rotation = 0
12-14 21:09:18.585 I/WindowManager( 1177): Selected orientation 1, got rotation 0 which has compatible metrics
12-14 21:09:18.586 D/StatusBarIconController( 1491): setIconVisibility icon is null or visibility not change visibility=false
12-14 21:09:18.586 V/WindowManager( 1177): Checking 1 opening apps (frozen=false timeout=false)...
12-14 21:09:18.586 V/WindowManager( 1177): Check opening app=AppWindowToken{9f29768 token=Token{451da8b ActivityRecord{cd3785a u0 com.cootek.smartinputv5/com.cootek.smartinput5.Guide t19}}}: allDrawn=true startingDisplayed=false startingMoved=false isRelaunching()=false
12-14 21:09:18.589 I/WindowManager( 1177): Taking screenshot from Surface with crop:[Rect(0, 0 - 1080, 1808)], width:[1080], height:[1808], minLayer:[11000], maxLayer:[21005], inRotation:[false], rot:[0]
12-14 21:09:18.595 E/Input   (10299): getAxisValue(): x--5.0-0.0--5.0
12-14 21:09:18.599 I/GRALLOC (  528): 	 shrFd=10,fmt=0x1,intFmt=0x1,btStrd=4352,size=7868416,pid=528 
12-14 21:09:18.599 I/GRALLOC (  528): 	 yuv=2,w=1080,h=1808,Stride u=0 v=0,offset u=0 v=0 
12-14 21:09:18.599 I/GRALLOC (  528): 	 iova_size=7868416,conUsg=0x306,proUsg=0x366,	 strd=1088,[afbc]HdrStrd=0 PyldStrd=0 Scrmbl=0,ionhnd = 1 
12-14 21:09:18.607 I/GRALLOC (  528): 	 shrFd=10,fmt=0x1,intFmt=0x200000001,btStrd=5120,size=5492736,pid=528 
12-14 21:09:18.607 I/GRALLOC (  528): 	 yuv=2,w=1218,h=1046,Stride u=0 v=0,offset u=0 v=0 
12-14 21:09:18.607 I/GRALLOC (  528): 	 iova_size=5492736,conUsg=0xb00,proUsg=0xb00,	 strd=1280,[afbc]HdrStrd=1280 PyldStrd=81920 Scrmbl=2,ionhnd = 1 
12-14 21:09:18.610 W/HwKeyguardDragHelper( 1491): AnimationBlocked
12-14 21:09:18.613 D/ActivityManager( 1177): setActivityController mControllerIsAMonkey:true callingPid:0 callingUid:2000
12-14 21:09:18.614 V/WindowManager( 1177): updateRotationUnchecked: alwaysSendConfiguration=false forceRelayout=false
12-14 21:09:18.615 D/WindowManager( 1177): finishDrawingWindow: Window{bfc9122 u0 com.cootek.smartinputv5/com.cootek.smartinput5.Guide} mDrawState=HAS_DRAWN
12-14 21:09:18.615 I/Monkey  (10507): ## Network stats: elapsed time=1127ms (0ms mobile, 0ms wifi, 1127ms not connected)
12-14 21:09:18.615 I/Monkey  (10507): // Monkey finished
12-14 21:09:18.616 I/com.android.commands.monkey(10507): System.exit called, status: 0
12-14 21:09:18.617 I/AndroidRuntime(10507): VM exiting with result code 0.
12-14 21:09:18.617 I/GRALLOC (  528): 	 shrFd=10,fmt=0x1,intFmt=0x200000001,btStrd=5120,size=5492736,pid=528 
12-14 21:09:18.617 I/GRALLOC (  528): 	 yuv=2,w=1218,h=1046,Stride u=0 v=0,offset u=0 v=0 
12-14 21:09:18.617 I/GRALLOC (  528): 	 iova_size=5492736,conUsg=0xb00,proUsg=0xb00,	 strd=1280,[afbc]HdrStrd=1280 PyldStrd=81920 Scrmbl=2,ionhnd = 1 
12-14 21:09:18.617 W/System.err(10299): java.io.FileNotFoundException: /proc/stat: open failed: EACCES (Permission denied)
12-14 21:09:18.617 W/System.err(10299): 	at libcore.io.IoBridge.open(IoBridge.java:512)
12-14 21:09:18.617 W/System.err(10299): 	at java.io.RandomAccessFile.<init>(RandomAccessFile.java:255)
12-14 21:09:18.617 W/System.err(10299): 	at java.io.RandomAccessFile.<init>(RandomAccessFile.java:136)
12-14 21:09:18.617 W/System.err(10299): 	at com.cootek.smartinput5.backgroundmonitor.utils.CpuUtil.b(TP:84)
12-14 21:09:18.617 W/System.err(10299): 	at com.cootek.smartinput5.backgroundmonitor.BackgroundStatMonitor.a(TP:365)
12-14 21:09:18.617 W/System.err(10299): 	at com.cootek.smartinput5.backgroundmonitor.BackgroundStatMonitor.a(TP:32)
12-14 21:09:18.617 W/System.err(10299): 	at com.cootek.smartinput5.backgroundmonitor.BackgroundStatMonitor$5.run(TP:258)
12-14 21:09:18.617 W/System.err(10299): 	at com.cootek.smartinput5.backgroundmonitor.utils.BackgroundExecutor$2.a(TP:176)
12-14 21:09:18.617 W/System.err(10299): 	at com.cootek.smartinput5.backgroundmonitor.utils.BackgroundExecutor$Task.run(TP:419)
12-14 21:09:18.617 W/System.err(10299): 	at java.util.concurrent.Executors$RunnableAdapter.call(Executors.java:457)
12-14 21:09:18.617 W/System.err(10299): 	at java.util.concurrent.FutureTask.run(FutureTask.java:266)
12-14 21:09:18.617 W/System.err(10299): 	at java.util.concurrent.ScheduledThreadPoolExecutor$ScheduledFutureTask.run(ScheduledThreadPoolExecutor.java:301)
12-14 21:09:18.617 W/System.err(10299): 	at java.util.concurrent.ThreadPoolExecutor.runWorker(ThreadPoolExecutor.java:1162)
12-14 21:09:18.617 W/System.err(10299): 	at java.util.concurrent.ThreadPoolExecutor$Worker.run(ThreadPoolExecutor.java:636)
12-14 21:09:18.617 W/System.err(10299): 	at java.lang.Thread.run(Thread.java:784)
12-14 21:09:18.617 W/System.err(10299): Caused by: android.system.ErrnoException: open failed: EACCES (Permission denied)
12-14 21:09:18.617 W/System.err(10299): 	at libcore.io.Linux.open(Native Method)
12-14 21:09:18.617 W/System.err(10299): 	at libcore.io.BlockGuardOs.open(BlockGuardOs.java:207)
12-14 21:09:18.617 W/System.err(10299): 	at libcore.io.IoBridge.open(IoBridge.java:498)
12-14 21:09:18.617 W/System.err(10299): 	... 14 more
12-14 21:09:18.618 W/System.err(10299): java.io.FileNotFoundException: /proc/stat: open failed: EACCES (Permission denied)
12-14 21:09:18.618 W/System.err(10299): 	at libcore.io.IoBridge.open(IoBridge.java:512)
12-14 21:09:18.618 W/System.err(10299): 	at java.io.RandomAccessFile.<init>(RandomAccessFile.java:255)
12-14 21:09:18.618 W/System.err(10299): 	at java.io.RandomAccessFile.<init>(RandomAccessFile.java:136)
12-14 21:09:18.618 W/System.err(10299): 	at com.cootek.smartinput5.backgroundmonitor.utils.CpuUtil.c(TP:220)
12-14 21:09:18.618 W/System.err(10299): 	at com.cootek.smartinput5.backgroundmonitor.BackgroundStatMonitor.a(TP:367)
12-14 21:09:18.618 W/System.err(10299): 	at com.cootek.smartinput5.backgroundmonitor.BackgroundStatMonitor.a(TP:32)
12-14 21:09:18.618 W/System.err(10299): 	at com.cootek.smartinput5.backgroundmonitor.BackgroundStatMonitor$5.run(TP:258)
12-14 21:09:18.618 W/System.err(10299): 	at com.cootek.smartinput5.backgroundmonitor.utils.BackgroundExecutor$2.a(TP:176)
12-14 21:09:18.618 W/System.err(10299): 	at com.cootek.smartinput5.backgroundmonitor.utils.BackgroundExecutor$Task.run(TP:419)
12-14 21:09:18.618 W/System.err(10299): 	at java.util.concurrent.Executors$RunnableAdapter.call(Executors.java:457)
12-14 21:09:18.618 W/System.err(10299): 	at java.util.concurrent.FutureTask.run(FutureTask.java:266)
12-14 21:09:18.618 W/System.err(10299): 	at java.util.concurrent.ScheduledThreadPoolExecutor$ScheduledFutureTask.run(ScheduledThreadPoolExecutor.java:301)
12-14 21:09:18.618 W/System.err(10299): 	at java.util.concurrent.ThreadPoolExecutor.runWorker(ThreadPoolExecutor.java:1162)
12-14 21:09:18.618 W/System.err(10299): 	at java.util.concurrent.ThreadPoolExecutor$Worker.run(ThreadPoolExecutor.java:636)
12-14 21:09:18.618 W/System.err(10299): 	at java.lang.Thread.run(Thread.java:784)
12-14 21:09:18.618 W/System.err(10299): Caused by: android.system.ErrnoException: open failed: EACCES (Permission denied)
12-14 21:09:18.618 W/System.err(10299): 	at libcore.io.Linux.open(Native Method)
12-14 21:09:18.618 W/System.err(10299): 	at libcore.io.BlockGuardOs.open(BlockGuardOs.java:207)
12-14 21:09:18.618 W/System.err(10299): 	at libcore.io.IoBridge.open(IoBridge.java:498)
12-14 21:09:18.618 W/System.err(10299): 	... 14 more
12-14 21:09:18.628 D/HwRecentsLockUtils( 1491): Search
12-14 21:09:18.628 E/HsmCoreServiceImpl( 1658): onTransact in code is: 103
12-14 21:09:18.629 I/MediaProcessHandler( 1658): playingUids: 
12-14 21:09:18.629 D/ActivityManager( 1177): Skipping intent:flg=0x10800000 cmp=com.cootek.smartinputv5/com.cootek.smartinput5.Guide
12-14 21:09:18.629 D/ActivityManager( 1177): Skipping intent:act=android.intent.action.MAIN cat=[android.intent.category.LAUNCHER] flg=0x10a00000 cmp=com.cootek.smartinputv5/com.cootek.smartinput5.GateActivity
12-14 21:09:18.629 I/GRALLOC (  528): 	 shrFd=10,fmt=0x1,intFmt=0x200000001,btStrd=4352,size=7995392,pid=528 
12-14 21:09:18.629 I/GRALLOC (  528): 	 yuv=2,w=1080,h=1808,Stride u=0 v=0,offset u=0 v=0 
12-14 21:09:18.629 I/GRALLOC (  528): 	 iova_size=7995392,conUsg=0xb00,proUsg=0xb00,	 strd=1088,[afbc]HdrStrd=1088 PyldStrd=69632 Scrmbl=2,ionhnd = 1 
12-14 21:09:18.632 I/WindowManager( 1177): rotationForOrientationLw(orient=1, last=0); user=0 USER_ROTATION_LOCKED
12-14 21:09:18.632 D/WindowManager( 1177): face_rotation: isIntelliServiceEnabled: ro swtich off
12-14 21:09:18.632 D/HwPhoneWindowManager( 1177): face_rotation: not enabled,use sensor real
12-14 21:09:18.632 D/HwPhoneWindowManager( 1177): face_rotation:real sensor rotation = -1
12-14 21:09:18.632 D/HwPhoneWindowManager( 1177): face_rotation: rotation = 0
12-14 21:09:18.632 I/WindowManager( 1177): Selected orientation 1, got rotation 0 which has compatible metrics
12-14 21:09:18.647 I/WindowOrientationListener( 1177): WindowOrientationListener enabled clearCurrentRotation=false
12-14 21:09:18.647 D/HWExtDeviceManager( 1177): motion DeviceEventQueue mDeviceHandler: Handler (com.huawei.hwextdevice.HWExtDeviceManager$DeviceEventQueue$HWExtDeviceHandler) {1b33fb1}
12-14 21:09:18.647 D/        ( 1177): ALOGD: HWExtDeviceManager::enableDevice 1 ... 
12-14 21:09:18.647 D/        ( 1177): HWExtDeviceService HWExtDeviceRecord 
12-14 21:09:18.647 D/        ( 1177): ALOGD: HWExtDeviceService::addActiveRecord add connection sucessed connSize: 2 
12-14 21:09:18.647 D/        ( 1177): MotionHubChannel startMotionReco: 7
12-14 21:09:18.648 D/ActivityManager( 1177): Skipping, home or recents stack task: TaskRecord{a3a81e8 #1 A=com.huawei.android.launcher U=0 StackId=0 sz=1}
12-14 21:09:18.647 D/        ( 1177): ALOGD: HWExtDeviceService::enableDevice add record: 2 
12-14 21:09:18.648 D/ActivityManager( 1177): Skipping, home or recents stack task: TaskRecord{a3a81e8 #1 A=com.huawei.android.launcher U=0 StackId=0 sz=1}
12-14 21:09:18.650 D/WeatherHelper( 1491): City info empty
12-14 21:09:18.650 D/DateTimeView( 1491): Change to single clock mode!
12-14 21:09:18.651 I/GRALLOC (  528): 	 shrFd=10,fmt=0x1,intFmt=0x200000001,btStrd=4352,size=7995392,pid=528 
12-14 21:09:18.651 I/GRALLOC (  528): 	 yuv=2,w=1080,h=1808,Stride u=0 v=0,offset u=0 v=0 
12-14 21:09:18.651 I/GRALLOC (  528): 	 iova_size=7995392,conUsg=0xb00,proUsg=0xb00,	 strd=1088,[afbc]HdrStrd=1088 PyldStrd=69632 Scrmbl=2,ionhnd = 1 
12-14 21:09:18.651 D/WeatherHelper( 1491): City info empty
12-14 21:09:18.651 D/WeatherHelper( 1491): City info empty
12-14 21:09:18.651 D/DateTimeView( 1491): Change to single clock mode!
12-14 21:09:18.652 D/WeatherHelper( 1491): City info empty
12-14 21:09:18.679 V/WindowManager( 1177): updateRotationUnchecked: alwaysSendConfiguration=true forceRelayout=false
12-14 21:09:18.679 I/WindowManager( 1177): rotationForOrientationLw(orient=1, last=0); user=0 
12-14 21:09:18.679 D/WindowManager( 1177): face_rotation: isIntelliServiceEnabled: ro swtich off
12-14 21:09:18.680 D/HwPhoneWindowManager( 1177): face_rotation: not enabled,use sensor real
12-14 21:09:18.680 D/HwPhoneWindowManager( 1177): face_rotation:real sensor rotation = -1
12-14 21:09:18.680 D/HwPhoneWindowManager( 1177): face_rotation: rotation = 0
12-14 21:09:18.680 I/WindowManager( 1177): Selected orientation 1, got rotation 0 which has compatible metrics
12-14 21:09:18.682 W/libEGL  ( 3401): EGLNativeWindowType 0xc6fb4808 disconnect failed
12-14 21:09:18.682 D/mali_winsys( 3401): EGLint new_window_surface(egl_winsys_display *, void *, EGLSurface, EGLConfig, egl_winsys_surface **, egl_color_buffer_format *, EGLBoolean) returns 0x3000
12-14 21:09:18.713 D/Facemoji( 3401): InputLogic=>restartSuggestionsOnWordTouchedByCursor
12-14 21:09:18.713 I/GRALLOC (  528): 	 shrFd=10,fmt=0x1,intFmt=0x200000001,btStrd=4352,size=7995392,pid=528 
12-14 21:09:18.713 I/GRALLOC (  528): 	 yuv=2,w=1080,h=1808,Stride u=0 v=0,offset u=0 v=0 
12-14 21:09:18.713 I/GRALLOC (  528): 	 iova_size=7995392,conUsg=0xb00,proUsg=0xb00,	 strd=1088,[afbc]HdrStrd=1088 PyldStrd=69632 Scrmbl=2,ionhnd = 1 
12-14 21:09:18.716 I/AppManager( 1676): dependence has been existed:10299 -> 3590
12-14 21:09:18.716 D/Facemoji( 3401): RichInputConnection=>getWordRangeAtCursor, textBeforeCursor = OOOO, textAfterCursor = OOOOO, hasUrlSpans = false, hasSpecialSymbol = false
12-14 21:09:18.717 D/Facemoji( 3401): RichInputConnection=>setComposingRegion start = [0], end = [9]
12-14 21:09:18.717 D/        ( 1177): motion-hal MotionHubChannel::readEvents motion_type == MOTIONHUB_TYPE_ROTATION
12-14 21:09:18.717 D/        ( 1177): HWExtMotionService valueSize:2 
12-14 21:09:18.717 D/        ( 1177): HWExtDeviceService getActiveConnections 
12-14 21:09:18.717 D/        ( 1177): HWExtDeviceService connSize:1 
12-14 21:09:18.717 E/TimeTracker( 3401): Unable to find the key:event_update_suggestion_prepare
12-14 21:09:18.717 D/Facemoji( 3401): Suggest=>getSuggestedWords
12-14 21:09:18.717 D/Facemoji( 3401): FacemojiDictionaryFacilitator=>getSuggestionResults : typedWord = [OOOOOOOOO], ngramContext = [PrevWord[0]: , isBeginningOfSentence: true. PrevWord[1]: Empty. PrevWord[2]: Empty. ], proximityInfo = [com.android.inputmethod.keyboard.ProximityInfo2@f7dfab3], settingsValuesForSuggestion = [com.baidu.facemoji.input.settings.SettingsValuesForSuggestion@5ca522e], sessionId = [0], inputStyle = [0]
12-14 21:09:18.718 D/TimeTracker( 3401): {"keyword":"event_get_suggestions4own","time":1,"before":{"input":"OOOOOOOOO"},"after":{"input":"OOOOOOOOO"}}
12-14 21:09:18.718 D/Facemoji( 3401): FacemojiDictionary=>getSuggestions, suggestions = [OOOOOOOOO]
12-14 21:09:18.718 D/Facemoji( 3401): FacemojiDictionaryFacilitator=>suggestionResults : [OOOOOOOOO]
12-14 21:09:18.718 D/HWEMRP  ( 1177): onDeviceDataChanged  proposedRotation:-1
12-14 21:09:18.718 D/HWEMRP  ( 1177): onDeviceDataChanged  oldProposedRotation:-1
12-14 21:09:18.729 V/WindowManager( 1177): updateRotationUnchecked: alwaysSendConfiguration=false forceRelayout=false
12-14 21:09:18.746 I/WindowManager( 1177): rotationForOrientationLw(orient=1, last=0); user=0 
12-14 21:09:18.746 D/WindowManager( 1177): face_rotation: isIntelliServiceEnabled: ro swtich off
12-14 21:09:18.746 D/HwPhoneWindowManager( 1177): face_rotation: not enabled,use sensor real
12-14 21:09:18.746 D/HwPhoneWindowManager( 1177): face_rotation:real sensor rotation = -1
12-14 21:09:18.746 D/HwPhoneWindowManager( 1177): face_rotation: rotation = 0
12-14 21:09:18.746 I/WindowManager( 1177): Selected orientation 1, got rotation 0 which has compatible metrics
12-14 21:09:18.746 I/Facemoji( 3401): LatinManager=>showSuggestionStrip : suggestedWords = [SuggestedWords: mTypedWordValid=true mWillAutoCorrect=false mInputStyle=0 words=[OOOOOOOOO]]
12-14 21:09:18.747 D/Facemoji( 3401): LatinManager=>onUpdateSelection : oldSelStart = [4], oldSelEnd = [4], newSelStart = [4], newSelEnd = [4], composingSpanStart = [0], composingSpanEnd = [9]
12-14 21:09:18.762 W/Looper  ( 1177): Dispatch took 115ms on android.ui, h=Handler (com.android.server.policy.PhoneWindowManager$PolicyHandler) {d606663} cb=android.database.ContentObserver$NotificationRunnable@c0b25ed msg=0
12-14 21:09:18.762 D/HWEMRP  ( 1177): onDeviceDataChanged  proposedRotation:-1
12-14 21:09:18.762 D/HWEMRP  ( 1177): onDeviceDataChanged  oldProposedRotation:-1
12-14 21:09:18.763 D/BarTransitions.HwPhoneStatusBarView( 1491): MODE_OPAQUE -> MODE_TRANSPARENT animate=false
12-14 21:09:18.763 D/BarTransitions.HwPhoneStatusBarView( 1491): applyModeBackground oldMode=MODE_OPAQUE newMode=MODE_TRANSPARENT animate=false
12-14 21:09:18.763 D/BarTransitions.HwPhoneStatusBarView( 1491): MODE_TRANSPARENT -> MODE_OPAQUE animate=false
12-14 21:09:18.763 D/BarTransitions.HwPhoneStatusBarView( 1491): applyModeBackground oldMode=MODE_TRANSPARENT newMode=MODE_OPAQUE animate=false
12-14 21:09:18.772 I/keystore(  621): del USRPKEY_com.appsflyer,KSAppsFlyerId=1544792797968-7093838624533208220,KSAppsFlyerRICounter=3 10207
12-14 21:09:18.773 I/keystore(  621): del USRSKEY_com.appsflyer,KSAppsFlyerId=1544792797968-7093838624533208220,KSAppsFlyerRICounter=3 10207
12-14 21:09:18.773 I/keystore(  621): del USRCERT_com.appsflyer,KSAppsFlyerId=1544792797968-7093838624533208220,KSAppsFlyerRICounter=3 10207
12-14 21:09:18.773 I/keystore(  621): del CACERT_com.appsflyer,KSAppsFlyerId=1544792797968-7093838624533208220,KSAppsFlyerRICounter=3 10207
12-14 21:09:18.774 I/keystore(  621): del USRPKEY_com.appsflyer,KSAppsFlyerId=1544792797968-7093838624533208220,KSAppsFlyerRICounter=4 10207
12-14 21:09:18.775 I/keystore(  621): del USRSKEY_com.appsflyer,KSAppsFlyerId=1544792797968-7093838624533208220,KSAppsFlyerRICounter=4 10207
12-14 21:09:18.775 I/keystore(  621): del USRCERT_com.appsflyer,KSAppsFlyerId=1544792797968-7093838624533208220,KSAppsFlyerRICounter=4 10207
12-14 21:09:18.775 I/keystore(  621): del CACERT_com.appsflyer,KSAppsFlyerId=1544792797968-7093838624533208220,KSAppsFlyerRICounter=4 10207
12-14 21:09:18.775 I/HisiKeyMaster(  460): hisi_km_generate_key start
12-14 21:09:18.793 I/GRALLOC (  528): 	 shrFd=10,fmt=0x1,intFmt=0x200000001,btStrd=4352,size=7995392,pid=528 
12-14 21:09:18.793 I/GRALLOC (  528): 	 yuv=2,w=1080,h=1808,Stride u=0 v=0,offset u=0 v=0 
12-14 21:09:18.793 I/GRALLOC (  528): 	 iova_size=7995392,conUsg=0xb00,proUsg=0xb00,	 strd=1088,[afbc]HdrStrd=1088 PyldStrd=69632 Scrmbl=2,ionhnd = 1 
12-14 21:09:18.817 I/HisiKeyMaster(  460): Disable the enhanced crypto!
12-14 21:09:18.833 I/HisiKeyMaster(  460): hisi_km_generate_key_ext success
12-14 21:09:18.836 I/HisiKeyMaster(  460): hisi_km_get_key_characteristics start
12-14 21:09:18.836 I/HisiKeyMaster(  460): Disable the enhanced crypto!
12-14 21:09:18.842 I/HisiKeyMaster(  460): hisi_km_get_key_characteristics success
12-14 21:09:18.842 I/HisiKeyMaster(  460): hisi_km_export_key start
12-14 21:09:18.842 I/HisiKeyMaster(  460): Disable the enhanced crypto!
12-14 21:09:18.849 I/HisiKeyMaster(  460): hisi_km_export_key success
12-14 21:09:18.910 E/Thermal-daemon(  627): [ap] temp_new :53  temp_old :51
12-14 21:09:18.910 I/ThermalService( 1676): Receive temperature change, type: 0, temp: 53 from thermald
12-14 21:09:18.911 D/HwThermalStateManager( 1676): Thermal type: 0 cur_temperature:53
12-14 21:09:18.911 E/Thermal-daemon(  627): Report temperature: [ap] temp :53  report_threshold:1
12-14 21:09:19.011 I/Pged-IPgedBinderService(  633): ****action is 2, pid num is 6***
12-14 21:09:19.011 I/Pged-Freezer(  633): thawPids
12-14 21:09:19.013 D/PgedBinderAdapter( 1676): unfrz ok, pid: [9180, 5565, 8249, 8392, 8409]
12-14 21:09:19.024 I/EventCenter( 1491): ContentChange for slot: 1
12-14 21:09:19.024 I/HwBrightnessUtils( 1491): APS brightness=55.0,ConvertToPercentage=0.41257036
12-14 21:09:19.025 V/WindowManager( 1177): Exit animation finished in Window{e7dc5e0 u0 com.cootek.test/com.cootek.test.MainActivity EXITING}: remove=false
12-14 21:09:19.044 I/EventCenter( 1491): ContentChange for slot: 1
12-14 21:09:19.046 D/SettingsAppWidgetProvider( 1518): enable buttons...
12-14 21:09:19.046 D/SettingsAppWidgetProvider( 1518): buttons enabled!
12-14 21:09:19.046 D/SettingsAppWidgetProvider( 1518): getActualWifiState = 3
12-14 21:09:19.066 E/WifiHAL (  560): enter wifi_get_link_stats
12-14 21:09:19.071 E/wificond(  628): Failed to get NL80211_STA_INFO_CNAHLOAD
12-14 21:09:19.071 E/WificondControl( 1177): Noise: -82, Snr: 0, Chload: -1
12-14 21:09:19.072 D/HwWifiCHRStateManager( 1177): handleMessage : 1001
12-14 21:09:19.072 D/HwWifiCHRStateManager( 1177): handleUpdateChannel:5745
12-14 21:09:19.072 V/HwWifiServiceFactory( 1177): get AllImpl object = com.android.server.wifi.HwWifiServiceFactoryImpl@ba916f3
12-14 21:09:19.073 D/WifiScoreReport( 1177): Score = 100, wifiConnectivityManagerEnabled = false, lowScoreCount = 0
12-14 21:09:19.134 E/WificondControl( 1177): Noise: -82, Snr: 0, Chload: -1
12-14 21:09:19.134 D/HwWifiCHRStateManager( 1177): handleMessage : 1001
12-14 21:09:19.134 D/HwWifiCHRStateManager( 1177): handleUpdateChannel:5745
12-14 21:09:19.134 V/HwWifiServiceFactory( 1177): get AllImpl object = com.android.server.wifi.HwWifiServiceFactoryImpl@ba916f3
12-14 21:09:19.137 D/HuaweiWifiWatchdogStateMachine( 1177): LM mrssi=-47
12-14 21:09:19.137 D/HuaweiWifiWatchdogStateMachine( 1177): 00:08:**:**:23:ca current loss[-47]=0%, volume=46
12-14 21:09:19.137 D/HuaweiWifiWatchdogStateMachine( 1177): 00:08:**:**:23:ca history loss[-47]=0.75%, volume=161383
12-14 21:09:19.137 I/HuaweiWifiWatchdogStateMachine( 1177): spd good count:0, add sc:0.0, rate:1.0
12-14 21:09:19.137 I/HuaweiWifiWatchdogStateMachine( 1177): current mHighDataFlowRate = 1.0
12-14 21:09:19.137 I/HuaweiWifiWatchdogStateMachine( 1177): POta txb txg rxg:0, 46, 0. Lr =0% Totpkt=46
12-14 21:09:19.137 D/WiFi_PRO( 1177): MSG_RETURN_AP_CURRY_RSSI rssi = -47
12-14 21:09:19.137 I/QosMonitor( 1177): queryRtt: rtt_type = 3
12-14 21:09:19.137 I/HwQoEJNI( 1177): send_cmd_kernel. begin
12-14 21:09:19.137 I/HwQoEJNI( 1177): send_cmd_kernel. end
12-14 21:09:19.138 I/QosMonitor( 1177): postEventFromNative: msg=100,arg1=4,arg2=10
12-14 21:09:19.138 D/HwWifiConnectivityMonitor( 1177): ENTER: notifyTopUidTcpInfo, tx = 8, rx = 5, reTx = 0, uid = 10207, tr = 0.0
12-14 21:09:19.138 I/HwQoEJNI( 1177): send_cmd_kernel. begin
12-14 21:09:19.138 I/HwQoEJNI( 1177): send_cmd_kernel. end
12-14 21:09:19.138 D/HwWifiConnectivityMonitor( 1177): ENTER: notifyTopUidTcpInfo, rtt = 3032, rttPkts = 4, aveRtt = 758.0, app = com.cootek.smartinputv5
12-14 21:09:19.138 I/QosMonitor( 1177): postEventFromNative: msg=100,arg1=0,arg2=10
12-14 21:09:19.138 D/HwUidTcpMonitor( 1177): parseWlanUidTcpStatistics lastUidTcpStatInfo = [ mUid = 10207 mPacketName = com.cootek.smartinputv5 mSendSegs = 681 mResendSegs = 1 mRcvSegs = 739 ]
12-14 21:09:19.138 D/HuaweiWifiWatchdogStateMachine( 1177): 00:08:**:**:23:ca current RTT[-47]=1292, volume=11
12-14 21:09:19.138 D/HuaweiWifiWatchdogStateMachine( 1177): 00:08:**:**:23:ca history RTT[-47]=1486, volume=14052
12-14 21:09:19.138 D/HuaweiWifiWatchdogStateMachine( 1177): setSampleRtt: rtt=1292,rtt_pkts =11,rtt_when=0
12-14 21:09:19.138 D/HwWifiConnectivityMonitor( 1177): handleTopUidInternetStatusChanged, uid = 10207, status = 0
12-14 21:09:19.138 I/MQoS    ( 1177): rtt=1292,tcp_tx_pkts=68569,tcp_rx_pkts=89615
12-14 21:09:19.138 I/QosMonitor( 1177): resetRtt: rtt_type = 3
12-14 21:09:19.138 I/HwQoEJNI( 1177): send_cmd_kernel. begin
12-14 21:09:19.138 I/HwQoEJNI( 1177): send_cmd_kernel. end
12-14 21:09:19.138 I/MQoS    ( 1177): QOS_level:0(0),DataDisable;use level-0
12-14 21:09:19.138 I/MQoS    ( 1177): skip-low-Level:0(0),DataDisable;use level-0
12-14 21:09:19.139 D/HuaweiWifiWatchdogStateMachine( 1177): dumpTcpResult: len=10,rtt=1292,rttPkt=11,rttWn=0,cgt=16,cgtWn=607472
12-14 21:09:19.139 I/HuaweiWifiWatchdogStateMachine( 1177): PTcp RTT:1292, rtt pkt=11, tcp_rx=16, tcp_tx=28, tcp_reTran=0, rtRate=0
12-14 21:09:19.139 D/HuaweiWifiWatchdogStateMachine( 1177): mRssiBadCount =0, RSSI not bad.
12-14 21:09:19.139 D/HuaweiWifiWatchdogStateMachine( 1177): detectNetworkAvailable:hw.wifipro.dns_fail_count = 6
12-14 21:09:19.139 D/HuaweiWifiWatchdogStateMachine( 1177): detectNetworkAvailable: tcpRxPkts != 0, reset
12-14 21:09:19.139 I/HuaweiWifiWatchdogStateMachine( 1177): rs ota tcp lr rttvb bad: false, false, false, false, false; rsth:-75
12-14 21:09:19.139 D/HuaweiWifiWatchdogStateMachine( 1177): GSC:0, GSR:1.0, RSR:1.0, RTH:-75
12-14 21:09:19.139 D/HuaweiWifiWatchdogStateMachine( 1177): bqeLevel = 2 rtt=1292,rtt_pkts=11 speed=19 rssi=-47
12-14 21:09:19.140 D/HuaweiWifiWatchdogStateMachine( 1177): Enter updateQoeLevel level = 2
12-14 21:09:19.140 D/HuaweiWifiWatchdogStateMachine( 1177): updateQoeLevel current level equal to mLastDetectLevel, return
12-14 21:09:19.140 I/HuaweiWifiWatchdogStateMachine( 1177):  pkt chk not bad, reset sc to 0.
