12-14 21:08:49.429 V/WindowManager( 1177): notifyAppStopped: AppWindowToken{a788780 token=Token{de79c03 ActivityRecord{d39f4b2 u0 com.cootek.test/.MainActivity t3}}}
12-14 21:08:49.429 E/WindowManager( 1177): win=Window{e7dc5e0 u0 com.cootek.test/com.cootek.test.MainActivity} destroySurfaces: appStopped=true win.mWindowRemovalAllowed=false win.mRemoveOnExit=false
12-14 21:08:49.429 I/WindowManager( 1177): Destroying surface Surface(name=com.cootek.test/com.cootek.test.MainActivity) called by com.android.server.wm.WindowStateAnimator.destroySurface:2072 com.android.server.wm.WindowStateAnimator.destroySurfaceLocked:884 com.android.server.wm.HwWindowStateAnimator.destroySurfaceLocked:1006 com.android.server.wm.WindowState.destroyOrSaveSurfaceUnchecked:2998 com.android.server.wm.WindowState.destroySurface:2951 com.android.server.wm.AppWindowToken.destroySurfaces:664 com.android.server.wm.AppWindowToken.destroySurfaces:648 com.android.server.wm.AppWindowToken.notifyAppStopped:692 
12-14 21:08:49.431 D/HwGameAssistantController( 1177): pid=8771, uid=10206, foreground=false
12-14 21:08:49.432 W/AwareLog( 1177): SchedLevelBoost: onFgActivitiesChanged config not set!
12-14 21:08:49.556 I//vendor/bin/hw/vendor.huawei.hardware.sensors@1.0-service(  558): activate-0 frameOpenedAls-1 enabled-0 cameraOpenedAls-0 frameOpenedColor-0 cameraOpenedColor-0
12-14 21:08:49.556 D/SensorHub(  558): Channel activate-> handle: 0, enabled:0, err: 0
12-14 21:08:49.557 I//vendor/bin/hw/vendor.huawei.hardware.sensors@1.0-service(  558): activate-5 frameOpenedAls-1 enabled-0 cameraOpenedAls-0 frameOpenedColor-0 cameraOpenedColor-0
12-14 21:08:49.557 D/SensorHub(  558): Channel activate-> handle: 5, enabled:0, err: 0
12-14 21:08:49.558 I//vendor/bin/hw/vendor.huawei.hardware.sensors@1.0-service(  558): activate-1 frameOpenedAls-1 enabled-0 cameraOpenedAls-0 frameOpenedColor-0 cameraOpenedColor-0
12-14 21:08:49.558 I/SensorState( 1676): sensor:0 name:accelerometer enable:false uid:10207
12-14 21:08:49.558 D/SensorHub(  558): Channel activate-> handle: 1, enabled:0, err: 0
12-14 21:08:49.558 I/SensorState( 1676): removeSensor,mHandles:{1=1, 5=1}
12-14 21:08:49.558 I/PGServer( 1676): report state:4 event type:2 pid:0 uid:10207 pkg:null to pid: 1177
12-14 21:08:49.560 I/InputManager( 1676): new hook event
12-14 21:08:49.560 I/SensorState( 1676): sensor:5 name:gyroscope enable:false uid:10207
12-14 21:08:49.560 I/InputManager( 1676): new hook event
12-14 21:08:49.560 I/SensorState( 1676): removeSensor,mHandles:{1=1}
12-14 21:08:49.560 I/PGServer( 1676): report state:4 event type:2 pid:5 uid:10207 pkg:null to pid: 1177
12-14 21:08:49.561 I/SensorState( 1676): sensor:1 name:mag-akm09911 enable:false uid:10207
12-14 21:08:49.561 I/SensorState( 1676): sensor stop, total history time:1521
12-14 21:08:49.561 I/SensorState( 1676): removeSensor,mHandles:{}
12-14 21:08:49.561 I/PGServer( 1676): report state:4 event type:2 pid:1 uid:10207 pkg:null to pid: 1177
12-14 21:08:49.719 D/WeatherHelper( 1491): City info empty
12-14 21:08:49.720 D/WeatherHelper( 1491): City info empty
12-14 21:08:49.739 W/AwareLog( 1177): AwareMem_MemoryUtils: trim Memory illegal arg exception, proc:9925 level:40
12-14 21:08:49.807 D/HwRTBlurUtils(10299): check blur style for HwPhoneWindow, themeResId : 0x7f0b01af, context : android.view.ContextThemeWrapper@5ffa872, Nhwext : 0, get Blur : disable with , null
12-14 21:08:49.807 D/HwRTBlurUtils(10299): check blur style for HwPhoneWindow, themeResId : 0x7f0b01af, context : android.view.ContextThemeWrapper@5ffa872, Nhwext : 0, get Blur : disable with , null
12-14 21:08:49.818 D/WeatherHelper( 1491): City info empty
12-14 21:08:49.819 D/DateTimeView( 1491): Change to single clock mode!
12-14 21:08:49.820 D/WeatherHelper( 1491): City info empty
12-14 21:08:49.821 D/WeatherHelper( 1491): City info empty
12-14 21:08:49.822 D/DateTimeView( 1491): Change to single clock mode!
12-14 21:08:49.822 D/CubicBezierInterpolator(10299): CubicBezierInterpolator  mControlPoint1x = 0.23, mControlPoint1y = 0.06, mControlPoint2x = 0.09, mControlPoint2y = 0.97
12-14 21:08:49.823 D/CubicBezierInterpolator(10299): CubicBezierInterpolator  mControlPoint1x = 0.6, mControlPoint1y = 0.9, mControlPoint2x = 0.8, mControlPoint2y = 1.0
12-14 21:08:49.823 D/CubicBezierInterpolator(10299): CubicBezierInterpolator  mControlPoint1x = 0.23, mControlPoint1y = 0.06, mControlPoint2x = 0.09, mControlPoint2y = 0.97
12-14 21:08:49.823 D/CubicBezierInterpolator(10299): CubicBezierInterpolator  mControlPoint1x = 0.6, mControlPoint1y = 0.9, mControlPoint2x = 0.8, mControlPoint2y = 1.0
12-14 21:08:49.823 D/WeatherHelper( 1491): City info empty
12-14 21:08:49.829 D/CubicBezierInterpolator(10299): CubicBezierInterpolator  mControlPoint1x = 0.23, mControlPoint1y = 0.06, mControlPoint2x = 0.09, mControlPoint2y = 0.97
12-14 21:08:49.830 D/CubicBezierInterpolator(10299): CubicBezierInterpolator  mControlPoint1x = 0.6, mControlPoint1y = 0.9, mControlPoint2x = 0.8, mControlPoint2y = 1.0
12-14 21:08:49.830 D/CubicBezierInterpolator(10299): CubicBezierInterpolator  mControlPoint1x = 0.23, mControlPoint1y = 0.06, mControlPoint2x = 0.09, mControlPoint2y = 0.97
12-14 21:08:49.830 D/CubicBezierInterpolator(10299): CubicBezierInterpolator  mControlPoint1x = 0.6, mControlPoint1y = 0.9, mControlPoint2x = 0.8, mControlPoint2y = 1.0
12-14 21:08:49.835 D/OpenGLRenderer(10299):   HWUI Binary is  enabled
12-14 21:08:49.836 V/WindowManager( 1177): Adding Window{12b38de u0 com.cootek.smartinputv5/com.cootek.smartinput5.Guide} to AppWindowToken{9f29768 token=Token{451da8b ActivityRecord{cd3785a u0 com.cootek.smartinputv5/com.cootek.smartinput5.Guide t19}}}
12-14 21:08:49.837 V/WindowManager( 1177): addWindow: New client android.os.BinderProxy@c26e019: window=Window{12b38de u0 com.cootek.smartinputv5/com.cootek.smartinput5.Guide} Callers=com.android.server.wm.HwWindowManagerService.addWindow:574 com.android.server.wm.Session.addToDisplay:199 android.view.IWindowSession$Stub.onTransact:124 com.android.server.wm.Session.onTransact:161 android.os.Binder.execTransact:675 
12-14 21:08:49.841 D/OpenGLRenderer(10299):   HWUI Binary is  enabled
12-14 21:08:49.842 I/PressGestureDetector(10299): enabledInPad = false,isPcCastMode = false
12-14 21:08:49.853 D/SurfaceFlinger(  564): duplicate layer name: changing com.cootek.smartinputv5/com.cootek.smartinput5.Guide to com.cootek.smartinputv5/com.cootek.smartinput5.Guide#1
12-14 21:08:49.854 W/WindowManager( 1177): EGLdebug Created surface WindowStateAnimator{46f0abf com.cootek.smartinputv5/com.cootek.smartinput5.Guide}
12-14 21:08:49.859 I/GRALLOC (  528): 	 shrFd=10,fmt=0x1,intFmt=0x200000001,btStrd=5120,size=5492736,pid=528 
12-14 21:08:49.859 I/GRALLOC (  528): 	 yuv=2,w=1218,h=1046,Stride u=0 v=0,offset u=0 v=0 
12-14 21:08:49.859 I/GRALLOC (  528): 	 iova_size=5492736,conUsg=0x900,proUsg=0x900,	 strd=1280,[afbc]HdrStrd=1280 PyldStrd=81920 Scrmbl=2,ionhnd = 1 
12-14 21:08:49.860 I/chatty  (  528): uid=1000(system) allocator@2.0-s identical 1 line
12-14 21:08:49.861 I/GRALLOC (  528): 	 shrFd=10,fmt=0x1,intFmt=0x200000001,btStrd=5120,size=5492736,pid=528 
12-14 21:08:49.861 I/GRALLOC (  528): 	 yuv=2,w=1218,h=1046,Stride u=0 v=0,offset u=0 v=0 
12-14 21:08:49.861 I/GRALLOC (  528): 	 iova_size=5492736,conUsg=0x900,proUsg=0x900,	 strd=1280,[afbc]HdrStrd=1280 PyldStrd=81920 Scrmbl=2,ionhnd = 1 
12-14 21:08:49.862 D/mali_winsys(10299): EGLint new_window_surface(egl_winsys_display *, void *, EGLSurface, EGLConfig, egl_winsys_surface **, egl_color_buffer_format *, EGLBoolean) returns 0x3000
12-14 21:08:49.864 I/GRALLOC (  528): 	 shrFd=10,fmt=0x1,intFmt=0x200000001,btStrd=5120,size=5492736,pid=528 
12-14 21:08:49.864 I/GRALLOC (  528): 	 yuv=2,w=1218,h=1046,Stride u=0 v=0,offset u=0 v=0 
12-14 21:08:49.864 I/GRALLOC (  528): 	 iova_size=5492736,conUsg=0xb00,proUsg=0xb00,	 strd=1280,[afbc]HdrStrd=1280 PyldStrd=81920 Scrmbl=2,ionhnd = 1 
12-14 21:08:49.875 D/WindowManager( 1177): finishDrawingWindow: Window{12b38de u0 com.cootek.smartinputv5/com.cootek.smartinput5.Guide} mDrawState=DRAW_PENDING
12-14 21:08:49.884 D/WindowManager( 1177): finishDrawingWindow: Window{12b38de u0 com.cootek.smartinputv5/com.cootek.smartinput5.Guide} mDrawState=HAS_DRAWN
12-14 21:08:49.887 I/GRALLOC (  528): 	 shrFd=10,fmt=0x1,intFmt=0x200000001,btStrd=5120,size=5492736,pid=528 
12-14 21:08:49.887 I/GRALLOC (  528): 	 yuv=2,w=1218,h=1046,Stride u=0 v=0,offset u=0 v=0 
12-14 21:08:49.887 I/GRALLOC (  528): 	 iova_size=5492736,conUsg=0xb00,proUsg=0xb00,	 strd=1280,[afbc]HdrStrd=1280 PyldStrd=81920 Scrmbl=2,ionhnd = 1 
12-14 21:08:49.907 D/Layer   (  564): doWinFrameOptStatusRecog begin to recog Layer result=2
12-14 21:08:49.958 W/PackageParser( 5565): Unknown element under <manifest>: library at /data/app/com.cootek.smartinputv5-Z5V39lAH99xSmX2v2_7scg==/base.apk Binary XML file line #53
12-14 21:08:49.958 W/PackageParser( 5565): Unknown element under <manifest>: library at /data/app/com.cootek.smartinputv5-Z5V39lAH99xSmX2v2_7scg==/base.apk Binary XML file line #54
12-14 21:08:50.127 I/Icing   ( 3590): Indexing com.google.android.gms-apps from com.google.android.gms
12-14 21:08:50.165 I/DisplayPowerController( 1177): mPowerRequest.useSmartBacklight : true
12-14 21:08:50.175 I/Icing   ( 3590): Indexing com.google.android.gms-internal.3p:MobileApplication from com.google.android.gms
12-14 21:08:50.188 I/Icing   ( 3590): Indexing done com.google.android.gms-apps
12-14 21:08:50.189 I/Icing   ( 3590): Indexing com.google.android.gms-internal.3p:MusicGroup from com.google.android.gms
12-14 21:08:50.197 I/Icing   ( 3590): Indexing com.google.android.gms-internal.3p:DigitalDocument from com.google.android.gms
12-14 21:08:50.205 D/HwWifiStatStore( 1177): handleMessage : 200
12-14 21:08:50.206 I/Icing   ( 3590): Indexing com.google.android.gms-internal.3p:Message from com.google.android.gms
12-14 21:08:50.212 I/TrafficMonitor( 1177): update:rxPkts:53,txPkts:68,rxBytes:36788,txBytes:9541
12-14 21:08:50.213 I/TrafficMonitor( 1177): no expired. level:3
12-14 21:08:50.213 I/TrafficMonitor( 1177): gettimer:interval=2000
12-14 21:08:50.213 I/TrafficMonitor( 1177): during_ms:2001,period_ms:2000
12-14 21:08:50.213 I/TrafficMonitor( 1177): count:951,rx_sum:53,tx_sum:68,rxBytes:36788,during_ms:2001,rx_speed:18384.8075962019,tx_speed:4768.115942028986,rto:0.7794117647058824
12-14 21:08:50.213 D/HuaweiWifiWatchdogStateMachine( 1177): speed: rxpkt:53, rxSpd:18384B/s, txpkt:68, txSpd:4768
12-14 21:08:50.217 I/Icing   ( 3590): Indexing done com.google.android.gms-internal.3p:MobileApplication
12-14 21:08:50.218 I/Icing   ( 3590): Indexing com.google.android.gms-internal.3p:Photograph from com.google.android.gms
12-14 21:08:50.226 I/Icing   ( 3590): Indexing com.google.android.gms-internal.3p:MusicRecording from com.google.android.gms
12-14 21:08:50.237 I/Icing   ( 3590): Indexing done com.google.android.gms-internal.3p:MusicGroup
12-14 21:08:50.240 I/Icing   ( 3590): Indexing done com.google.android.gms-internal.3p:DigitalDocument
12-14 21:08:50.245 I/Icing   ( 3590): Indexing done com.google.android.gms-internal.3p:Message
12-14 21:08:50.249 I/Icing   ( 3590): Indexing done com.google.android.gms-internal.3p:Photograph
12-14 21:08:50.251 I/Icing   ( 3590): Indexing done com.google.android.gms-internal.3p:MusicRecording
12-14 21:08:50.262 W/ProcBatteryStats( 1177): timer is not running , not stop, name: , uid: 10019, tag: Icing
12-14 21:08:50.293 E/zygote  ( 7832): Timed out waiting for threads to suspend, waited for 750.048s
12-14 21:08:50.438 I/zygote  (10299): Deoptimizing boolean com.cootek.tracer.internal.io.parser.AbstractParser.add(int) due to JIT inline cache
12-14 21:08:50.657 I/HwLauncher( 1721): AllIdleAppsList  updatePackage : package[com.huawei.appmarket] matched activity's size is 1 and data List size is 66
12-14 21:08:50.809 I/HwNormalizedSpline( 1177): PowerSavingMode defualtbrightness=44.985775,lux=225.0,mCalibrationRatio=0.87440383
12-14 21:08:50.811 I/DisplayPowerController( 1177): mPowerRequest.useSmartBacklight : true
12-14 21:08:50.812 I/EventCenter( 1491): ContentChange for slot: 1
12-14 21:08:50.814 I/chatty  ( 1491): uid=10027(u0_a27) KG_Background_H identical 1 line
12-14 21:08:50.814 I/EventCenter( 1491): ContentChange for slot: 1
12-14 21:08:50.961 I/Ararat/DataChannel(10299): sign verify pass
12-14 21:08:50.973 D/PresentConfigParser(10299): fid: IME_ONLINE_ANDROID_holiday_icon_change_xmas_formalbig_default
12-14 21:08:50.973 D/PresentConfigParser(10299): fid: IME_ONLINE_000183_WAKE
12-14 21:08:50.974 D/PresentConfigParser(10299): fid: IME_ONLINE_ANDROID_functionbarcoolblue1205_default
12-14 21:08:50.974 D/PresentConfigParser(10299): fid: IME_ONLINE_ANDROID_10000000031
12-14 21:08:50.974 D/PresentConfigParser(10299): fid: IME_ONLINE_PIN_SKIN_Allversion
12-14 21:08:50.974 D/PresentConfigParser(10299): fid: IME_ONLINE_ANDROID_skull1205_banner_en
12-14 21:08:50.974 D/PresentConfigParser(10299): fid: IME_ONLINE_ANDROID_themedrawer_christmassticker1204_default
12-14 21:08:50.974 I/Ararat/DataChannel(10299): check pass
12-14 21:08:50.984 D/PresentConfigParser(10299): fid: IME_ONLINE_ANDROID_holiday_icon_change_xmas_formalbig_default
12-14 21:08:50.984 D/PresentConfigParser(10299): fid: IME_ONLINE_000183_WAKE
12-14 21:08:50.984 D/PresentConfigParser(10299): fid: IME_ONLINE_ANDROID_functionbarcoolblue1205_default
12-14 21:08:50.984 D/PresentConfigParser(10299): fid: IME_ONLINE_ANDROID_10000000031
12-14 21:08:50.985 D/PresentConfigParser(10299): fid: IME_ONLINE_PIN_SKIN_Allversion
12-14 21:08:50.985 D/PresentConfigParser(10299): fid: IME_ONLINE_ANDROID_skull1205_banner_en
12-14 21:08:50.985 D/PresentConfigParser(10299): fid: IME_ONLINE_ANDROID_themedrawer_christmassticker1204_default
12-14 21:08:51.019 W/libc    (  500): Set property "hw.wifi.dns_stat" to "182,21,5216,1,21518"
12-14 21:08:51.025 V/BroadcastQueue( 1177): Finished with ordered broadcast BroadcastRecord{7eb7951 u0 com.cootek.presentation.action.MESSAGE_READY}
12-14 21:08:51.091 I/ws001   (10299): p.m. n p f n=com.cootek.shuke.plugin b1=false b2=false
12-14 21:08:51.123 I/dex     (10299): load /data/user/0/com.cootek.smartinputv5/app_p_a/648286964.jar ...
12-14 21:08:51.153 W/dex2oat (10467): Using default instruction set features for ARM CPU variant (default) using conservative defaults
12-14 21:08:51.154 I/dex2oat (10467): /system/bin/dex2oat -j4 --dex-file=/data/data/com.cootek.smartinputv5/app_p_a/648286964.jar --output-vdex-fd=149 --oat-fd=150 --oat-location=/data/data/com.cootek.smartinputv5/app_p_a/oat/arm/648286964.odex --compiler-filter=quicken
12-14 21:08:51.154 I/cutils-trace(10467): atrace_init_once, trace_marker_path = /sys/kernel/debug/tracing/trace_marker
12-14 21:08:51.275 I/dex2oat (10467): dex2oat took 121.634ms (229.121ms cpu) (threads: 4) arena alloc=7KB (8152B) java alloc=858KB (879552B) native alloc=1543KB (1580896B) free=2MB (2613408B)
12-14 21:08:51.279 W/zygote  (10299): Skipping duplicate class check due to unrecognized classloader
12-14 21:08:51.283 I/dex     (10299): load /data/user/0/com.cootek.smartinputv5/app_p_a/648286964.jar = com.qihoo360.replugin.PluginDexClassLoader[DexPathList[[zip file "/data/user/0/com.cootek.smartinputv5/app_p_a/648286964.jar"],nativeLibraryDirectories=[/data/user/0/com.cootek.smartinputv5/app_p_n/648286964, /system/lib, /vendor/lib, /product/lib]]]
12-14 21:08:51.302 W/ws001   (10299): NRH lcl.fc: c=com.qihoo360.plugin.com.cootek.shuke.plugin.Entry
12-14 21:08:51.302 W/ws001   (10299): NRH lcl.fc: c=com.qihoo360.plugin.com.cootek.shuke.plugin.Entry
12-14 21:08:51.306 I/MultiDex(10299): VM with version 2.1.0 has multidex support
12-14 21:08:51.306 I/MultiDex(10299): Installing application
12-14 21:08:51.306 I/MultiDex(10299): VM has multidex support, MultiDex support library is disabled.
12-14 21:08:51.306 E/MemoryLeakMonitorManager(10299): MemoryLeakMonitor.jar is not exist!
12-14 21:08:51.316 D/WeatherHelper( 1491): City info empty
12-14 21:08:51.317 D/WeatherHelper( 1491): City info empty
12-14 21:08:51.346 I/ws001   (10299): p.m. n p f n=com.cootek.beita.plugin b1=false b2=false
12-14 21:08:51.384 I/zygote  (10299): Do full code cache collection, code=126KB, data=106KB
12-14 21:08:51.385 I/dex     (10299): load /data/user/0/com.cootek.smartinputv5/app_p_a/-279270771.jar ...
12-14 21:08:51.385 I/zygote  (10299): After code cache collection, code=108KB, data=80KB
12-14 21:08:51.415 W/dex2oat (10481): Using default instruction set features for ARM CPU variant (default) using conservative defaults
12-14 21:08:51.415 I/dex2oat (10481): /system/bin/dex2oat -j4 --dex-file=/data/data/com.cootek.smartinputv5/app_p_a/-279270771.jar --output-vdex-fd=155 --oat-fd=156 --oat-location=/data/data/com.cootek.smartinputv5/app_p_a/oat/arm/-279270771.odex --compiler-filter=quicken
12-14 21:08:51.415 I/cutils-trace(10481): atrace_init_once, trace_marker_path = /sys/kernel/debug/tracing/trace_marker
12-14 21:08:51.416 D/WeatherHelper( 1491): City info empty
12-14 21:08:51.416 D/DateTimeView( 1491): Change to single clock mode!
12-14 21:08:51.418 D/WeatherHelper( 1491): City info empty
12-14 21:08:51.418 D/WeatherHelper( 1491): City info empty
12-14 21:08:51.419 D/DateTimeView( 1491): Change to single clock mode!
12-14 21:08:51.420 D/WeatherHelper( 1491): City info empty
12-14 21:08:51.454 I/ash     ( 1676): view remove pid:8771 uid:10206
12-14 21:08:51.471 V/WindowManager( 1177): removeIfPossible: Window{fd41cbb u0 Toast} callers=com.android.server.wm.WindowState.removeIfPossible:1914 com.android.server.wm.WindowToken.removeAllWindowsIfPossible:139 com.android.server.wm.WindowManagerService$LocalService.removeWindowToken:8362 com.android.server.notification.NotificationManagerService.cancelToastLocked:4775 com.android.server.notification.NotificationManagerService.handleTimeout:4804 
12-14 21:08:51.473 V/WindowManager( 1177): Not removing Window{fd41cbb u0 Toast EXITING} due to exit animation 
12-14 21:08:51.485 W/WindowManager( 1177): removeWindowToken: Attempted to remove non-existing token: android.os.Binder@5bec59f
12-14 21:08:51.486 V/WindowManager( 1177): removeIfPossible: Window{fd41cbb u0 Toast EXITING} callers=com.android.server.wm.WindowState.removeIfPossible:1914 com.android.server.wm.WindowManagerService.removeWindow:2031 com.android.server.wm.Session.remove:218 android.view.IWindowSession$Stub.onTransact:242 com.android.server.wm.Session.onTransact:161 
12-14 21:08:51.486 V/WindowManager( 1177): Not removing Window{fd41cbb u0 Toast EXITING} due to exit animation 
12-14 21:08:51.492 I/dex2oat (10481): dex2oat took 78.114ms (145.517ms cpu) (threads: 4) arena alloc=12KB (13240B) java alloc=384KB (393840B) native alloc=1199KB (1228216B) free=2MB (2441800B)
12-14 21:08:51.497 W/zygote  (10299): Skipping duplicate class check due to unrecognized classloader
12-14 21:08:51.502 I/dex     (10299): load /data/user/0/com.cootek.smartinputv5/app_p_a/-279270771.jar = com.qihoo360.replugin.PluginDexClassLoader[DexPathList[[zip file "/data/user/0/com.cootek.smartinputv5/app_p_a/-279270771.jar"],nativeLibraryDirectories=[/data/user/0/com.cootek.smartinputv5/app_p_n/-279270771, /system/lib, /vendor/lib, /product/lib]]]
12-14 21:08:51.516 W/ws001   (10299): NRH lcl.fc: c=com.qihoo360.plugin.com.cootek.beita.plugin.Entry
12-14 21:08:51.517 W/ws001   (10299): NRH lcl.fc: c=com.qihoo360.plugin.com.cootek.beita.plugin.Entry
12-14 21:08:51.523 E/MemoryLeakMonitorManager(10299): MemoryLeakMonitor.jar is not exist!
12-14 21:08:51.594 W/ws001   (10299): NRH lcl.fc: c=RelativeLayout
12-14 21:08:51.602 W/ws001   (10299): NRH lcl.fc: c=ImageView
12-14 21:08:51.910 E/WifiHAL (  560): enter wifi_get_link_stats
12-14 21:08:51.917 E/wificond(  628): Failed to get NL80211_STA_INFO_CNAHLOAD
12-14 21:08:51.917 E/WificondControl( 1177): Noise: -82, Snr: 0, Chload: -1
12-14 21:08:51.918 D/HwWifiCHRStateManager( 1177): handleMessage : 1001
12-14 21:08:51.918 D/HwWifiCHRStateManager( 1177): handleUpdateChannel:5745
12-14 21:08:51.918 V/HwWifiServiceFactory( 1177): get AllImpl object = com.android.server.wifi.HwWifiServiceFactoryImpl@ba916f3
12-14 21:08:51.919 D/WifiScoreReport( 1177): Score = 100, wifiConnectivityManagerEnabled = false, lowScoreCount = 0
12-14 21:08:51.959 W/Watchdog( 1177): hungtask: writing kick
12-14 21:08:51.962 I/EventHub( 1177): EventHub monitor: no key events in the past 2369s, no motion events in the past 1931s
12-14 21:08:52.010 V/WindowManager( 1177): Exit animation finished in Window{fd41cbb u0 Toast EXITING}: remove=true
12-14 21:08:52.027 I/WindowManager( 1177): Destroying surface Surface(name=Toast) called by com.android.server.wm.WindowStateAnimator.destroySurface:2072 com.android.server.wm.WindowStateAnimator.destroySurfaceLocked:884 com.android.server.wm.HwWindowStateAnimator.destroySurfaceLocked:1006 com.android.server.wm.WindowState.destroyOrSaveSurfaceUnchecked:2998 com.android.server.wm.RootWindowContainer.performSurfacePlacement:812 com.android.server.wm.WindowSurfacePlacer.performSurfacePlacementLoop:224 com.android.server.wm.WindowSurfacePlacer.performSurfacePlacement:166 com.android.server.wm.WindowSurfacePlacer.performSurfacePlacement:156 
12-14 21:08:52.028 V/WindowManager( 1177): postWindowRemoveCleanupLocked: Window{fd41cbb u0 Toast}
12-14 21:08:52.029 V/WindowManager( 1177): Removing Window{fd41cbb u0 Toast} from WindowToken{1b365d8 android.os.Binder@5bec59f}
12-14 21:08:52.123 D/HwArpVerifier( 1177): performPollAndLog:
12-14 21:08:52.127 D/hw_netstat( 1177): total/246119/29692,com.cootek.smartinputv5/243226/26342,com.huawei.appmarket/1688/1344,android.uid.system:1000/799/1399,unknown:0/406/607
12-14 21:08:52.214 I/TrafficMonitor( 1177): update:rxPkts:180,txPkts:179,rxBytes:210270,txBytes:18637
12-14 21:08:52.215 I/TrafficMonitor( 1177): no expired. level:5
12-14 21:08:52.215 I/TrafficMonitor( 1177): gettimer:interval=2000
12-14 21:08:52.215 I/TrafficMonitor( 1177): during_ms:2002,period_ms:2000
12-14 21:08:52.215 I/TrafficMonitor( 1177): count:952,rx_sum:180,tx_sum:179,rxBytes:210270,during_ms:2002,rx_speed:105029.97002997003,tx_speed:9309.19080919081,rto:1.005586592178771
12-14 21:08:52.215 D/HuaweiWifiWatchdogStateMachine( 1177): speed: rxpkt:180, rxSpd:105029B/s, txpkt:179, txSpd:9309
12-14 21:08:52.233 I/AppManager( 1676): dependence has been existed:10299 -> 3590
12-14 21:08:53.208 D/HwWifiStatStore( 1177): handleMessage : 200
12-14 21:08:53.329 W/System.err(10299): java.io.FileNotFoundException: /storage/emulated/0/.shared_android_ct/.apps_p_ct.lock (Permission denied)
12-14 21:08:53.330 W/System.err(10299): 	at java.io.FileOutputStream.open0(Native Method)
12-14 21:08:53.330 W/System.err(10299): 	at java.io.FileOutputStream.open(FileOutputStream.java:287)
12-14 21:08:53.330 W/System.err(10299): 	at java.io.FileOutputStream.<init>(FileOutputStream.java:223)
12-14 21:08:53.330 W/System.err(10299): 	at com.cootek.tark.processesfilelock.ProcessesSharedFileHelper.a(TP:336)
12-14 21:08:53.330 W/System.err(10299): 	at com.mobutils.android.mediation.sdk.b.a.a(TP:138)
12-14 21:08:53.330 W/System.err(10299): 	at com.mobutils.android.mediation.sdk.b.a$a.a(TP:261)
12-14 21:08:53.330 W/System.err(10299): 	at com.mobutils.android.mediation.sdk.b.a$a.doInBackground(TP:158)
12-14 21:08:53.330 W/System.err(10299): 	at android.os.AsyncTask$2.call(AsyncTask.java:345)
12-14 21:08:53.330 W/System.err(10299): 	at java.util.concurrent.FutureTask.run(FutureTask.java:266)
12-14 21:08:53.330 W/System.err(10299): 	at java.util.concurrent.ThreadPoolExecutor.runWorker(ThreadPoolExecutor.java:1162)
12-14 21:08:53.330 W/System.err(10299): 	at java.util.concurrent.ThreadPoolExecutor$Worker.run(ThreadPoolExecutor.java:636)
12-14 21:08:53.331 W/System.err(10299): 	at java.lang.Thread.run(Thread.java:784)
12-14 21:08:53.590 I/DownloadState( 1676): @@@@@@@@@@@@ uid :10207 download :true
12-14 21:08:53.590 I/PGServer( 1676): report state:5 event type:1 pid:0 uid:10207 pkg:null to pid: 1177
12-14 21:08:53.891 E/Thermal-daemon(  627): [ap] temp_new :53  temp_old :56
12-14 21:08:53.892 I/ThermalService( 1676): Receive temperature change, type: 0, temp: 53 from thermald
12-14 21:08:53.893 E/Thermal-daemon(  627): Report temperature: [ap] temp :53  report_threshold:1
12-14 21:08:53.893 D/HwThermalStateManager( 1676): Thermal type: 0 cur_temperature:53
12-14 21:08:54.217 I/TrafficMonitor( 1177): update:rxPkts:64,txPkts:71,rxBytes:64239,txBytes:6738
12-14 21:08:54.217 I/TrafficMonitor( 1177): no expired. level:3
12-14 21:08:54.217 I/TrafficMonitor( 1177): gettimer:interval=2000
12-14 21:08:54.217 I/TrafficMonitor( 1177): during_ms:2002,period_ms:2000
12-14 21:08:54.217 I/TrafficMonitor( 1177): count:953,rx_sum:64,tx_sum:71,rxBytes:64239,during_ms:2002,rx_speed:32087.41258741259,tx_speed:3365.634365634366,rto:0.9014084507042254
12-14 21:08:54.217 D/HuaweiWifiWatchdogStateMachine( 1177): speed: rxpkt:64, rxSpd:32087B/s, txpkt:71, txSpd:3365
12-14 21:08:54.250 I/EventCenter( 1491): ContentChange for slot: 1
12-14 21:08:54.251 I/EventCenter( 1491): ContentChange for slot: 1
12-14 21:08:54.254 I/HwBrightnessUtils( 1491): APS brightness=55.0,ConvertToPercentage=0.41257036
12-14 21:08:54.257 D/SettingsAppWidgetProvider( 1518): enable buttons...
12-14 21:08:54.257 D/SettingsAppWidgetProvider( 1518): buttons enabled!
12-14 21:08:54.258 D/SettingsAppWidgetProvider( 1518): getActualWifiState = 3
12-14 21:08:54.753 D/WeatherHelper( 1491): City info empty
12-14 21:08:54.754 I/chatty  ( 1491): uid=10027(u0_a27) com.android.systemui identical 1 line
12-14 21:08:54.853 D/WeatherHelper( 1491): City info empty
12-14 21:08:54.853 D/DateTimeView( 1491): Change to single clock mode!
12-14 21:08:54.855 D/WeatherHelper( 1491): City info empty
12-14 21:08:54.856 D/WeatherHelper( 1491): City info empty
12-14 21:08:54.857 D/DateTimeView( 1491): Change to single clock mode!
12-14 21:08:54.859 D/WeatherHelper( 1491): City info empty
12-14 21:08:54.922 E/WifiHAL (  560): enter wifi_get_link_stats
12-14 21:08:54.931 E/wificond(  628): Failed to get NL80211_STA_INFO_CNAHLOAD
12-14 21:08:54.932 E/WificondControl( 1177): Noise: -82, Snr: 0, Chload: -1
12-14 21:08:54.932 D/HwWifiCHRStateManager( 1177): handleMessage : 1001
12-14 21:08:54.932 D/HwWifiCHRStateManager( 1177): handleUpdateChannel:5745
12-14 21:08:54.932 V/HwWifiServiceFactory( 1177): get AllImpl object = com.android.server.wifi.HwWifiServiceFactoryImpl@ba916f3
12-14 21:08:54.933 D/WifiScoreReport( 1177): Score = 100, wifiConnectivityManagerEnabled = false, lowScoreCount = 0
12-14 21:08:55.110 E/WificondControl( 1177): Noise: -82, Snr: 0, Chload: -1
12-14 21:08:55.110 D/HwWifiCHRStateManager( 1177): handleMessage : 1001
12-14 21:08:55.110 D/HwWifiCHRStateManager( 1177): handleUpdateChannel:5745
12-14 21:08:55.110 V/HwWifiServiceFactory( 1177): get AllImpl object = com.android.server.wifi.HwWifiServiceFactoryImpl@ba916f3
12-14 21:08:55.114 D/HuaweiWifiWatchdogStateMachine( 1177): LM mrssi=-49
12-14 21:08:55.115 D/HuaweiWifiWatchdogStateMachine( 1177): 00:08:**:**:23:ca current loss[-49]=0%, volume=351
12-14 21:08:55.115 D/HuaweiWifiWatchdogStateMachine( 1177): 00:08:**:**:23:ca history loss[-49]=0.94%, volume=100531
12-14 21:08:55.115 I/HuaweiWifiWatchdogStateMachine( 1177): spd good count:0, add sc:0.0, rate:1.0
12-14 21:08:55.115 I/HuaweiWifiWatchdogStateMachine( 1177): current mHighDataFlowRate = 1.0
12-14 21:08:55.115 I/HuaweiWifiWatchdogStateMachine( 1177): POta txb txg rxg:1, 394, 0. Lr =0.25% Totpkt=395
12-14 21:08:55.116 D/WiFi_PRO( 1177): MSG_RETURN_AP_CURRY_RSSI rssi = -49
12-14 21:08:55.116 I/QosMonitor( 1177): queryRtt: rtt_type = 3
12-14 21:08:55.116 D/HwUidTcpMonitor( 1177): parseWlanUidTcpStatistics lastUidTcpStatInfo = [ mUid = 10096 mPacketName = com.huawei.appmarket mSendSegs = 23572 mResendSegs = 0 mRcvSegs = 37147 ]
12-14 21:08:55.116 D/HwWifiConnectivityMonitor( 1177): ENTER: notifyTopUidTcpInfo, tx = 315, rx = 309, reTx = 1, uid = 10207, tr = 0.0031746032
12-14 21:08:55.116 I/HwQoEJNI( 1177): send_cmd_kernel. begin
12-14 21:08:55.116 D/HwWifiConnectivityMonitor( 1177): ENTER: notifyTopUidTcpInfo, rtt = 51840, rttPkts = 62, aveRtt = 836.129, app = com.cootek.smartinputv5
12-14 21:08:55.116 I/HwQoEJNI( 1177): send_cmd_kernel. end
12-14 21:08:55.116 I/QosMonitor( 1177): postEventFromNative: msg=100,arg1=4,arg2=10
12-14 21:08:55.116 D/HwUidTcpMonitor( 1177): parseWlanUidTcpStatistics lastUidTcpStatInfo = [ mUid = 10207 mPacketName = com.cootek.smartinputv5 mSendSegs = 449 mResendSegs = 1 mRcvSegs = 437 ]
12-14 21:08:55.116 I/HwQoEJNI( 1177): send_cmd_kernel. begin
12-14 21:08:55.117 D/HwWifiConnectivityMonitor( 1177): handleTopUidInternetStatusChanged, uid = 10207, status = 1
12-14 21:08:55.117 I/HwQoEJNI( 1177): send_cmd_kernel. end
12-14 21:08:55.117 I/QosMonitor( 1177): postEventFromNative: msg=100,arg1=0,arg2=10
12-14 21:08:55.117 D/HuaweiWifiWatchdogStateMachine( 1177): 00:08:**:**:23:ca current RTT[-49]=3144, volume=69
12-14 21:08:55.117 D/HuaweiWifiWatchdogStateMachine( 1177): 00:08:**:**:23:ca history RTT[-49]=1206, volume=10253
12-14 21:08:55.117 D/HuaweiWifiWatchdogStateMachine( 1177): setSampleRtt: rtt=3144,rtt_pkts =69,rtt_when=0
12-14 21:08:55.117 I/MQoS    ( 1177): rtt=3144,tcp_tx_pkts=68295,tcp_rx_pkts=89290
12-14 21:08:55.117 D/HuaweiWifiWatchdogStateMachine( 1177): dumpTcpResult: len=10,rtt=3144,rttPkt=69,rttWn=0,cgt=16,cgtWn=603068
12-14 21:08:55.118 I/HuaweiWifiWatchdogStateMachine( 1177): PTcp RTT:3144, rtt pkt=69, tcp_rx=327, tcp_tx=369, tcp_reTran=1, rtRate=0
12-14 21:08:55.118 D/HuaweiWifiWatchdogStateMachine( 1177): mRssiBadCount =0, RSSI not bad.
12-14 21:08:55.118 I/HuaweiWifiWatchdogStateMachine( 1177):  pkt chk not bad, reset sc to 0.
12-14 21:08:55.118 I/HuaweiWifiWatchdogStateMachine( 1177): net speed good
12-14 21:08:55.118 D/HuaweiWifiWatchdogStateMachine( 1177): goodperiod count=1, rb rttg sg =false, false, true
12-14 21:08:55.118 D/HuaweiWifiWatchdogStateMachine( 1177): bqeLevel = 2 rtt=3144,rtt_pkts=69 speed=105029 rssi=-49
12-14 21:08:55.118 D/HuaweiWifiWatchdogStateMachine( 1177): Enter updateQoeLevel level = 2
12-14 21:08:55.118 D/HuaweiWifiWatchdogStateMachine( 1177): updateQoeLevel current level equal to mLastDetectLevel, return
12-14 21:08:55.118 D/HuaweiWifiWatchdogStateMachine( 1177): ### mPktChkBadCnt=0
12-14 21:08:55.118 I/MQoS    ( 1177): QOS_level:0(0),DataDisable;use level-0
12-14 21:08:55.118 I/MQoS    ( 1177): skip-low-Level:0(0),DataDisable;use level-0
12-14 21:08:55.119 I/QosMonitor( 1177): resetRtt: rtt_type = 3
12-14 21:08:55.119 I/HwQoEJNI( 1177): send_cmd_kernel. begin
12-14 21:08:55.119 I/HwQoEJNI( 1177): send_cmd_kernel. end
12-14 21:08:56.213 D/HwWifiStatStore( 1177): handleMessage : 200
12-14 21:08:56.218 I/TrafficMonitor( 1177): update:rxPkts:32,txPkts:33,rxBytes:35597,txBytes:7770
12-14 21:08:56.219 I/TrafficMonitor( 1177): start expired. level:3
12-14 21:08:56.219 I/TrafficMonitor( 1177): gettimer:interval=2000
12-14 21:08:56.485 W/OkHttpClient(10299): A connection to http://usa.ime.cootek.com/ was leaked. Did you forget to close a response body?
12-14 21:08:57.129 D/HwArpVerifier( 1177): performPollAndLog:
12-14 21:08:57.133 D/hw_netstat( 1177): total/156593/16365,com.cootek.smartinputv5/156353/16181,unknown:0/240/184
12-14 21:08:57.153 I/AppBlackWhitelist( 1676): Scene strict ctrl apps: []
12-14 21:08:57.195 W/libc    (  500): Set property "hw.wifi.dns_stat" to "183,22,5216,1,21518"
12-14 21:08:57.704 I/EventCenter( 1491): ContentChange for slot: 1
12-14 21:08:57.707 I/EventCenter( 1491): ContentChange for slot: 1
12-14 21:08:57.710 I/HwBrightnessUtils( 1491): APS brightness=54.0,ConvertToPercentage=0.40805635
12-14 21:08:57.711 D/SettingsAppWidgetProvider( 1518): enable buttons...
12-14 21:08:57.711 D/SettingsAppWidgetProvider( 1518): buttons enabled!
12-14 21:08:57.712 D/SettingsAppWidgetProvider( 1518): getActualWifiState = 3
12-14 21:08:57.937 E/WifiHAL (  560): enter wifi_get_link_stats
12-14 21:08:57.947 E/WificondControl( 1177): Noise: -80, Snr: 0, Chload: -1
12-14 21:08:57.947 D/HwWifiCHRStateManager( 1177): handleMessage : 1001
12-14 21:08:57.947 D/HwWifiCHRStateManager( 1177): handleUpdateChannel:5745
12-14 21:08:57.947 V/HwWifiServiceFactory( 1177): get AllImpl object = com.android.server.wifi.HwWifiServiceFactoryImpl@ba916f3
12-14 21:08:57.949 D/WifiScoreReport( 1177): Score = 100, wifiConnectivityManagerEnabled = false, lowScoreCount = 0
12-14 21:08:58.209 D/WeatherHelper( 1491): City info empty
12-14 21:08:58.211 D/WeatherHelper( 1491): City info empty
12-14 21:08:58.220 I/TrafficMonitor( 1177): update:rxPkts:52,txPkts:41,rxBytes:58122,txBytes:5791
12-14 21:08:58.221 I/TrafficMonitor( 1177): start expired. level:3
12-14 21:08:58.221 I/TrafficMonitor( 1177): gettimer:interval=2000
12-14 21:08:58.309 D/WeatherHelper( 1491): City info empty
12-14 21:08:58.310 D/DateTimeView( 1491): Change to single clock mode!
12-14 21:08:58.312 D/WeatherHelper( 1491): City info empty
12-14 21:08:58.313 D/WeatherHelper( 1491): City info empty
12-14 21:08:58.314 D/DateTimeView( 1491): Change to single clock mode!
12-14 21:08:58.316 D/WeatherHelper( 1491): City info empty
12-14 21:08:58.896 E/Thermal-daemon(  627): [ap] temp_new :52  temp_old :53
12-14 21:08:58.896 I/ThermalService( 1676): Receive temperature change, type: 0, temp: 52 from thermald
12-14 21:08:58.897 E/Thermal-daemon(  627): Report temperature: [ap] temp :52  report_threshold:1
12-14 21:08:58.897 D/HwThermalStateManager( 1676): Thermal type: 0 cur_temperature:52
12-14 21:08:59.217 I/TrafficMonitor( 1177): expired arrive. level:-1
12-14 21:08:59.217 I/TrafficMonitor( 1177): during_ms:2002,period_ms:2000
12-14 21:08:59.217 I/TrafficMonitor( 1177): count:955,rx_sum:52,tx_sum:41,rxBytes:58122,during_ms:2002,rx_speed:29031.968031968034,tx_speed:2892.6073926073927,rto:1.2682926829268293
12-14 21:08:59.217 D/HuaweiWifiWatchdogStateMachine( 1177): speed: rxpkt:52, rxSpd:29031B/s, txpkt:41, txSpd:2892
12-14 21:08:59.217 D/HwWifiStatStore( 1177): handleMessage : 200
12-14 21:08:59.719 I/zygote  (10299): Do partial code cache collection, code=125KB, data=96KB
12-14 21:08:59.721 I/zygote  (10299): After code cache collection, code=125KB, data=96KB
12-14 21:08:59.722 I/zygote  (10299): Increasing code cache capacity to 512KB
12-14 21:09:00.003 V/AlarmManager( 1177): Received TIME_TICK alarm; rescheduling
12-14 21:09:00.004 I/HwAlarmManagerService( 1177): hwSetAlarm listenerTag: time_tick
12-14 21:09:00.022 W/HwKeyguardDragHelper( 1491): AnimationBlocked
12-14 21:09:00.026 E/DateView( 1491): DateView,mCurrentTime: 1544792940026
12-14 21:09:00.031 I/EventCenter( 1491): EventCenter Get :android.intent.action.TIME_TICK
12-14 21:09:00.038 W/HwKeyguardDragHelper( 1491): AnimationBlocked
12-14 21:09:00.040 I/HwLauncher( 1721): Model  onReceive intent=Intent { act=android.intent.action.TIME_TICK flg=0x50200014 hwFlg=0x900 (has extras) }
12-14 21:09:00.040 I/HwLauncher( 1721): Model  onReceive user=UserHandle{0}
12-14 21:09:00.043 D/WeatherHelper( 1491): City info empty
12-14 21:09:00.044 E/DateLunarView( 1491): mDateString is: Fri, Dec 14
12-14 21:09:00.046 D/WeatherHelper( 1491): City info empty
12-14 21:09:00.046 E/DateLunarView( 1491): mDateString is: Fri, Dec 14
12-14 21:09:00.052 D/KeyguardUpdateMonitor( 1491): received broadcast android.intent.action.TIME_TICK
12-14 21:09:00.052 D/KeyguardUpdateMonitor( 1491): handleTimeUpdate
12-14 21:09:00.053 I/KeyguardStatusView( 1491): Runnable for refresh
12-14 21:09:00.055 D/WeatherHelper( 1491): City info empty
12-14 21:09:00.092 I/Step_LSC( 3608): 90003362|processHandleBroadcastAction action:android.intent.action.TIME_TICK
12-14 21:09:00.098 I/Step_SPUtils( 3608): 90003362|setAliveRecord  success: timestampArg=1544792940093 elapsedRealtimeArg=56292290
12-14 21:09:00.099 I/[HwRecSys]TimerController( 3253): onMinuteChange requestWeather
12-14 21:09:00.100 D/[HwRecSys]LocationController( 3253): receive msg MSG_START_PASSIVE_LOCATION
12-14 21:09:00.100 E/[HwRecSys]LocationController( 3253): location valid no need locate
12-14 21:09:00.100 V/BroadcastQueue( 1177): Finished with ordered broadcast BroadcastRecord{7d0f8d8 u-1 android.intent.action.TIME_TICK}
12-14 21:09:00.107 W/HwKeyguardDragHelper( 1491): AnimationBlocked
12-14 21:09:00.115 V/BroadcastQueue( 1177): Finished with ordered broadcast BroadcastRecord{edbf431 u0 com.cootek.presentation.action.CHECK_STATUS_TOAST}
12-14 21:09:00.130 V/BroadcastQueue( 1177): Finished with ordered broadcast BroadcastRecord{6f41716 u0 com.cootek.presentation.action.CHECK_DUMMY_TOAST}
12-14 21:09:00.132 V/BroadcastQueue( 1177): Finished with ordered broadcast BroadcastRecord{5fab897 u0 com.cootek.presentation.action.CHECK_DESKTOP_SHORTCUT_TOAST}
12-14 21:09:00.133 D/WeatherHelper( 1491): City info empty
12-14 21:09:00.133 D/DateTimeView( 1491): Change to single clock mode!
12-14 21:09:00.134 D/WeatherHelper( 1491): City info empty
12-14 21:09:00.135 D/WeatherHelper( 1491): City info empty
12-14 21:09:00.135 D/DateTimeView( 1491): Change to single clock mode!
12-14 21:09:00.136 D/WeatherHelper( 1491): City info empty
12-14 21:09:00.137 V/BroadcastQueue( 1177): Finished with ordered broadcast BroadcastRecord{bc8ca84 u0 com.cootek.presentation.action.CHECK_BALLOON_TOAST}
12-14 21:09:00.222 I/TrafficMonitor( 1177): update:rxPkts:241,txPkts:180,rxBytes:355097,txBytes:15118
12-14 21:09:00.222 I/TrafficMonitor( 1177): no expired. level:5
12-14 21:09:00.222 I/TrafficMonitor( 1177): gettimer:interval=2000
12-14 21:09:00.222 I/TrafficMonitor( 1177): during_ms:2001,period_ms:2000
12-14 21:09:00.222 I/TrafficMonitor( 1177): count:956,rx_sum:241,tx_sum:180,rxBytes:355097,during_ms:2001,rx_speed:177459.77011494254,tx_speed:7555.222388805598,rto:1.3388888888888888
12-14 21:09:00.222 D/HuaweiWifiWatchdogStateMachine( 1177): speed: rxpkt:241, rxSpd:177459B/s, txpkt:180, txSpd:7555
12-14 21:09:00.293 E/zygote  ( 7832): Timed out waiting for threads to suspend, waited for 760.048s
12-14 21:09:00.342 D/LogUtil_LogConfig( 3608): getLogFile(): logFilePath = /data/data/com.huawei.health/files/com.huawei.health/com.huawei.health_DaemonService/
12-14 21:09:00.343 D/LogUtil_LogConfig( 3608): obtainSavePath(): path = 1
12-14 21:09:00.343 D/LogUtil_LogConfig( 3608): acquireMaxLogFileLengthContainsOffset describe: com.huawei.health:DaemonService result:5242880
12-14 21:09:00.343 D/LogUtil_LogConfig( 3608): getLogFileRoot(): logFilePath = /data/data/com.huawei.health/files/com.huawei.health/com.huawei.health_DaemonService/
12-14 21:09:00.953 E/WifiHAL (  560): enter wifi_get_link_stats
12-14 21:09:00.966 E/wificond(  628): Failed to get NL80211_STA_INFO_CNAHLOAD
12-14 21:09:00.966 E/WificondControl( 1177): Noise: -82, Snr: 0, Chload: -1
12-14 21:09:00.967 D/HwWifiCHRStateManager( 1177): handleMessage : 1001
12-14 21:09:00.967 D/HwWifiCHRStateManager( 1177): handleUpdateChannel:5745
12-14 21:09:00.967 V/HwWifiServiceFactory( 1177): get AllImpl object = com.android.server.wifi.HwWifiServiceFactoryImpl@ba916f3
12-14 21:09:00.968 D/WifiScoreReport( 1177): Score = 100, wifiConnectivityManagerEnabled = false, lowScoreCount = 0
12-14 21:09:01.239 I/DisplayPowerController( 1177): mPowerRequest.useSmartBacklight : true
12-14 21:09:01.241 I/EventCenter( 1491): ContentChange for slot: 1
12-14 21:09:01.244 I/EventCenter( 1491): ContentChange for slot: 1
12-14 21:09:01.247 I/HwBrightnessUtils( 1491): APS brightness=53.0,ConvertToPercentage=0.40350205
12-14 21:09:01.249 D/SettingsAppWidgetProvider( 1518): enable buttons...
12-14 21:09:01.249 D/SettingsAppWidgetProvider( 1518): buttons enabled!
12-14 21:09:01.250 D/SettingsAppWidgetProvider( 1518): getActualWifiState = 3
12-14 21:09:01.747 D/WeatherHelper( 1491): City info empty
12-14 21:09:01.749 I/chatty  ( 1491): uid=10027(u0_a27) com.android.systemui identical 1 line
12-14 21:09:01.846 D/WeatherHelper( 1491): City info empty
12-14 21:09:01.847 D/DateTimeView( 1491): Change to single clock mode!
12-14 21:09:01.849 D/WeatherHelper( 1491): City info empty
12-14 21:09:01.850 D/WeatherHelper( 1491): City info empty
12-14 21:09:01.851 D/DateTimeView( 1491): Change to single clock mode!
12-14 21:09:01.853 D/WeatherHelper( 1491): City info empty
12-14 21:09:01.973 D/AdBlock_AbsAdRequest( 2539): doRequest
12-14 21:09:01.984 D/AdBlock_AbsAdRequest( 2539): getPostRequestParam param: apps=%5B%7B%22pkgName%22%3A%22com.cootek.smartinputv5%22%2C%22versionCode%22%3A5057%2C%22version%22%3A%226.9.4.0_20181205011550%22%7D%5D&buildNumber=MHA-AL00+8.0.0.370%28C00%29&clientPackage=com.huawei.systemmanager&emuiVer=EmotionUI_8.0.0&firmwareVersion=8.0.0&locale=en_US&method=store.getControlStrategy&phoneType=MHA-AL00&resolution=1080x1920&sysBits=2&ts=1544792941974&version=8.0.0.302
12-14 21:09:01.984 D/HsmJoinRequest( 2539): https request.
12-14 21:09:01.986 D/HsmJoinRequest( 2539): doPostRequest openConnection already!
12-14 21:09:01.987 D/HsmGzipRequest( 2539): setRequestProperty jsonObject already!
12-14 21:09:01.988 D/HsmGzipRequest( 2539): Get wakeLock now
12-14 21:09:01.990 W/libc    (  500): Set property "hw.wifi.dns_stat" to "184,22,5216,1,21519"
12-14 21:09:02.030 D/HsmOpenSSLSocketFactory( 2539): enter setEnableSafeCipherSuites
12-14 21:09:02.139 D/HwArpVerifier( 1177): performPollAndLog:
12-14 21:09:02.141 D/hw_netstat( 1177): total/365900/23552,com.cootek.smartinputv5/360806/22666,android.uid.system:1000/5014/730,unknown:0/80/156
12-14 21:09:02.169 D/HsmGzipRequest( 2539): doPostRequest finally closeOutputStream!
12-14 21:09:02.204 D/HsmGzipRequest( 2539): Release wakeLock now
12-14 21:09:02.222 I/TrafficMonitor( 1177): update:rxPkts:14,txPkts:16,rxBytes:8758,txBytes:5032
12-14 21:09:02.222 I/TrafficMonitor( 1177): start expired. level:-1
12-14 21:09:02.222 I/TrafficMonitor( 1177): gettimer:interval=2000
12-14 21:09:02.222 D/HwWifiStatStore( 1177): handleMessage : 200
12-14 21:09:03.126 E/wificond(  628): Failed to get NL80211_STA_INFO_CNAHLOAD
12-14 21:09:03.126 E/WificondControl( 1177): Noise: -83, Snr: 0, Chload: -1
12-14 21:09:03.127 D/HwWifiCHRStateManager( 1177): handleMessage : 1001
12-14 21:09:03.127 D/HwWifiCHRStateManager( 1177): handleUpdateChannel:5745
12-14 21:09:03.127 V/HwWifiServiceFactory( 1177): get AllImpl object = com.android.server.wifi.HwWifiServiceFactoryImpl@ba916f3
12-14 21:09:03.132 D/HuaweiWifiWatchdogStateMachine( 1177): LM mrssi=-46
12-14 21:09:03.132 D/HuaweiWifiWatchdogStateMachine( 1177): 00:08:**:**:23:ca current loss[-46]=9.31%, volume=290
12-14 21:09:03.132 D/HuaweiWifiWatchdogStateMachine( 1177): 00:08:**:**:23:ca history loss[-46]=0.51%, volume=268279
12-14 21:09:03.132 I/HuaweiWifiWatchdogStateMachine( 1177): spd good count:0, add sc:0.0, rate:1.0
12-14 21:09:03.132 I/HuaweiWifiWatchdogStateMachine( 1177): current mHighDataFlowRate = 1.0
12-14 21:09:03.132 I/HuaweiWifiWatchdogStateMachine( 1177): POta txb txg rxg:27, 263, 0. Lr =9.31% Totpkt=290
12-14 21:09:03.133 D/HwWifiConnectivityMonitor( 1177): ENTER: notifyTopUidTcpInfo, tx = 224, rx = 297, reTx = 0, uid = 10207, tr = 0.0
12-14 21:09:03.133 D/WiFi_PRO( 1177): MSG_RETURN_AP_CURRY_RSSI rssi = -46
12-14 21:09:03.133 D/HwWifiConnectivityMonitor( 1177): ENTER: notifyTopUidTcpInfo, rtt = 8200, rttPkts = 14, aveRtt = 585.7143, app = com.cootek.smartinputv5
12-14 21:09:03.134 I/QosMonitor( 1177): queryRtt: rtt_type = 3
12-14 21:09:03.134 D/HwUidTcpMonitor( 1177): parseWlanUidTcpStatistics lastUidTcpStatInfo = [ mUid = 10207 mPacketName = com.cootek.smartinputv5 mSendSegs = 673 mResendSegs = 1 mRcvSegs = 734 ]
12-14 21:09:03.134 I/HwQoEJNI( 1177): send_cmd_kernel. begin
12-14 21:09:03.134 D/HwWifiConnectivityMonitor( 1177): handleTopUidInternetStatusChanged, uid = 10207, status = 0
12-14 21:09:03.134 I/HwQoEJNI( 1177): send_cmd_kernel. end
12-14 21:09:03.134 I/QosMonitor( 1177): postEventFromNative: msg=100,arg1=4,arg2=10
12-14 21:09:03.134 I/HwQoEJNI( 1177): send_cmd_kernel. begin
12-14 21:09:03.134 I/HwQoEJNI( 1177): send_cmd_kernel. end
12-14 21:09:03.134 I/QosMonitor( 1177): postEventFromNative: msg=100,arg1=0,arg2=10
12-14 21:09:03.135 D/HuaweiWifiWatchdogStateMachine( 1177): 00:08:**:**:23:ca current RTT[-46]=1888, volume=18
12-14 21:09:03.135 D/HuaweiWifiWatchdogStateMachine( 1177): 00:08:**:**:23:ca history RTT[-46]=1639, volume=22914
12-14 21:09:03.135 D/HuaweiWifiWatchdogStateMachine( 1177): setSampleRtt: rtt=1888,rtt_pkts =18,rtt_when=0
12-14 21:09:03.135 I/MQoS    ( 1177): rtt=2000,tcp_tx_pkts=68538,tcp_rx_pkts=89599
12-14 21:09:03.135 I/QosMonitor( 1177): resetRtt: rtt_type = 3
12-14 21:09:03.135 I/HwQoEJNI( 1177): send_cmd_kernel. begin
12-14 21:09:03.135 I/HwQoEJNI( 1177): send_cmd_kernel. end
12-14 21:09:03.135 I/MQoS    ( 1177): QOS_level:0(0),DataDisable;use level-0
12-14 21:09:03.137 D/HuaweiWifiWatchdogStateMachine( 1177): dumpTcpResult: len=10,rtt=2000,rttPkt=19,rttWn=0,cgt=16,cgtWn=604448
12-14 21:09:03.137 I/HuaweiWifiWatchdogStateMachine( 1177): PTcp RTT:2000, rtt pkt=19, tcp_rx=309, tcp_tx=243, tcp_reTran=0, rtRate=0
12-14 21:09:03.137 D/HuaweiWifiWatchdogStateMachine( 1177): mRssiBadCount =0, RSSI not bad.
12-14 21:09:03.137 I/HuaweiWifiWatchdogStateMachine( 1177):  pkt chk not bad, reset sc to 0.
12-14 21:09:03.137 I/HuaweiWifiWatchdogStateMachine( 1177): net speed good
12-14 21:09:03.137 I/HuaweiWifiWatchdogStateMachine( 1177): judge good link######, goodLinkLevel=3
12-14 21:09:03.137 I/HuaweiWifiWatchdogStateMachine( 1177): sendResultMsgToQM bssid:00:08:**:**:23:ca, qoslevel=3
12-14 21:09:03.138 I/HuaweiWifiWatchdogStateMachine( 1177): link good reported, good base rssi:-47
12-14 21:09:03.138 D/WiFi_PRO_WifiProStateMachine( 1177): onNetworkQosChange, currentWifiLevel == 3, wifiNoInternet = false, updateUiOnly = true
12-14 21:09:03.138 D/HuaweiWifiWatchdogStateMachine( 1177): goodperiod count=0, rb rttg sg =false, false, true
12-14 21:09:03.138 D/HuaweiWifiWatchdogStateMachine( 1177): bqeLevel = 2 rtt=2000,rtt_pkts=19 speed=177459 rssi=-46
12-14 21:09:03.138 D/HuaweiWifiWatchdogStateMachine( 1177): Enter updateQoeLevel level = 2
12-14 21:09:03.138 D/HuaweiWifiWatchdogStateMachine( 1177): updateQoeLevel current level equal to mLastDetectLevel, return
12-14 21:09:03.138 D/HuaweiWifiWatchdogStateMachine( 1177): ### mPktChkBadCnt=0
12-14 21:09:03.820 W/ResourceType( 1491): No package identifier when getting value for resource number 0x00000000
12-14 21:09:03.821 E/HwNotchUtils( 1491): setIconForView iconId is not found
12-14 21:09:03.821 W/ResourceType( 1491): No package identifier when getting value for resource number 0x00000000
12-14 21:09:03.821 E/HwNotchUtils( 1491): setIconForView iconId is not found
12-14 21:09:03.900 E/Thermal-daemon(  627): [ap] temp_new :51  temp_old :52
12-14 21:09:03.900 I/ThermalService( 1676): Receive temperature change, type: 0, temp: 51 from thermald
12-14 21:09:03.901 D/HwThermalStateManager( 1676): Thermal type: 0 cur_temperature:51
12-14 21:09:03.901 E/Thermal-daemon(  627): Report temperature: [ap] temp :51  report_threshold:1
12-14 21:09:03.970 E/WifiHAL (  560): enter wifi_get_link_stats
12-14 21:09:03.982 E/WificondControl( 1177): Noise: -82, Snr: 0, Chload: -1
12-14 21:09:03.983 D/HwWifiCHRStateManager( 1177): handleMessage : 1001
12-14 21:09:03.983 D/HwWifiCHRStateManager( 1177): handleUpdateChannel:5745
12-14 21:09:03.983 V/HwWifiServiceFactory( 1177): get AllImpl object = com.android.server.wifi.HwWifiServiceFactoryImpl@ba916f3
12-14 21:09:03.984 D/WifiScoreReport( 1177): Score = 100, wifiConnectivityManagerEnabled = false, lowScoreCount = 0
12-14 21:09:04.225 I/TrafficMonitor( 1177): update:rxPkts:2,txPkts:3,rxBytes:133,txBytes:132
12-14 21:09:04.225 I/TrafficMonitor( 1177): start expired. level:-1
12-14 21:09:04.225 I/TrafficMonitor( 1177): gettimer:interval=2000
12-14 21:09:04.814 D/HwBatteryService( 1177): onUEvent fcpStatus = 0,scpStatus =0,ovpStatus=0
12-14 21:09:04.815 I/UsbDeviceManager( 1177): water_intrused state= 0
12-14 21:09:04.824 D/HwInnerWifiManagerImpl( 1177): SupplicantState = COMPLETED
12-14 21:09:04.824 D/HwInnerWifiManagerImpl( 1177): isPhoneAP = false
12-14 21:09:04.824 D/HwInnerWifiManagerImpl( 1177): SupplicantState = COMPLETED
12-14 21:09:04.825 D/HwInnerWifiManagerImpl( 1177): isPhoneAP = false
12-14 21:09:04.825 D/WifiStateMachine( 1177): mBcastReceiver: PluggedType = 2 mIsScanCtrlPluggedin = true
12-14 21:09:04.825 D/HwWifiService( 1177): mPluggedType =2
12-14 21:09:04.826 D/WifiService( 1177): onReceive, action:android.intent.action.BATTERY_CHANGED
12-14 21:09:04.826 D/WifiService( 1177): ACTION_BATTERY_CHANGED pluggedType: 2
12-14 21:09:04.826 D/KeyguardUpdateMonitor( 1491): received broadcast android.intent.action.BATTERY_CHANGED
12-14 21:09:04.827 W/KeyguardUpdateMonitor( 1491): ACTION_BATTERY_CHANGED AMP: 1400000; Volt: 4651000
12-14 21:09:04.828 V/KeyguardUpdateMonitor( 1491): RefreshBatteryInfo isBatteryLow: 100
12-14 21:09:04.828 W/KeyguardUpdateMonitor( 1491): ChargingSpeed  Wattage: 6511400 ST: 5000000 --> 7500000
12-14 21:09:04.828 I/KgBattery( 1491): BatteryInfo updated:  5lPC1
12-14 21:09:04.828 W/AppHandler( 1491): sendMessage with obj100
12-14 21:09:04.828 D/KeyguardUpdateMonitor( 1491): handleBatteryUpdate
12-14 21:09:04.828 V/KeyguardUpdateMonitor( 1491): RefreshBatteryInfo isBatteryLow: 100
12-14 21:09:04.828 W/HwKeyguardBottomArea( 1491): updateBatteryInfo : false  true
12-14 21:09:04.829 W/HwKeyguardBottomArea( 1491): updateBatteryInfo : false  true
12-14 21:09:04.829 W/HwLockScreenPanel( 1491): Handle message: 100
12-14 21:09:04.829 W/HwLockScreenPanel( 1491): refreshBatteryInfo: null
12-14 21:09:04.830 E/[10.2.2.305]CloudAlbum.ReceiverManager( 3323): not log on ignore
12-14 21:09:04.832 I/MsgReceiver( 1676): intent action: android.intent.action.BATTERY_CHANGED
12-14 21:09:05.223 I/TrafficMonitor( 1177): expired arrive. level:-1
12-14 21:09:05.223 I/TrafficMonitor( 1177): during_ms:2003,period_ms:2000
12-14 21:09:05.223 I/TrafficMonitor( 1177): count:958,rx_sum:2,tx_sum:3,rxBytes:133,during_ms:2003,rx_speed:66.40039940089865,tx_speed:65.90114827758362,rto:0.6666666666666666
