12-14 21:08:47.034 D/CarrierSvcBindHelper( 1692): No carrier app for: 0
12-14 21:08:47.034 D/CarrierSvcBindHelper( 1692): No carrier app for: 1
12-14 21:08:47.034 D/CarrierSvcBindHelper( 1692): No carrier app for: 0
12-14 21:08:47.034 I/InputManager( 1676): new hook event
12-14 21:08:47.035 I/InputManager( 1676): new hook event
12-14 21:08:47.035 D/CarrierSvcBindHelper( 1692): No carrier app for: 1
12-14 21:08:47.035 I/InputManager( 1676): new hook event
12-14 21:08:47.039 I/HiBoard_Utils( 3038): getShortCutsInLaunch leave
12-14 21:08:47.039 I/HiBoard_GetInstalledTask( 3038): getAllShortCut() size =65
12-14 21:08:47.039 W/BroadcastQueue( 1177): Background execution not allowed: receiving Intent { act=android.intent.action.PACKAGE_REMOVED dat=package:com.cootek.smartinputv5 flg=0x4000010 (has extras) } to com.android.systemui/.settings.HwPackageRemovedReceiver
12-14 21:08:47.044 I/Auth    ( 3590): [SupervisedAccountIntentOperation] onHandleIntent(): android.intent.action.PACKAGE_ADDED
12-14 21:08:47.044 I/Auth    ( 3590): [SupervisedAccountIntentOperation] This operation is disabled
12-14 21:08:47.058 W/ProcBatteryStats( 1177): timer is not running , not stop, name: , uid: 10019, tag: Icing
12-14 21:08:47.058 E/VvmPkgInstalledRcvr( 1692): cannot create TelephonyManager from ComponentInfo{com.android.phone/com.android.services.telephony.TelephonyConnectionService}, [****], UserHandle{0}
12-14 21:08:47.059 I/InputManager( 1676): new hook event
12-14 21:08:47.062 W/OmtpVvmCarrierCfgHlpr( 1692): Invalid subscriptionId or subscriptionId not provided in intent.
12-14 21:08:47.065 D/CarrierConfigLoader( 1692): mHandler: 9 phoneId: 0
12-14 21:08:47.067 I/Finsky  ( 4543): [1] com.google.android.finsky.p2p.c.a(10): Frosting ID looked up on UI thread. Caller should move to a background thread.
12-14 21:08:47.081 W/BroadcastQueue( 1177): Background execution not allowed: receiving Intent { act=android.intent.action.PACKAGE_REMOVED dat=package:com.cootek.smartinputv5 flg=0x4000010 (has extras) } to com.autonavi.minimap/com.taobao.accs.EventReceiver
12-14 21:08:47.082 W/BroadcastQueue( 1177): Background execution not allowed: receiving Intent { act=android.intent.action.PACKAGE_REMOVED dat=package:com.cootek.smartinputv5 flg=0x4000010 (has extras) } to com.autonavi.minimap/com.taobao.agoo.AgooCommondReceiver
12-14 21:08:47.082 E/NfcNci  ( 3266): NfcUtils error: APP do not have nfc permission
12-14 21:08:47.082 D/WorkSource( 3119): Insert in WorkSource{} @ 0 uid 10019 name com.google.android.gms
12-14 21:08:47.083 W/HwAlarmManagerService( 1177): isContainsAppUidInWorksource-->happend NameNotFoundException
12-14 21:08:47.084 E/NfcNci  ( 3266): NfcUtils error: APP do not have nfc permission
12-14 21:08:47.084 I/ChromeSync( 3590): [Sync,SyncIntentOperation] Handling the intent: Intent { act=android.intent.action.PACKAGE_ADDED dat=package:com.cootek.smartinputv5 flg=0x4000010 cmp=com.google.android.gms/.chimera.GmsIntentOperationService (has extras) }.
12-14 21:08:47.084 E/NfcNci  ( 3266): NfcUtils error: APP do not have nfc permission
12-14 21:08:47.085 I/chatty  ( 3266): uid=1027(nfc) com.android.nfc identical 2 lines
12-14 21:08:47.086 E/NfcNci  ( 3266): NfcUtils error: APP do not have nfc permission
12-14 21:08:47.088 I/HiBoard_GetInstalledTask( 3038): getAllPacksInfo() size =214
12-14 21:08:47.089 I/InputManager( 1676): new hook event
12-14 21:08:47.091 I/Finsky  ( 4543): [1] com.google.android.finsky.p2p.d.a(2): Wrote row to frosting DB: 480
12-14 21:08:47.101 I/Finsky  ( 4543): [1] com.google.android.finsky.scheduler.bc.a(50): Jobs in database: 1-1337 12-1 
12-14 21:08:47.104 I/Finsky  ( 4543): [1] com.google.android.finsky.scheduler.g.a(179): ConstraintMapping: 1-1337, 12-1,  -> L: 14974ms, D: 86399974ms, C: false, I: false, N: 1
12-14 21:08:47.105 I/Finsky  ( 4543): [1] com.google.android.finsky.scheduler.JobSchedulerEngine.a(19): Cancelling existing job with id: 9000
12-14 21:08:47.106 E/wificond(  628): Failed to get NL80211_STA_INFO_CNAHLOAD
12-14 21:08:47.106 E/WificondControl( 1177): Noise: -83, Snr: 0, Chload: -1
12-14 21:08:47.107 D/HwWifiCHRStateManager( 1177): handleMessage : 1001
12-14 21:08:47.107 D/HwWifiCHRStateManager( 1177): handleUpdateChannel:5745
12-14 21:08:47.107 V/HwWifiServiceFactory( 1177): get AllImpl object = com.android.server.wifi.HwWifiServiceFactoryImpl@ba916f3
12-14 21:08:47.109 I/Finsky  ( 4543): [1] com.google.android.finsky.scheduler.JobSchedulerEngine.a(155): Scheduling job Id: 9001, L: 14974, D: 86399974, C: false, I: false, N: 1
12-14 21:08:47.111 D/HuaweiWifiWatchdogStateMachine( 1177): LM mrssi=-45
12-14 21:08:47.111 D/HuaweiWifiWatchdogStateMachine( 1177): 00:08:**:**:23:ca current loss[-45]=0%, volume=17
12-14 21:08:47.111 D/HuaweiWifiWatchdogStateMachine( 1177): 00:08:**:**:23:ca history loss[-45]=0.42%, volume=1071728
12-14 21:08:47.111 I/HuaweiWifiWatchdogStateMachine( 1177): spd good count:0, add sc:0.0, rate:1.0
12-14 21:08:47.111 I/HuaweiWifiWatchdogStateMachine( 1177): current mHighDataFlowRate = 1.0
12-14 21:08:47.111 I/HuaweiWifiWatchdogStateMachine( 1177): POta txb txg rxg:1, 43, 0. Lr =2.27% Totpkt=44
12-14 21:08:47.112 I/zygote64( 3590): Background concurrent copying GC freed 72778(3MB) AllocSpace objects, 13(236KB) LOS objects, 50% free, 9MB/18MB, paused 132us total 215.849ms
12-14 21:08:47.115 E/IPCThreadState( 3590): More than IPC_START_MONITOR_LEVEL, start Monitor
12-14 21:08:47.116 E/IPCThreadState( 3590): More than IPC_START_MONITOR_LEVEL, start Monitor
12-14 21:08:47.117 D/HwArpVerifier( 1177): performPollAndLog:
12-14 21:08:47.119 D/hw_netstat( 1177): total/0/620,com.cootek.smartinputv5/0/516,unknown:0/0/104
12-14 21:08:47.120 W/HwAlarmManagerService( 1177): isContainsAppUidInWorksource-->happend NameNotFoundException
12-14 21:08:47.121 D/WorkSource( 3590): i1=0 i2=0 N1=0: insert 10019 com.google.android.gms
12-14 21:08:47.121 D/WorkSource( 3590): Insert in WorkSource{} @ 0 uid 10019 name com.google.android.gms
12-14 21:08:47.122 D/WorkSource( 3590): i1=1 i2=0 N1=1: insert 10204 com.cootek.smartinputv5
12-14 21:08:47.122 D/WorkSource( 3590): Insert in WorkSource{10019 com.google.android.gms} @ 1 uid 10204 name com.cootek.smartinputv5
12-14 21:08:47.122 W/ProcBatteryStats( 1177): timer is running , not start, name: , uid: 10019, tag: Icing
12-14 21:08:47.123 I/HwAlarmManagerService( 1177): hwSetAlarm listenerTag: *job.delay*
12-14 21:08:47.123 I/InputManager( 1676): new hook event
12-14 21:08:47.123 I/JobScheduler.Time( 1177): mNextDelayExpiredElapsedMillis: 56294291
12-14 21:08:47.126 W/ProcBatteryStats( 1177): timer is running , not start, name: , uid: 10204, tag: Icing
12-14 21:08:47.126 W/ProcBatteryStats( 1177): timer is not running , not stop, name: , uid: 10019, tag: Icing
12-14 21:08:47.123 I/InputManager( 1676): new hook event
12-14 21:08:47.128 D/WorkSource( 3590): i1=0 i2=0 N1=1: insert 10019 com.google.android.gms
12-14 21:08:47.128 D/WorkSource( 3590): Insert in WorkSource{10204 com.cootek.smartinputv5} @ 0 uid 10019 name com.google.android.gms
12-14 21:08:47.129 I/InputManager( 1676): new hook event
12-14 21:08:47.132 W/ProcBatteryStats( 1177): timer is running , not start, name: , uid: 10019, tag: Icing
12-14 21:08:47.132 W/ProcBatteryStats( 1177): timer is not running , not stop, name: , uid: 10204, tag: Icing
12-14 21:08:47.134 W/ProcBatteryStats( 1177): timer is not running , not stop, name: , uid: 10019, tag: Icing
12-14 21:08:47.131 I/chatty  ( 1676): uid=1000(system) HookHub identical 1 line
12-14 21:08:47.134 I/InputManager( 1676): new hook event
12-14 21:08:47.135 E/HuaweiWifiWatchdogStateMachine( 1177):  getQueryTcpResult failed.
12-14 21:08:47.135 D/HuaweiWifiWatchdogStateMachine( 1177): read TCP Result failed. not calc tcp 30s pkt.
12-14 21:08:47.135 I/HuaweiWifiWatchdogStateMachine( 1177): PTcp RTT:0, rtt pkt=0, tcp_rx=0, tcp_tx=0, tcp_reTran=0, rtRate=0
12-14 21:08:47.135 D/HuaweiWifiWatchdogStateMachine( 1177): mRssiBadCount =0, RSSI not bad.
12-14 21:08:47.135 D/HuaweiWifiWatchdogStateMachine( 1177): Inet check network, not get tcp data, skip.
12-14 21:08:47.135 D/HuaweiWifiWatchdogStateMachine( 1177): bqeLevel = 2 rtt=0,rtt_pkts=0 speed=19 rssi=-45
12-14 21:08:47.135 D/HuaweiWifiWatchdogStateMachine( 1177): Enter updateQoeLevel level = 2
12-14 21:08:47.135 D/HuaweiWifiWatchdogStateMachine( 1177): updateQoeLevel current level equal to mLastDetectLevel, return
12-14 21:08:47.135 D/HuaweiWifiWatchdogStateMachine( 1177): did not have any network action
12-14 21:08:47.136 I/InputManager( 1676): new hook event
12-14 21:08:47.146 I/HwInputMethodManagerService( 1177): isFlagExists  value = true, userId = 0
12-14 21:08:47.146 W/InputMethodManagerService( 1177): buildInputMethodListLocked: Skipping IME com.huawei.secime
12-14 21:08:47.146 I/HwInputMethodManagerService( 1177): isSecureIMEExist = true
12-14 21:08:47.149 D/APwSendOutWhitelist( 1676): update app whitelist after pkg installed!
12-14 21:08:47.149 D/PG_DBS_MAIN( 1676): ID_PACKAGE_ADDED, pkgName: com.cootek.smartinputv5, uid: 10207
12-14 21:08:47.149 I/[HwRecSys]PackageRecevier( 3253): PackageReceiver
12-14 21:08:47.149 I/PG_DBS_MAIN( 1676): setProcNetSharedUids, uids: 10032 1000 1001 10012 10036 10005 10025 10027 10019 
12-14 21:08:47.149 I/[HwRecSys]PackageRecevier( 3253): action is: android.intent.action.PACKAGE_REMOVED, pkgcom.cootek.smartinputv5
12-14 21:08:47.153 E/[HwRecSys]PackageRecevier( 3253): pkg is not hiboard or intelligent
12-14 21:08:47.155 I/AppInfoManager( 1676): Write app info to db : com.cootek.smartinputv5 type: 4
12-14 21:08:47.159 I/AppBlackWhitelist( 1676): App Info database change !
12-14 21:08:47.176 D/HwBastetService( 1177): BroadcastReceiver android.intent.action.PACKAGE_ADDED
12-14 21:08:47.176 I/HwDubaiService( 1177): BroadcastReceiver android.intent.action.PACKAGE_ADDED
12-14 21:08:47.176 D/EmcomManagerService( 1177): EmcomManagerReceiver actionandroid.intent.action.PACKAGE_ADDED
12-14 21:08:47.177 D/EmcomManagerService( 1177): doBroadcastMessage  action id: 1
12-14 21:08:47.177 D/EmcomManagerService( 1177): handlerPackageChanged  type = 1 packageName = com.cootek.smartinputv5
12-14 21:08:47.177 D/XEngineProcessor( 1177): handlerPackageChanged  type = 1 packageName = com.cootek.smartinputv5
12-14 21:08:47.177 D/GrabService( 1177): receive package change msg:com.cootek.smartinputv5
12-14 21:08:47.183 I/[SPMN]  ( 1177): insert SECURE -- name = accessibility_enabled, package = android, user = 0, value = 0
12-14 21:08:47.202 D/HwWifiStatStore( 1177): handleMessage : 200
12-14 21:08:47.212 W/ContextImpl( 2539): Calling a method in the system process without a qualified user: android.app.ContextImpl.startService:1656 android.content.ContextWrapper.startService:644 android.content.ContextWrapper.startService:644 com.huawei.systemmanager.antivirus.utils.AntiVirusTools.deleteVirusApk:632 com.huawei.systemmanager.antivirus.AntiVirusReceiver.handlerPackageRemoved:52 
12-14 21:08:47.218 D/WorkSource( 3590): i1=0 i2=0 N1=0: insert 10019 com.google.android.gms
12-14 21:08:47.218 D/WorkSource( 3590): Insert in WorkSource{} @ 0 uid 10019 name com.google.android.gms
12-14 21:08:47.219 D/WorkSource( 3590): i1=1 i2=0 N1=1: insert 10204 com.cootek.smartinputv5
12-14 21:08:47.219 D/WorkSource( 3590): Insert in WorkSource{10019 com.google.android.gms} @ 1 uid 10204 name com.cootek.smartinputv5
12-14 21:08:47.219 W/ProcBatteryStats( 1177): timer is running , not start, name: , uid: 10019, tag: Icing
12-14 21:08:47.220 E//system/bin/storaged(  626): pid_info get_pids failed
12-14 21:08:47.222 W/ProcBatteryStats( 1177): timer is running , not start, name: , uid: 10204, tag: Icing
12-14 21:08:47.222 W/ProcBatteryStats( 1177): timer is not running , not stop, name: , uid: 10019, tag: Icing
12-14 21:08:47.227 I/Telecom-DefaultDialerCache( 1177): Refreshing default dialer for user 0: now com.android.contacts
12-14 21:08:47.234 D/WorkSource( 3590): i1=0 i2=0 N1=1: insert 10019 com.google.android.gms
12-14 21:08:47.234 D/WorkSource( 3590): Insert in WorkSource{10204 com.cootek.smartinputv5} @ 0 uid 10019 name com.google.android.gms
12-14 21:08:47.242 V/PhoneStatusBar( 1491): setLightsOn(true)
12-14 21:08:47.242 W/ProcBatteryStats( 1177): timer is running , not start, name: , uid: 10019, tag: Icing
12-14 21:08:47.242 W/ProcBatteryStats( 1177): timer is not running , not stop, name: , uid: 10204, tag: Icing
12-14 21:08:47.244 I/DisplayPowerController( 1177): mPowerRequest.useSmartBacklight : true
12-14 21:08:47.244 D/WiFi_PRO( 1177): MSG_RETURN_AP_CURRY_RSSI rssi = -45
12-14 21:08:47.244 I/QosMonitor( 1177): queryRtt: rtt_type = 3
12-14 21:08:47.244 I/HwQoEJNI( 1177): send_cmd_kernel. begin
12-14 21:08:47.244 I/HwQoEJNI( 1177): send_cmd_kernel. end
12-14 21:08:47.244 I/QosMonitor( 1177): postEventFromNative: msg=100,arg1=4,arg2=10
12-14 21:08:47.244 I/HwQoEJNI( 1177): send_cmd_kernel. begin
12-14 21:08:47.244 I/HwQoEJNI( 1177): send_cmd_kernel. end
12-14 21:08:47.244 I/QosMonitor( 1177): postEventFromNative: msg=100,arg1=0,arg2=10
12-14 21:08:47.246 V/PhoneStatusBar( 1491): setLightsOn(true)
12-14 21:08:47.247 W/ProcBatteryStats( 1177): timer is not running , not stop, name: , uid: 10019, tag: Icing
12-14 21:08:47.253 I/EventCenter( 1491): ContentChange for slot: 1
12-14 21:08:47.259 W/ContextImpl( 2539): Calling a method in the system process without a qualified user: android.app.ContextImpl.startService:1656 android.content.ContextWrapper.startService:644 com.huawei.systemmanager.spacecleanner.receiver.SpaceCleanReceiver.checkRarelyUsedApp:87 com.huawei.systemmanager.spacecleanner.receiver.SpaceCleanReceiver.doInBackground:39 java.lang.reflect.Method.invoke:-2 
12-14 21:08:47.259 D/HuaweiWifiWatchdogStateMachine( 1177): setSampleRtt: unvalid rtt
12-14 21:08:47.259 I/MQoS    ( 1177): rtt=1220,tcp_tx_pkts=67940,tcp_rx_pkts=88963
12-14 21:08:47.260 I/MQoS    ( 1177): QOS_level:0(0),DataDisable;use level-0
12-14 21:08:47.260 I/EventCenter( 1491): ContentChange for slot: 1
12-14 21:08:47.260 I/chatty  ( 1491): uid=10027(u0_a27) KG_Background_H identical 2 lines
12-14 21:08:47.260 I/EventCenter( 1491): ContentChange for slot: 1
12-14 21:08:47.263 D/SettingsAppWidgetProvider( 1518): enable buttons...
12-14 21:08:47.263 D/SettingsAppWidgetProvider( 1518): buttons enabled!
12-14 21:08:47.263 D/SettingsAppWidgetProvider( 1518): getActualWifiState = 3
12-14 21:08:47.263 I/HwBrightnessUtils( 1491): APS brightness=54.0,ConvertToPercentage=0.40805635
12-14 21:08:47.265 E/HSM     ( 1902): AppCleanUpService:msg is 1
12-14 21:08:47.267 D/WorkSource( 3590): i1=0 i2=0 N1=0: insert 10019 com.google.android.gms
12-14 21:08:47.267 D/WorkSource( 3590): Insert in WorkSource{} @ 0 uid 10019 name com.google.android.gms
12-14 21:08:47.269 I/AppUninstallReceiver( 1658): replaced = true dataRemoved = false
12-14 21:08:47.273 W/BroadcastQueue( 1177): Background execution not allowed: receiving Intent { act=android.intent.action.PACKAGE_REMOVED dat=package:com.cootek.smartinputv5 flg=0x4000010 (has extras) } to com.cootek.smartinputv5/com.cootek.smartinput5.func.ExternalPackageReceiver
12-14 21:08:47.274 W/BroadcastQueue( 1177): Background execution not allowed: receiving Intent { act=android.intent.action.PACKAGE_REMOVED dat=package:com.cootek.smartinputv5 flg=0x4000010 (has extras) } to com.cootek.smartinputv5/com.cootek.smartinput5.func.AttachedPackageReceiver
12-14 21:08:47.274 W/BroadcastQueue( 1177): Background execution not allowed: receiving Intent { act=android.intent.action.PACKAGE_REMOVED dat=package:com.cootek.smartinputv5 flg=0x4000010 (has extras) } to com.cootek.smartinputv5/com.cootek.tpwebcomponent.PackageReceiver
12-14 21:08:47.274 W/BroadcastQueue( 1177): Background execution not allowed: receiving Intent { act=android.intent.action.PACKAGE_REMOVED dat=package:com.cootek.smartinputv5 flg=0x4000010 (has extras) } to com.cootek.smartinputv5/com.mobutils.android.mediation.impl.PackageBroadcastReceiver
12-14 21:08:47.274 W/BroadcastQueue( 1177): Background execution not allowed: receiving Intent { act=android.intent.action.PACKAGE_REMOVED dat=package:com.cootek.smartinputv5 flg=0x4000010 (has extras) } to com.cootek.smartinputv5/com.mobutils.android.mediation.utility.AppInstallReceiver
12-14 21:08:47.274 W/BroadcastQueue( 1177): Background execution not allowed: receiving Intent { act=android.intent.action.PACKAGE_REMOVED dat=package:com.cootek.smartinputv5 flg=0x4000010 (has extras) } to com.facebook.katana/com.facebook.feed.platformads.AppInstallReceiver
12-14 21:08:47.274 W/BroadcastQueue( 1177): Background execution not allowed: receiving Intent { act=android.intent.action.PACKAGE_REMOVED dat=package:com.cootek.smartinputv5 flg=0x4000010 (has extras) } to com.facebook.katana/com.facebook.games.packagecontroller.PackageChangeReceiver
12-14 21:08:47.274 V/BroadcastQueue( 1177): Finished with ordered broadcast BroadcastRecord{c088f09 u0 android.intent.action.PACKAGE_REMOVED}
12-14 21:08:47.278 W/Searchables( 1177): No global search activity found
12-14 21:08:47.280 I/Icing   ( 3590): IndexChimeraService.getServiceInterface callingPackage=com.google.android.gms componentName=AppsCorpus serviceId=36
12-14 21:08:47.280 I/Icing   ( 3590): IndexChimeraService.getServiceInterface callingPackage=com.google.android.gms componentName=AppsCorpus serviceId=32
12-14 21:08:47.308 I/appproc (10245): CLASSPATH=/system/framework/monkey.jar
12-14 21:08:47.309 I/appproc (10245): Command=app_process /system/bin com.android.commands.monkey.Monkey -p com.cootek.test -p com.adroid.mms -p com.cootek.smartinputv5 --throttle 10 --ignore-timeouts --ignore-crashes -s 112 -v 100 
12-14 21:08:47.309 D/AndroidRuntime(10245): >>>>>> START com.android.internal.os.RuntimeInit uid 2000 <<<<<<
12-14 21:08:47.311 I/AndroidRuntime(10245): readDownloadBoosterConfig: 'false'
12-14 21:08:47.311 I/cutils-trace(10245): atrace_init_once, trace_marker_path = /sys/kernel/debug/tracing/trace_marker
12-14 21:08:47.335 W/ContextImpl( 1518): Calling a method in the system process without a qualified user: android.app.ContextImpl.startService:1656 android.content.ContextWrapper.startService:644 android.content.ContextWrapper.startService:644 com.android.settings.applications.BlackListReceiver.onReceive:35 android.app.ActivityThread.handleReceiver:3695 
12-14 21:08:47.338 W/HwLauncher( 1721): get getBundleExtra with downloadtask all return null!
12-14 21:08:47.343 W/Searchables( 1177): No global search activity found
12-14 21:08:47.350 I/Finsky  ( 4543): [1] com.google.android.finsky.p2p.c.a(10): Frosting ID looked up on UI thread. Caller should move to a background thread.
12-14 21:08:47.360 I/HwInputMethodManagerService( 1177): isFlagExists  value = true, userId = 0
12-14 21:08:47.360 W/BroadcastQueue( 1177): Background execution not allowed: receiving Intent { act=android.intent.action.PACKAGE_ADDED dat=package:com.cootek.smartinputv5 flg=0x4000010 (has extras) } to com.autonavi.minimap/.app.update.InstallListener
12-14 21:08:47.360 I/HwInputMethodManagerService( 1177): isFlagExists  value = true, userId = 0
12-14 21:08:47.360 W/InputMethodManagerService( 1177): buildInputMethodListLocked: Skipping IME com.huawei.secime
12-14 21:08:47.360 I/HwInputMethodManagerService( 1177): isSecureIMEExist = true
12-14 21:08:47.361 W/ContextImpl( 1177): Calling a method in the system process without a qualified user: android.app.ContextImpl.startService:1656 com.android.server.security.trustspace.TrustSpaceManagerService.handlePackageAppeared:244 com.android.server.security.trustspace.TrustSpaceManagerService.-wrap5:0 com.android.server.security.trustspace.TrustSpaceManagerService$MyPackageMonitor.onPackageUpdateFinished:175 com.android.internal.content.PackageMonitor.onReceive:333 
12-14 21:08:47.373 I/app_process(10245): Reinit property: dalvik.vm.checkjni= false
12-14 21:08:47.376 W/ActivityManager( 1177): Unable to start service Intent { act=huawei.intent.action.TRUSTSPACE_PACKAGE_ADDED pkg=com.huawei.trustspace (has extras) } U=0: not found
12-14 21:08:47.377 V/HwFrameworkFactory(10245): : successes to get AllImpl object and return....
12-14 21:08:47.377 I/HwLauncher( 1721): Model onPackageChanged packageName = com.cootek.smartinputv5 user = UserHandle{0}
12-14 21:08:47.378 I/HwLauncher( 1721): PowerSaveLauncherModel onPackageChanged packageName = com.cootek.smartinputv5 user = UserHandle{0}
12-14 21:08:47.378 E/HwLauncher( 1721): PowerSaveLauncherModel onPackageChanged:  not inPowerSaveLauncher 
12-14 21:08:47.378 I/HwLauncher( 1721): StreetModeLauncherModel onPackageChanged packageName = com.cootek.smartinputv5 user = UserHandle{0}
12-14 21:08:47.378 E/HwLauncher( 1721): StreetModeLauncherModel onPackageChanged:  not inStreetModeLauncher 
12-14 21:08:47.379 E/AwareLog( 1177): RMS.AwareIntelligentRecg: delete com.cootek.smartinputv5 from iAware.db
12-14 21:08:47.380 I/Finsky  ( 4543): [1] com.google.android.finsky.wear.WearSupportService.onStartCommand(26): Starting WearSupportService for auto_install
12-14 21:08:47.382 I/HWSERVICES(10245): hwnative_get_component_register:libdrmbitmap,JNI
12-14 21:08:47.385 I/HwLauncher( 1721): AllIdleAppsList  updatePackage : package[com.cootek.smartinputv5] matched activity's size is 1 and data List size is 66
12-14 21:08:47.385 I/Finsky  ( 4543): [1] com.google.android.finsky.wear.x.a(18): Connecting to wearable
12-14 21:08:47.386 I/Finsky  ( 4543): [1] com.google.android.finsky.p2p.d.a(2): Wrote row to frosting DB: 481
12-14 21:08:47.392 E/Zygote  (10245): register_com_android_internal_os_Zygote num = 0
12-14 21:08:47.392 I/Icing   ( 3590): Usage reports ok 6, Failed Usage reports 0, indexed 0, rejected 0, imm upload false
12-14 21:08:47.393 I/Auth    ( 3590): [SupervisedAccountIntentOperation] onHandleIntent(): android.intent.action.PACKAGE_ADDED
12-14 21:08:47.393 I/[HwRecSys]PackageRecevier( 3253): PackageReceiver
12-14 21:08:47.394 I/[HwRecSys]PackageRecevier( 3253): action is: android.intent.action.PACKAGE_ADDED, pkgcom.cootek.smartinputv5
12-14 21:08:47.393 I/ChromeSync( 3590): [Sync,SyncIntentOperation] Handling the intent: Intent { act=android.intent.action.PACKAGE_ADDED dat=package:com.cootek.smartinputv5 flg=0x4000010 cmp=com.google.android.gms/.chimera.GmsIntentOperationService (has extras) }.
12-14 21:08:47.394 I/Auth    ( 3590): [SupervisedAccountIntentOperation] This operation is disabled
12-14 21:08:47.396 E/[HwRecSys]PackageRecevier( 3253): pkg is not hiboard or intelligent
12-14 21:08:47.398 D/AndroidRuntime(10245): Calling main entry com.android.commands.monkey.Monkey
12-14 21:08:47.399 W/Monkey  (10245): args: [-p, com.cootek.test, -p, com.adroid.mms, -p, com.cootek.smartinputv5, --throttle, 10, --ignore-timeouts, --ignore-crashes, -s, 112, -v, 100]
12-14 21:08:47.400 W/Monkey  (10245):  arg: "-p"
12-14 21:08:47.400 W/Monkey  (10245):  arg: "com.cootek.test"
12-14 21:08:47.400 W/Monkey  (10245):  arg: "-p"
12-14 21:08:47.400 W/Monkey  (10245):  arg: "com.adroid.mms"
12-14 21:08:47.400 W/Monkey  (10245):  arg: "-p"
12-14 21:08:47.400 W/Monkey  (10245):  arg: "com.cootek.smartinputv5"
12-14 21:08:47.400 W/Monkey  (10245):  arg: "--throttle"
12-14 21:08:47.400 W/Monkey  (10245):  arg: "10"
12-14 21:08:47.400 W/Monkey  (10245):  arg: "--ignore-timeouts"
12-14 21:08:47.400 W/Monkey  (10245):  arg: "--ignore-crashes"
12-14 21:08:47.400 W/Monkey  (10245):  arg: "-s"
12-14 21:08:47.400 W/Monkey  (10245):  arg: "112"
12-14 21:08:47.400 W/Monkey  (10245):  arg: "-v"
12-14 21:08:47.400 W/Monkey  (10245):  arg: "100"
12-14 21:08:47.400 W/Monkey  (10245): data="com.cootek.test"
12-14 21:08:47.401 W/Monkey  (10245): data="com.adroid.mms"
12-14 21:08:47.401 W/Monkey  (10245): data="com.cootek.smartinputv5"
12-14 21:08:47.401 W/Monkey  (10245): arg="--throttle" mCurArgData="null" mNextArg=7 argwas="--throttle" nextarg="10"
12-14 21:08:47.401 W/Monkey  (10245): data="10"
12-14 21:08:47.401 W/Monkey  (10245): arg="--ignore-timeouts" mCurArgData="null" mNextArg=9 argwas="--ignore-timeouts" nextarg="--ignore-crashes"
12-14 21:08:47.401 W/Monkey  (10245): arg="--ignore-crashes" mCurArgData="null" mNextArg=10 argwas="--ignore-crashes" nextarg="-s"
12-14 21:08:47.401 W/Monkey  (10245): data="112"
12-14 21:08:47.409 D/WorkSource( 3590): i1=1 i2=0 N1=1: insert 10204 com.cootek.smartinputv5
12-14 21:08:47.409 D/WorkSource( 3590): Insert in WorkSource{10019 com.google.android.gms} @ 1 uid 10204 name com.cootek.smartinputv5
12-14 21:08:47.409 W/ProcBatteryStats( 1177): timer is running , not start, name: , uid: 10019, tag: Icing
12-14 21:08:47.412 I/Monkey  (10245): :Monkey: seed=112 count=100
12-14 21:08:47.412 I/Monkey  (10245): :AllowPackage: com.adroid.mms
12-14 21:08:47.412 I/Monkey  (10245): :AllowPackage: com.cootek.smartinputv5
12-14 21:08:47.413 I/Monkey  (10245): :AllowPackage: com.cootek.test
12-14 21:08:47.413 I/Monkey  (10245): :IncludeCategory: android.intent.category.LAUNCHER
12-14 21:08:47.413 I/Monkey  (10245): :IncludeCategory: android.intent.category.MONKEY
12-14 21:08:47.414 I/AppManager( 1676): dependence has been existed:4543 -> 3119
12-14 21:08:47.417 I/Icing   ( 3590): Usage reports ok 0, Failed Usage reports 0, indexed 0, rejected 0, imm upload false
12-14 21:08:47.420 D/ActivityManager( 1177): setActivityController mControllerIsAMonkey:true callingPid:10245 callingUid:2000
12-14 21:08:47.421 I/Wear_Controller( 3119): Wear requires a companion app to be installed.
12-14 21:08:47.421 I/WearableService( 3119): onCreate: Wearable Services not starting. Wear is not available on this device.
12-14 21:08:47.430 W/BroadcastQueue( 1177): Skipping deliver [background] BroadcastRecord{63d0a89 u-1 android.net.conn.CONNECTIVITY_CHANGE} to ReceiverList{296a8e 10245 (unknown name)/2000/u-1 remote:add4453}: process gone or crashing
12-14 21:08:47.433 W/WearableService( 3119): onGetService: Wear is not available on this device.
12-14 21:08:47.436 D/HwCust  ( 2539): Create obj success use class com.huawei.systemmanager.netassistant.traffic.datasaver.HwCustDataSaverDataCenterImpl
12-14 21:08:47.444 I/Icing   ( 3590): IndexChimeraService.getServiceInterface callingPackage=com.google.android.gms componentName=AppsCorpus serviceId=36
12-14 21:08:47.445 I/Monkey  (10245): // Event percentages:
12-14 21:08:47.445 I/Monkey  (10245): //   0: 15.0%
12-14 21:08:47.445 I/Monkey  (10245): //   1: 10.0%
12-14 21:08:47.445 I/Monkey  (10245): //   2: 2.0%
12-14 21:08:47.445 I/Monkey  (10245): //   3: 15.0%
12-14 21:08:47.445 I/Monkey  (10245): //   4: -0.0%
12-14 21:08:47.445 I/Monkey  (10245): //   5: -0.0%
12-14 21:08:47.445 I/Monkey  (10245): //   6: 25.0%
12-14 21:08:47.445 I/Monkey  (10245): //   7: 15.0%
12-14 21:08:47.445 I/Monkey  (10245): //   8: 2.0%
12-14 21:08:47.445 I/Monkey  (10245): //   9: 2.0%
12-14 21:08:47.445 I/Monkey  (10245): //   10: 1.0%
12-14 21:08:47.445 I/Monkey  (10245): //   11: 13.0%
12-14 21:08:47.446 I/Monkey  (10245): :Switch: #Intent;action=android.intent.action.MAIN;category=android.intent.category.LAUNCHER;launchFlags=0x10200000;component=com.cootek.test/.MainActivity;end
12-14 21:08:47.447 W/HSM     ( 2539): AppInstallationReceiver:The installed app has already configured. ignore com.cootek.smartinputv5
12-14 21:08:47.448 W/ActivityManager( 1177): Sending non-protected broadcast PACKAGE_ADDED_OR_REMOVED from system 2539:com.huawei.systemmanager/1000 pkg com.huawei.systemmanager
12-14 21:08:47.449 I/ActivityManager( 1177): START u0 {act=android.intent.action.MAIN cat=[android.intent.category.LAUNCHER] flg=0x10200000 cmp=com.cootek.test/.MainActivity} from uid 2000
12-14 21:08:47.450 W/Binder  ( 1177): Outgoing transactions from this process must be FLAG_ONEWAY
12-14 21:08:47.450 W/Binder  ( 1177): java.lang.Throwable
12-14 21:08:47.450 W/Binder  ( 1177): 	at android.os.BinderProxy.transact(Binder.java:737)
12-14 21:08:47.450 W/Binder  ( 1177): 	at android.app.IActivityController$Stub$Proxy.activityStarting(IActivityController.java:172)
12-14 21:08:47.450 W/Binder  ( 1177): 	at com.android.server.am.ActivityStarter.startActivity(ActivityStarter.java:625)
12-14 21:08:47.450 W/Binder  ( 1177): 	at com.android.server.am.ActivityStarter.startActivityLocked(ActivityStarter.java:366)
12-14 21:08:47.450 W/Binder  ( 1177): 	at com.android.server.am.HwActivityStarter.startActivityLocked(HwActivityStarter.java:227)
12-14 21:08:47.450 W/Binder  ( 1177): 	at com.android.server.am.ActivityStarter.startActivityMayWait(ActivityStarter.java:1155)
12-14 21:08:47.450 W/Binder  ( 1177): 	at com.android.server.am.HwActivityStarter.startActivityMayWait(HwActivityStarter.java:372)
12-14 21:08:47.450 W/Binder  ( 1177): 	at com.android.server.am.ActivityManagerService.startActivityAsUser(ActivityManagerService.java:5036)
12-14 21:08:47.450 W/Binder  ( 1177): 	at com.android.server.am.ActivityManagerService.startActivity(ActivityManagerService.java:5003)
12-14 21:08:47.450 W/Binder  ( 1177): 	at android.app.IActivityManager$Stub.onTransact(IActivityManager.java:121)
12-14 21:08:47.450 W/Binder  ( 1177): 	at com.android.server.am.ActivityManagerService.onTransact(ActivityManagerService.java:3285)
12-14 21:08:47.450 W/Binder  ( 1177): 	at com.android.server.am.HwActivityManagerService.onTransact(HwActivityManagerService.java:837)
12-14 21:08:47.450 W/Binder  ( 1177): 	at android.os.Binder.execTransact(Binder.java:675)
12-14 21:08:47.450 I/Monkey  (10245):     // Allowing start of Intent { act=android.intent.action.MAIN cat=[android.intent.category.LAUNCHER] cmp=com.cootek.test/.MainActivity } in package com.cootek.test
12-14 21:08:47.451 E/Finsky  ( 4543): [1] com.google.android.finsky.wear.y.a(3): onConnectionFailed: ConnectionResult{statusCode=API_UNAVAILABLE, resolution=null, message=null}
12-14 21:08:47.451 I/ActivityManager( 1177): ActivityRecord info: ActivityInfo{483178c com.cootek.test.MainActivity}
12-14 21:08:47.451 W/Finsky  ( 4543): [1] com.google.android.finsky.wear.x.b(31): GoogleApiClient instance is not connected when requested
12-14 21:08:47.452 W/Finsky  ( 4543): [1] com.google.android.finsky.wear.do.run(16): Dropping command=auto_install due to Gms not connected
12-14 21:08:47.452 I/Finsky  ( 4543): [1] com.google.android.finsky.wear.WearSupportService.b(66): Stopping WearSupportService
12-14 21:08:47.459 V/PhoneStatusBar( 1491): setLightsOn(true)
12-14 21:08:47.462 I/PGServer( 1676): android calls fast hibernateApps
12-14 21:08:47.462 I/AppFastHibernation( 1676): fast hibernate duration: 1500 reason: start activity
12-14 21:08:47.462 I/Pged-IPgedBinderService(  633): ****action is 1, pid num is 6***
12-14 21:08:47.463 I/Pged-Freezer(  633): freezePids
12-14 21:08:47.463 I/Pged-Freezer(  633): Freeze process: 9180
12-14 21:08:47.463 I/Pged-Freezer(  633): Freeze process: 5565
12-14 21:08:47.463 I/Pged-Freezer(  633): Freeze process: 8249
12-14 21:08:47.463 I/Pged-Freezer(  633): Freeze process: 8392
12-14 21:08:47.464 I/Pged-Freezer(  633): Freeze process: 8409
12-14 21:08:47.464 D/PgedBinderAdapter( 1676): frz ok, pid: [9180, 5565, 8249, 8392, 8409]
12-14 21:08:47.464 E/Input   (10245): getAxisValue(): x--1.0-0.0--1.0
12-14 21:08:47.464 E/Input   (10245): getAxisValue(): y--5.0-0.0--5.0
12-14 21:08:47.464 I/Monkey  (10245): :Sending Trackball (ACTION_MOVE): 0:(-1.0,-5.0)
12-14 21:08:47.466 I/Icing   ( 3590): IndexChimeraService.getServiceInterface callingPackage=com.google.android.gms componentName=AppsCorpus serviceId=32
12-14 21:08:47.468 W/ContextImpl( 2539): Calling a method in the system process without a qualified user: android.app.ContextImpl.startService:1656 android.content.ContextWrapper.startService:644 android.content.ContextWrapper.startService:644 com.huawei.systemmanager.antivirus.utils.AntiVirusTools.checkVirusForNewInstalledApk:620 com.huawei.systemmanager.antivirus.AntiVirusReceiver.onReceive:36 
12-14 21:08:47.470 W/HSM     ( 1902): TencentAntiVirusEngine:initQScanner: Already initialized ,skip
12-14 21:08:47.471 D/KeyEvent( 1177): obtain, mHwFlags=0
12-14 21:08:47.471 D/HwCustPhoneWindowManager( 1177): answer call by keyCode = 23, down = true, isSupVolumnkeyAnswerCall = false
12-14 21:08:47.471 D/WindowManager( 1177): interceptKeyBeforeQueueing: key 23 , result : 1
12-14 21:08:47.472 D/KeyEvent( 1177): obtain, mHwFlags=216834256
12-14 21:08:47.473 D/HwGameAssistantController( 1177): Keycontrol mode is 2 for user 0
12-14 21:08:47.473 D/HwPhoneWindowManager( 1177): deviceId:-1 mFingerPrintId:0 isGameKeyControlOn:false,EnableKey=false,mLastKeyDownDropped=false
12-14 21:08:47.473 I/InputDispatcher( 1177): touch process [8771], send to pg
12-14 21:08:47.478 W/ContextImpl( 2539): Calling a method in the system process without a qualified user: android.app.ContextImpl.startService:1656 android.content.ContextWrapper.startService:644 com.huawei.systemmanager.spacecleanner.receiver.SpaceCleanReceiver.checkRarelyUsedApp:87 com.huawei.systemmanager.spacecleanner.receiver.SpaceCleanReceiver.doInBackground:39 java.lang.reflect.Method.invoke:-2 
12-14 21:08:47.480 E/HSM     ( 1902): AppCleanUpService:msg is 0
12-14 21:08:47.480 W/BroadcastQueue( 1177): Background execution not allowed: receiving Intent { act=android.intent.action.PACKAGE_ADDED dat=package:com.cootek.smartinputv5 flg=0x4000010 (has extras) } to com.svox.pico/.VoiceDataInstallerReceiver
12-14 21:08:47.481 W/BroadcastQueue( 1177): Background execution not allowed: receiving Intent { act=android.intent.action.PACKAGE_ADDED dat=package:com.cootek.smartinputv5 flg=0x4000010 (has extras) } to com.facebook.katana/com.facebook.feed.platformads.AppInstallReceiver
12-14 21:08:47.481 W/BroadcastQueue( 1177): Background execution not allowed: receiving Intent { act=android.intent.action.PACKAGE_ADDED dat=package:com.cootek.smartinputv5 flg=0x4000010 (has extras) } to com.facebook.katana/com.facebook.games.packagecontroller.PackageChangeReceiver
12-14 21:08:47.481 V/BroadcastQueue( 1177): Finished with ordered broadcast BroadcastRecord{52fd50e u0 android.intent.action.PACKAGE_ADDED}
12-14 21:08:47.484 E/Input   ( 8771): getAxisValue(): x--3.0-0.0--3.0
12-14 21:08:47.484 E/Input   ( 8771): getAxisValue(): y--5.0-0.0--5.0
12-14 21:08:47.485 D/KeyEvent( 1177): obtain, mHwFlags=0
12-14 21:08:47.485 D/KeyEvent( 8771): obtain, mHwFlags=-331029
12-14 21:08:47.485 D/KeyEvent( 1177): obtain, mHwFlags=0
12-14 21:08:47.485 D/KeyEvent( 3401): obtain, mHwFlags=0
12-14 21:08:47.485 I/chatty  ( 3401): uid=10054(u0_a54) com.baidu.input_huawei identical 8 lines
12-14 21:08:47.485 D/KeyEvent( 3401): obtain, mHwFlags=0
12-14 21:08:47.486 W/HSM     ( 2539): UnifiedPowerAppControl:com.cootek.smartinputv5 already exist!
12-14 21:08:47.486 D/KeyEvent( 1177): obtain, mHwFlags=0
12-14 21:08:47.486 D/HwCustPhoneWindowManager( 1177): answer call by keyCode = 23, down = false, isSupVolumnkeyAnswerCall = false
12-14 21:08:47.486 D/WindowManager( 1177): interceptKeyBeforeQueueing: key 23 , result : 1
12-14 21:08:47.486 D/KeyEvent( 1177): obtain, mHwFlags=216834256
12-14 21:08:47.486 D/Facemoji( 3401): LatinManager=>onUpdateSelection : oldSelStart = [7], oldSelEnd = [7], newSelStart = [0], newSelEnd = [0], composingSpanStart = [-1], composingSpanEnd = [-1]
12-14 21:08:47.486 D/HwGameAssistantController( 1177): Keycontrol mode is 2 for user 0
12-14 21:08:47.486 D/HwPhoneWindowManager( 1177): deviceId:-1 mFingerPrintId:0 isGameKeyControlOn:false,EnableKey=false,mLastKeyDownDropped=false
12-14 21:08:47.487 D/KeyEvent( 8771): obtain, mHwFlags=-331029
12-14 21:08:47.487 D/KeyEvent( 1177): obtain, mHwFlags=0
12-14 21:08:47.487 D/KeyEvent( 1177): obtain, mHwFlags=0
12-14 21:08:47.498 D/KeyEvent( 1177): obtain, mHwFlags=0
12-14 21:08:47.498 D/HwCustPhoneWindowManager( 1177): answer call by keyCode = 23, down = true, isSupVolumnkeyAnswerCall = false
12-14 21:08:47.498 D/WindowManager( 1177): interceptKeyBeforeQueueing: key 23 , result : 1
12-14 21:08:47.498 D/KeyEvent( 1177): obtain, mHwFlags=216834256
12-14 21:08:47.499 D/HwPhoneWindowManager( 1177): deviceId:-1 mFingerPrintId:0 isGameKeyControlOn:false,EnableKey=false,mLastKeyDownDropped=false
12-14 21:08:47.500 I/Icing   ( 3590): Usage reports ok 0, Failed Usage reports 0, indexed 0, rejected 0, imm upload false
12-14 21:08:47.509 I/Facemoji( 3401): LatinManager=>invalidatedKeyboard : keyboardExtId = [2]
12-14 21:08:47.509 I/wangchen( 3401): KeymapLoader.loadDataById: Global.portrait true, res orientation 1
12-14 21:08:47.510 I/KeymapLoader( 3401): s=0 scale=3.3 self=3.3
12-14 21:08:47.510 I/KeymapLoader( 3401): scaleRes:1.0
12-14 21:08:47.510 I/KeymapLoader( 3401): skin scale=1.0 scaleRes=1.0
12-14 21:08:47.518 I/Icing   ( 3590): Usage reports ok 0, Failed Usage reports 0, indexed 0, rejected 0, imm upload false
12-14 21:08:47.550 I/IFontSizeSetting( 3401): setCandParm getCandStyleParam success
12-14 21:08:47.550 I/IFontSizeSetting( 3401): fontsize 60
12-14 21:08:47.550 I/IFontSizeSetting( 3401): before fontDefSize 60 is DualCand false
12-14 21:08:47.550 I/IFontSizeSetting( 3401): getFontSizePx 1 originalFontSize 60
12-14 21:08:47.550 I/IFontSizeSetting( 3401): after fontDefSize 60
12-14 21:08:47.569 D/KeyEvent( 3401): obtain, mHwFlags=0
12-14 21:08:47.570 E/AutofillSession( 1177): Not starting a new partition on 1073741834 because session -1250714101 reached maximum of 10
12-14 21:08:47.571 D/KeyEvent( 8771): obtain, mHwFlags=-331029
12-14 21:08:47.571 D/KeyEvent( 1177): obtain, mHwFlags=0
12-14 21:08:47.571 D/KeyEvent( 1177): obtain, mHwFlags=0
12-14 21:08:47.571 I/wangchen( 3401): ImeService.onEvaluateFullscreenMode: super function define fullscreen return false
12-14 21:08:47.571 D/KeyEvent( 1177): obtain, mHwFlags=0
12-14 21:08:47.571 D/HwCustPhoneWindowManager( 1177): answer call by keyCode = 23, down = false, isSupVolumnkeyAnswerCall = false
12-14 21:08:47.572 D/WindowManager( 1177): interceptKeyBeforeQueueing: key 23 , result : 1
12-14 21:08:47.572 D/KeyEvent( 3401): obtain, mHwFlags=0
12-14 21:08:47.572 D/KeyEvent( 1177): obtain, mHwFlags=216834256
12-14 21:08:47.573 D/HwGameAssistantController( 1177): Keycontrol mode is 2 for user 0
12-14 21:08:47.573 D/HwPhoneWindowManager( 1177): deviceId:-1 mFingerPrintId:0 isGameKeyControlOn:false,EnableKey=false,mLastKeyDownDropped=false
12-14 21:08:47.573 D/KeyEvent( 1177): obtain, mHwFlags=0
12-14 21:08:47.573 D/KeyEvent( 1177): obtain, mHwFlags=0
12-14 21:08:47.573 D/KeyEvent( 8771): obtain, mHwFlags=-331029
12-14 21:08:47.574 D/KeyEvent( 3401): obtain, mHwFlags=0
12-14 21:08:47.575 E/AutofillSession( 1177): Not starting a new partition on 1073741834 because session -1250714101 reached maximum of 10
12-14 21:08:47.576 I/wangchen( 3401): ImeService.onEvaluateFullscreenMode: super function define fullscreen return false
12-14 21:08:47.583 W/commands.monkey(10245): type=1400 audit(0.0:162): avc: denied { read } for name="u:object_r:mmi_prop:s0" dev="tmpfs" ino=3463 scontext=u:r:shell:s0 tcontext=u:object_r:mmi_prop:s0 tclass=file permissive=0
12-14 21:08:47.586 E/libc    (10245): Access denied finding property "runtime.mmitest.isrunning"
12-14 21:08:47.586 W/HSM     ( 1902): PushFileProvider:file does not exist which uri is content://com.huawei.systemmanager.push.provider/HwSystemManager/hsm_virus_pkgs.xml
12-14 21:08:47.586 E/HSM     ( 1902): VirusPkgParser:parse InputStream is null
12-14 21:08:47.587 I/Monkey  (10245): :Sending Touch (ACTION_DOWN): 0:(919.0,518.0)
12-14 21:08:47.588 I/PressGestureDetector( 8771): mDecorView.getParent(): android.widget.FrameLayout{5e2a335 V.E...... ......I. 15,165-1065,761 #1020011 android:id/tabcontent} mDecorView.getViewRootImpl(): android.view.ViewRootImpl@f37d3ca
12-14 21:08:47.590 I/Monkey  (10245): :Sending Touch (ACTION_UP): 0:(917.61566,511.8127)
12-14 21:08:47.591 I/PressGestureDetector( 8771): mDecorView.getParent(): android.widget.FrameLayout{5e2a335 V.E...... ......I. 15,165-1065,761 #1020011 android:id/tabcontent} mDecorView.getViewRootImpl(): android.view.ViewRootImpl@f37d3ca
12-14 21:08:47.592 E/AutofillSession( 1177): Not starting a new partition on 1073741833 because session -1250714101 reached maximum of 10
12-14 21:08:47.592 W/InputMethodManager( 8771): startInputReason = 4
12-14 21:08:47.593 D/HwInputMethodManagerService( 1177): ------------startInput--------------
12-14 21:08:47.593 D/HwSecImmHelper( 1177): isPasswordInputType = false, inputType = 3
12-14 21:08:47.593 D/HwInputMethodManagerService( 1177): hideSecSoftInput = false
12-14 21:08:47.594 I/Facemoji( 3401): LatinManager=>onFinishInput
12-14 21:08:47.595 W/libEGL  ( 3401): EGLNativeWindowType 0xc6fb5008 disconnect failed
12-14 21:08:47.596 V/WindowManager( 1177): removeIfPossible: Window{a0d0f0d u0 PopupWindow:fa226ae} callers=com.android.server.wm.WindowState.removeIfPossible:1914 com.android.server.wm.WindowManagerService.removeWindow:2031 com.android.server.wm.Session.remove:218 android.view.IWindowSession$Stub.onTransact:242 com.android.server.wm.Session.onTransact:161 
12-14 21:08:47.596 I/WindowManager( 1177): Destroying surface Surface(name=PopupWindow:fa226ae) called by com.android.server.wm.WindowStateAnimator.destroySurface:2072 com.android.server.wm.WindowStateAnimator.destroySurfaceLocked:884 com.android.server.wm.HwWindowStateAnimator.destroySurfaceLocked:1006 com.android.server.wm.WindowState.removeImmediately:1899 com.android.server.wm.WindowState.removeIfPossible:2051 com.android.server.wm.WindowState.removeIfPossible:1914 com.android.server.wm.WindowManagerService.removeWindow:2031 com.android.server.wm.Session.remove:218 
12-14 21:08:47.596 V/WindowManager( 1177): postWindowRemoveCleanupLocked: Window{a0d0f0d u0 PopupWindow:fa226ae}
12-14 21:08:47.596 V/WindowManager( 1177): Removing Window{a0d0f0d u0 PopupWindow:fa226ae} from WindowToken{75f964b android.os.Binder@8a30df1}
12-14 21:08:47.597 V/PhoneStatusBar( 1491): setLightsOn(true)
12-14 21:08:47.600 I/wangchen( 3401): SysInfo.getSysParam: orientation=1||config d=3.0,w=1080,h=1808||metrics d=3.0,w=1080,h=1808||sdk=26,bar_h=72
12-14 21:08:47.600 I/KeymapLoader( 3401): w=1080 h=1808 ori=true appScale=3.3 s1=3.0
12-14 21:08:47.600 V/WindowManager( 1177): Adding Window{855a19a u0 PopupWindow:6c3d693} to Window{e7dc5e0 u0 com.cootek.test/com.cootek.test.MainActivity}
12-14 21:08:47.601 I/KeymapLoader( 3401): appScale=3.3 selfScale=3.3 3.3
12-14 21:08:47.601 V/WindowManager( 1177): addWindow: New client android.os.BinderProxy@5e2c645: window=Window{855a19a u0 PopupWindow:6c3d693} Callers=com.android.server.wm.HwWindowManagerService.addWindow:574 com.android.server.wm.Session.addToDisplay:199 android.view.IWindowSession$Stub.onTransact:124 com.android.server.wm.Session.onTransact:161 android.os.Binder.execTransact:675 
12-14 21:08:47.602 I/wangchen( 3401): KeymapLoader.loadDataById: Global.portrait true, res orientation 1
12-14 21:08:47.603 I/KeymapLoader( 3401): s=0 scale=3.3 self=3.3
12-14 21:08:47.603 I/KeymapLoader( 3401): scaleRes:1.0
12-14 21:08:47.603 I/KeymapLoader( 3401): skin scale=1.0 scaleRes=1.0
12-14 21:08:47.604 I/Monkey  (10245): :Sending Touch (ACTION_DOWN): 0:(308.0,1292.0)
12-14 21:08:47.606 I/Monkey  (10245): :Sending Touch (ACTION_UP): 0:(311.92126,1303.3973)
12-14 21:08:47.616 V/PhoneStatusBar( 1491): setLightsOn(true)
12-14 21:08:47.619 D/KeyEvent( 1177): obtain, mHwFlags=0
12-14 21:08:47.619 V/PhoneStatusBar( 1491): setLightsOn(true)
12-14 21:08:47.619 D/HwCustPhoneWindowManager( 1177): answer call by keyCode = 213, down = true, isSupVolumnkeyAnswerCall = false
12-14 21:08:47.620 D/WindowManager( 1177): interceptKeyBeforeQueueing: key 213 , result : 1
12-14 21:08:47.620 W/WindowManager( 1177): EGLdebug Created surface WindowStateAnimator{aceeacb PopupWindow:6c3d693}
12-14 21:08:47.620 D/KeyEvent( 1177): obtain, mHwFlags=216834256
12-14 21:08:47.621 D/HwGameAssistantController( 1177): Keycontrol mode is 2 for user 0
12-14 21:08:47.621 D/HwPhoneWindowManager( 1177): deviceId:-1 mFingerPrintId:0 isGameKeyControlOn:false,EnableKey=false,mLastKeyDownDropped=false
12-14 21:08:47.622 V/PhoneStatusBar( 1491): setLightsOn(true)
12-14 21:08:47.622 D/KeyEvent( 1177): obtain, mHwFlags=0
12-14 21:08:47.622 D/KeyEvent( 1177): obtain, mHwFlags=0
12-14 21:08:47.622 D/KeyEvent( 1177): obtain, mHwFlags=0
12-14 21:08:47.623 D/HwCustPhoneWindowManager( 1177): answer call by keyCode = 213, down = false, isSupVolumnkeyAnswerCall = false
12-14 21:08:47.623 D/WindowManager( 1177): interceptKeyBeforeQueueing: key 213 , result : 1
12-14 21:08:47.623 D/KeyEvent( 1177): obtain, mHwFlags=216834256
12-14 21:08:47.623 D/KeyEvent( 8771): obtain, mHwFlags=-331029
12-14 21:08:47.625 D/HwPhoneWindowManager( 1177): deviceId:-1 mFingerPrintId:0 isGameKeyControlOn:false,EnableKey=false,mLastKeyDownDropped=false
12-14 21:08:47.626 I/IFontSizeSetting( 3401): setCandParm getCandStyleParam success
12-14 21:08:47.626 I/IFontSizeSetting( 3401): fontsize 60
12-14 21:08:47.626 I/IFontSizeSetting( 3401): before fontDefSize 60 is DualCand false
12-14 21:08:47.626 I/IFontSizeSetting( 3401): getFontSizePx 1 originalFontSize 60
12-14 21:08:47.627 I/IFontSizeSetting( 3401): after fontDefSize 60
12-14 21:08:47.632 I/GRALLOC (  528): 	 shrFd=10,fmt=0x1,intFmt=0x1,btStrd=512,size=61440,pid=528 
12-14 21:08:47.632 I/GRALLOC (  528): 	 yuv=2,w=120,h=120,Stride u=0 v=0,offset u=0 v=0 
12-14 21:08:47.632 I/GRALLOC (  528): 	 iova_size=61440,conUsg=0x906,proUsg=0x966,	 strd=128,[afbc]HdrStrd=0 PyldStrd=0 Scrmbl=0,ionhnd = 1 
12-14 21:08:47.634 D/WindowManager( 1177): finishDrawingWindow: Window{855a19a u0 PopupWindow:6c3d693} mDrawState=DRAW_PENDING
12-14 21:08:47.636 V/PhoneStatusBar( 1491): setLightsOn(true)
12-14 21:08:47.638 V/PhoneStatusBar( 1491): setLightsOn(true)
12-14 21:08:47.647 I/wangchen( 3401): ImeService.onEvaluateFullscreenMode: super function define fullscreen return false
12-14 21:08:47.647 I/wangchen( 3401): com.baidu.input.manager.m apply, has in db mode - false, is db mode - false
12-14 21:08:47.647 I/wangchen( 3401): com.baidu.input.manager.k apply, has in db mode - false, is db mode - false
12-14 21:08:47.648 I/Facemoji( 3401): LatinManager=>onStartInput : editorInfo = [android.view.inputmethod.EditorInfo@5a76b70], restarting = [false]
12-14 21:08:47.649 D/Facemoji( 3401): RichInputConnection=>tryFixLyingCursorPosition textBeforeCursor = , selectedText = null, mExpectedSelEnd = 0, mExpectedSelStart = 0
12-14 21:08:47.649 D/Facemoji( 3401): RichInputConnection=>mExpectedSelEnd = 0, mExpectedSelStart = 0
12-14 21:08:47.652 V/PhoneStatusBar( 1491): setLightsOn(true)
12-14 21:08:47.654 I/Icing   ( 3590): IndexChimeraService.getServiceInterface callingPackage=com.google.android.gms componentName=AppsCorpus serviceId=36
12-14 21:08:47.655 I/Icing   ( 3590): IndexChimeraService.getServiceInterface callingPackage=com.google.android.gms componentName=AppsCorpus serviceId=32
12-14 21:08:47.667 D/Facemoji( 3401): RichInputConnection=>tryFixLyingCursorPosition textBeforeCursor = )9)9)9)92)92)92)922, selectedText = null, mExpectedSelEnd = 19, mExpectedSelStart = 19
12-14 21:08:47.667 D/Facemoji( 3401): RichInputConnection=>mExpectedSelEnd = 19, mExpectedSelStart = 19
12-14 21:08:47.667 I/Facemoji( 3401): LatinManager=>invalidatedKeyboard : keyboardExtId = [0]
12-14 21:08:47.668 I/wangchen( 3401): KeymapLoader.loadDataById: Global.portrait true, res orientation 1
12-14 21:08:47.668 I/KeymapLoader( 3401): s=0 scale=3.3 self=3.3
12-14 21:08:47.669 I/KeymapLoader( 3401): scaleRes:1.0
12-14 21:08:47.669 I/KeymapLoader( 3401): skin scale=1.0 scaleRes=1.0
12-14 21:08:47.672 I/Icing   ( 3590): Usage reports ok 0, Failed Usage reports 0, indexed 0, rejected 0, imm upload false
12-14 21:08:47.678 I/IFontSizeSetting( 3401): setCandParm getCandStyleParam success
12-14 21:08:47.678 I/IFontSizeSetting( 3401): fontsize 60
12-14 21:08:47.678 I/IFontSizeSetting( 3401): before fontDefSize 60 is DualCand false
12-14 21:08:47.678 I/IFontSizeSetting( 3401): getFontSizePx 1 originalFontSize 60
12-14 21:08:47.678 I/IFontSizeSetting( 3401): after fontDefSize 60
12-14 21:08:47.680 I/Icing   ( 3590): Usage reports ok 0, Failed Usage reports 0, indexed 0, rejected 0, imm upload false
12-14 21:08:47.696 I/Facemoji( 3401): LatinManager=>onPressKey : primaryCode = [50], repeatCount = [0], isSinglePointer = [true]
12-14 21:08:47.697 D/OpenGLRenderer( 3401):   HWUI Binary is  enabled
12-14 21:08:47.698 V/WindowManager( 1177): Adding Window{f5f68a7 u0 PopupWindow:983ddc8} to Window{a57cb1a u0 InputMethod}
12-14 21:08:47.699 V/WindowManager( 1177): addWindow: New client android.os.BinderProxy@4dc3d66: window=Window{f5f68a7 u0 PopupWindow:983ddc8} Callers=com.android.server.wm.HwWindowManagerService.addWindow:574 com.android.server.wm.Session.addToDisplay:199 android.view.IWindowSession$Stub.onTransact:124 com.android.server.wm.Session.onTransact:161 android.os.Binder.execTransact:675 
12-14 21:08:47.699 I/Facemoji( 3401): LatinManager=>onInput : key = [KeyExt{mCode=50, mLabel='2', mHintLabel='null', mWidth=260, mHeight=130, mX=295, mY=25, mHitBox=Rect(288, 25 - 562, 181), mMoreKeys=null, mKey=2 295,25 260x130}], x = [311], y = [136], isKeyRepeat = [false]
12-14 21:08:47.699 D/Facemoji( 3401): InputLogic=>onCodeInput
12-14 21:08:47.700 D/Facemoji( 3401): InputLogic=>handleNonFunctionalEvent: codePoint = 50
12-14 21:08:47.700 D/Facemoji( 3401): InputLogic=>handleNonSpecialCharacterEvent : codePoint = 50, inputTransaction.mSpaceState = 0
12-14 21:08:47.700 D/Facemoji( 3401): InputLogic=>handleNonSeparatorEvent : isComposingWord = false, currentLanguageHasSpacestrue
12-14 21:08:47.700 D/Facemoji( 3401): InputLogic=>beforeCursorWord[922], isComposingWord[false]
12-14 21:08:47.700 D/KeyEvent( 3401): obtain, mHwFlags=0
12-14 21:08:47.701 D/KeyEvent( 1177): obtain, mHwFlags=-56
12-14 21:08:47.701 D/KeyEvent( 1177): obtain, mHwFlags=0
12-14 21:08:47.701 D/KeyEvent( 1177): obtain, mHwFlags=0
12-14 21:08:47.702 V/PhoneStatusBar( 1491): setLightsOn(true)
